Component: Arm Compiler for Embedded 6.23 Tool: armlink [5f102400]

==============================================================================

Section Cross References

    main.o(.text.system_init) refers to ti_msp_dl_config.o(.text.SYSCFG_DL_init) for SYSCFG_DL_init
    main.o(.text.system_init) refers to beep.o(.text.beep_init) for beep_init
    main.o(.text.system_init) refers to systick.o(.text.systick_init) for systick_init
    main.o(.ARM.exidx.text.system_init) refers to main.o(.text.system_init) for [Anonymous Symbol]
    main.o(.text.main_task_init) refers to ui_app.o(.text.menu_init_and_create) for menu_init_and_create
    main.o(.text.main_task_init) refers to car_controller.o(.text.car_init) for car_init
    main.o(.text.main_task_init) refers to gray_detection_app.o(.text.gray_detection_init) for gray_detection_init
    main.o(.text.main_task_init) refers to periodic_event_task.o(.text.create_periodic_event_task) for create_periodic_event_task
    main.o(.text.main_task_init) refers to wit_jyxx.o(.data.jy901s) for jy901s
    main.o(.ARM.exidx.text.main_task_init) refers to main.o(.text.main_task_init) for [Anonymous Symbol]
    main.o(.text.test_task) refers to beep.o(.text.play_music) for play_music
    main.o(.text.test_task) refers to beep.o(.data.music_example_2_size) for music_example_2_size
    main.o(.text.test_task) refers to beep.o(.rodata.music_example_2) for music_example_2
    main.o(.ARM.exidx.text.test_task) refers to main.o(.text.test_task) for [Anonymous Symbol]
    main.o(.text.main) refers to ti_msp_dl_config.o(.text.SYSCFG_DL_init) for SYSCFG_DL_init
    main.o(.text.main) refers to beep.o(.text.beep_init) for beep_init
    main.o(.text.main) refers to systick.o(.text.systick_init) for systick_init
    main.o(.text.main) refers to ui_app.o(.text.menu_init_and_create) for menu_init_and_create
    main.o(.text.main) refers to car_controller.o(.text.car_init) for car_init
    main.o(.text.main) refers to gray_detection_app.o(.text.gray_detection_init) for gray_detection_init
    main.o(.text.main) refers to periodic_event_task.o(.text.create_periodic_event_task) for create_periodic_event_task
    main.o(.text.main) refers to periodic_event_task.o(.text.periodic_event_task_process) for periodic_event_task_process
    main.o(.text.main) refers to wit_jyxx.o(.data.jy901s) for jy901s
    main.o(.ARM.exidx.text.main) refers to main.o(.text.main) for [Anonymous Symbol]
    main.o(.text.HardFault_Handler) refers to alert.o(.text.play_alert_blocking) for play_alert_blocking
    main.o(.ARM.exidx.text.HardFault_Handler) refers to main.o(.text.HardFault_Handler) for [Anonymous Symbol]
    periodic_event_task.o(.text.debug_task) refers to car_debug.o(.text.debug_speed_pid) for debug_speed_pid
    periodic_event_task.o(.ARM.exidx.text.debug_task) refers to periodic_event_task.o(.text.debug_task) for [Anonymous Symbol]
    periodic_event_task.o(.text.create_periodic_event_task) refers to systick.o(.text.get_ms) for get_ms
    periodic_event_task.o(.text.create_periodic_event_task) refers to periodic_event_task.o(.data.period_tasks) for period_tasks
    periodic_event_task.o(.ARM.exidx.text.create_periodic_event_task) refers to periodic_event_task.o(.text.create_periodic_event_task) for [Anonymous Symbol]
    periodic_event_task.o(.text.periodic_event_task_process) refers to systick.o(.text.get_ms) for get_ms
    periodic_event_task.o(.text.periodic_event_task_process) refers to periodic_event_task.o(.data.period_tasks) for period_tasks
    periodic_event_task.o(.ARM.exidx.text.periodic_event_task_process) refers to periodic_event_task.o(.text.periodic_event_task_process) for [Anonymous Symbol]
    periodic_event_task.o(.text.enable_periodic_task) refers to systick.o(.text.get_ms) for get_ms
    periodic_event_task.o(.text.enable_periodic_task) refers to periodic_event_task.o(.data.period_tasks) for period_tasks
    periodic_event_task.o(.ARM.exidx.text.enable_periodic_task) refers to periodic_event_task.o(.text.enable_periodic_task) for [Anonymous Symbol]
    periodic_event_task.o(.text.disable_periodic_task) refers to periodic_event_task.o(.data.period_tasks) for period_tasks
    periodic_event_task.o(.ARM.exidx.text.disable_periodic_task) refers to periodic_event_task.o(.text.disable_periodic_task) for [Anonymous Symbol]
    periodic_event_task.o(.data.period_tasks) refers to multi_button.o(.text.button_ticks) for button_ticks
    periodic_event_task.o(.data.period_tasks) refers to ui_logic.o(.text.oled_menu_tick) for oled_menu_tick
    periodic_event_task.o(.data.period_tasks) refers to periodic_event_task.o(.text.debug_task) for debug_task
    periodic_event_task.o(.data.period_tasks) refers to alert.o(.text.alert_ticks) for alert_ticks
    periodic_event_task.o(.data.period_tasks) refers to car_state_machine.o(.text.car_state_machine) for car_state_machine
    periodic_event_task.o(.data.period_tasks) refers to car_controller.o(.text.car_task) for car_task
[...]
    button_ticks                             0x00003b2d   Thumb Code   552  multi_button.o(.text.button_ticks)
    car_debug_init                           0x00003d59   Thumb Code     2  car_debug.o(.text.car_debug_init)
    car_init                                 0x00003d5d   Thumb Code   120  car_controller.o(.text.car_init)
    car_move_cm                              0x00003dd5   Thumb Code   304  car_controller.o(.text.car_move_cm)
    car_move_until                           0x00003f09   Thumb Code   368  car_controller.o(.text.car_move_until)
    car_path_init                            0x000040a1   Thumb Code   388  car_state_machine.o(.text.car_path_init)
    car_pid_init                             0x00004229   Thumb Code   172  car_pid.o(.text.car_pid_init)
    car_reset                                0x0000430d   Thumb Code   104  car_controller.o(.text.car_reset)
    car_state_machine                        0x0000438d   Thumb Code   584  car_state_machine.o(.text.car_state_machine)
    car_task                                 0x000045e1   Thumb Code   240  car_controller.o(.text.car_task)
    create_oled_menu                         0x000046fd   Thumb Code    36  ui_logic.o(.text.create_oled_menu)
    create_periodic_event_task               0x0000472d   Thumb Code    24  periodic_event_task.o(.text.create_periodic_event_task)
    debug_speed_pid                          0x00004749   Thumb Code    28  car_debug.o(.text.debug_speed_pid)
    debug_task                               0x0000476d   Thumb Code     8  periodic_event_task.o(.text.debug_task)
    delay_ms                                 0x00004775   Thumb Code    24  delay.o(.text.delay_ms)
    delay_us                                 0x00004791   Thumb Code    34  delay.o(.text.delay_us)
    draw_enhanced_empty_message              0x000047b5   Thumb Code   312  ui_drawing.o(.text.draw_enhanced_empty_message)
    draw_enhanced_normal_menu_content        0x000048ed   Thumb Code   520  ui_drawing.o(.text.draw_enhanced_normal_menu_content)
    draw_enhanced_scrollbar                  0x00004b29   Thumb Code   308  ui_drawing.o(.text.draw_enhanced_scrollbar)
    draw_enhanced_status_bar                 0x00004c61   Thumb Code   400  ui_drawing.o(.text.draw_enhanced_status_bar)
    draw_enhanced_title_bar                  0x00004e31   Thumb Code   232  ui_drawing.o(.text.draw_enhanced_title_bar)
    draw_enhanced_variables_content          0x00004f31   Thumb Code   900  ui_drawing.o(.text.draw_enhanced_variables_content)
    draw_menu                                0x00005315   Thumb Code   200  ui_drawing.o(.text.draw_menu)
    enable_periodic_task                     0x000053e1   Thumb Code    92  periodic_event_task.o(.text.enable_periodic_task)
    encoder_application_init                 0x00005441   Thumb Code    48  encoder_app.o(.text.encoder_application_init)
    encoder_group1_irq_handler               0x00005485   Thumb Code   220  encoder_app.o(.text.encoder_group1_irq_handler)
    encoder_manager_init                     0x00005569   Thumb Code   208  encoder.o(.text.encoder_manager_init)
    encoder_manager_read_and_reset           0x0000563d   Thumb Code   136  encoder.o(.text.encoder_manager_read_and_reset)
    encoder_update                           0x000056c5   Thumb Code    76  encoder.o(.text.encoder_update)
    enter_current                            0x00005719   Thumb Code   156  ui_logic.o(.text.enter_current)
    get_ms                                   0x000057b9   Thumb Code     8  systick.o(.text.get_ms)
    gray_detection_init                      0x000057c5   Thumb Code    12  gray_detection_app.o(.text.gray_detection_init)
    gray_read_byte                           0x000057d1   Thumb Code    12  gray_detection_app.o(.text.gray_read_byte)
    gray_read_data                           0x000057dd   Thumb Code   936  gray_detection_app.o(.text.gray_read_data)
    hc595_output_byte                        0x00005b99   Thumb Code   136  _74hc595.o(.text.hc595_output_byte)
    init_menu_node                           0x00005c25   Thumb Code   148  ui_logic.o(.text.init_menu_node)
    led_set_color                            0x00005cb9   Thumb Code    52  rgb_led.o(.text.led_set_color)
    main                                     0x00005cf1   Thumb Code    40  main.o(.text.main)
    menu_init_and_create                     0x00005d1d   Thumb Code   432  ui_app.o(.text.menu_init_and_create)
    motor_init                               0x000061ad   Thumb Code    12  motor_app.o(.text.motor_init)
    motor_set_pwms                           0x000061b9   Thumb Code    16  motor_app.o(.text.motor_set_pwms)
    mspm0_attach_interrupt                   0x000061d1   Thumb Code    20  encoder_app.o(.text.mspm0_attach_interrupt)
    mspm0_gpio_read                          0x000061e9   Thumb Code    14  encoder_app.o(.text.mspm0_gpio_read)
    music_player_start                       0x000061f9   Thumb Code    36  beep.o(.text.music_player_start)
    music_player_stop                        0x0000621d   Thumb Code    24  beep.o(.text.music_player_stop)
    music_player_update                      0x00006235   Thumb Code   280  beep.o(.text.music_player_update)
    oled_menu_tick                           0x0000636d   Thumb Code    88  ui_logic.o(.text.oled_menu_tick)
    pca9555_read_bit12                       0x000063c9   Thumb Code    58  pca9555.o(.text.pca9555_read_bit12)
    periodic_event_task_process              0x00006405   Thumb Code   220  periodic_event_task.o(.text.periodic_event_task_process)
    play_alert_blocking                      0x000064e5   Thumb Code    56  alert.o(.text.play_alert_blocking)
    play_music_1_cb                          0x0000651d   Thumb Code    20  ui_app.o(.text.play_music_1_cb)
    play_music_2_cb                          0x00006545   Thumb Code    20  ui_app.o(.text.play_music_2_cb)
    run_task01_cb                            0x0000659d   Thumb Code    48  ui_app.o(.text.run_task01_cb)
    run_task02_cb                            0x000065e5   Thumb Code    48  ui_app.o(.text.run_task02_cb)
    run_task03_cb                            0x0000662d   Thumb Code    48  ui_app.o(.text.run_task03_cb)
    run_task04_cb                            0x00006675   Thumb Code    48  ui_app.o(.text.run_task04_cb)
    select_next                              0x000066c1   Thumb Code   164  ui_logic.o(.text.select_next)
    set_alert_count                          0x00006765   Thumb Code     8  alert.o(.text.set_alert_count)
    set_yaw_zero                             0x00006771   Thumb Code    24  ui_app.o(.text.set_yaw_zero)
    show_message                             0x000067a9   Thumb Code   128  ui_logic.o(.text.show_message)
    show_oled_opening_animation              0x00006835   Thumb Code  1844  ui_animation.o(.text.show_oled_opening_animation)
    speed_pid_init                           0x00006f99   Thumb Code   196  car_pid.o(.text.speed_pid_init)
    spi_read_write_byte                      0x00007071   Thumb Code    64  bsp_spi.o(.text.spi_read_write_byte)
    spin_turn                                0x000070b9   Thumb Code   304  car_controller.o(.text.spin_turn)
    start_alert                              0x00007219   Thumb Code    36  alert.o(.text.start_alert)
    stop_music_cb                            0x00007241   Thumb Code    16  ui_app.o(.text.stop_music_cb)
    systick_init                             0x0000725d   Thumb Code    40  systick.o(.text.systick_init)
    u8g2_ClearBuffer                         0x00007533   Thumb Code    22  u8g2_buffer.o(.text.u8g2_ClearBuffer)
    u8g2_DrawBox                             0x00007549   Thumb Code    66  u8g2_box.o(.text.u8g2_DrawBox)
    u8g2_DrawCircle                          0x0000758b   Thumb Code   162  u8g2_circle.o(.text.u8g2_DrawCircle)
    u8g2_DrawDisc                            0x0000762d   Thumb Code   162  u8g2_circle.o(.text.u8g2_DrawDisc)
    u8g2_DrawFrame                           0x000076cf   Thumb Code   130  u8g2_box.o(.text.u8g2_DrawFrame)
    u8g2_DrawHLine                           0x00007751   Thumb Code   134  u8g2_hvline.o(.text.u8g2_DrawHLine)
    u8g2_DrawHVLine                          0x000077d7   Thumb Code   274  u8g2_hvline.o(.text.u8g2_DrawHVLine)
    u8g2_DrawLine                            0x000078e9   Thumb Code   228  u8g2_line.o(.text.u8g2_DrawLine)
    u8g2_DrawPixel                           0x000079d1   Thumb Code    58  u8g2_hvline.o(.text.u8g2_DrawPixel)
    u8g2_DrawRBox                            0x00007a0b   Thumb Code   356  u8g2_box.o(.text.u8g2_DrawRBox)
    u8g2_DrawRFrame                          0x00007b6f   Thumb Code   242  u8g2_box.o(.text.u8g2_DrawRFrame)
    u8g2_DrawStr                             0x00007c61   Thumb Code    12  u8g2_font.o(.text.u8g2_DrawStr)
    u8g2_DrawVLine                           0x00007c6d   Thumb Code   134  u8g2_hvline.o(.text.u8g2_DrawVLine)
    u8g2_GetGlyphWidth                       0x00007cf3   Thumb Code   284  u8g2_font.o(.text.u8g2_GetGlyphWidth)
    u8g2_GetStrWidth                         0x00007e11   Thumb Code    12  u8g2_font.o(.text.u8g2_GetStrWidth)
    u8g2_Init                                0x00007e21   Thumb Code    40  oled_driver.o(.text.u8g2_Init)
    u8g2_IsIntersection                      0x00007e59   Thumb Code    98  u8g2_intersection.o(.text.u8g2_IsIntersection)
    u8g2_SendBuffer                          0x00007ebb   Thumb Code    16  u8g2_buffer.o(.text.u8g2_SendBuffer)
    u8g2_SetDrawColor                        0x00007ecb   Thumb Code    12  u8g2_hvline.o(.text.u8g2_SetDrawColor)
    u8g2_SetFont                             0x00007ed7   Thumb Code   182  u8g2_font.o(.text.u8g2_SetFont)
    u8g2_SetFontPosBaseline                  0x00007f8d   Thumb Code     8  u8g2_font.o(.text.u8g2_SetFontPosBaseline)
    u8g2_SetupBuffer                         0x00007f99   Thumb Code    80  u8g2_setup.o(.text.u8g2_SetupBuffer)
    u8g2_Setup_ssd1306_128x64_noname_f       0x00007fed   Thumb Code    48  u8g2_d_setup.o(.text.u8g2_Setup_ssd1306_128x64_noname_f)
    u8g2_add_vector_x                        0x00008029   Thumb Code    36  u8g2_font.o(.text.u8g2_add_vector_x)
    u8g2_add_vector_y                        0x0000804d   Thumb Code    36  u8g2_font.o(.text.u8g2_add_vector_y)
    u8g2_draw_hv_line_2dir                   0x00008217   Thumb Code    22  u8g2_hvline.o(.text.u8g2_draw_hv_line_2dir)
    u8g2_draw_l90_r0                         0x0000822d   Thumb Code    16  u8g2_setup.o(.text.u8g2_draw_l90_r0)
    u8g2_font_calc_vref_font                 0x00008341   Thumb Code     4  u8g2_font.o(.text.u8g2_font_calc_vref_font)
    u8g2_font_decode_glyph                   0x00008345   Thumb Code  1180  u8g2_font.o(.text.u8g2_font_decode_glyph)
    u8g2_font_get_glyph_data                 0x000087e1   Thumb Code   236  u8g2_font.o(.text.u8g2_font_get_glyph_data)
    u8g2_gpio_and_delay_mspm0                0x000088dd   Thumb Code    76  oled_driver.o(.text.u8g2_gpio_and_delay_mspm0)
    u8g2_ll_hvline_vertical_top_lsb          0x0000892d   Thumb Code   578  u8g2_ll_hvline.o(.text.u8g2_ll_hvline_vertical_top_lsb)
    u8g2_m_16_8_f                            0x00008b71   Thumb Code     8  u8g2_d_memory.o(.text.u8g2_m_16_8_f)
    u8g2_update_dimension_r0                 0x00008c7d   Thumb Code    52  u8g2_setup.o(.text.u8g2_update_dimension_r0)
    u8g2_update_page_win_r0                  0x00008cb1   Thumb Code   126  u8g2_setup.o(.text.u8g2_update_page_win_r0)
    u8x8_DrawTile                            0x00008d2f   Thumb Code    30  u8x8_display.o(.text.u8x8_DrawTile)
    u8x8_InitDisplay                         0x00008d4d   Thumb Code    14  u8x8_display.o(.text.u8x8_InitDisplay)
    u8x8_RefreshDisplay                      0x00008d5b   Thumb Code    14  u8x8_display.o(.text.u8x8_RefreshDisplay)
    u8x8_SetPowerSave                        0x00008d69   Thumb Code    14  u8x8_display.o(.text.u8x8_SetPowerSave)
    u8x8_Setup                               0x00008d77   Thumb Code    38  u8x8_setup.o(.text.u8x8_Setup)
    u8x8_SetupMemory                         0x00008d9d   Thumb Code    14  u8x8_display.o(.text.u8x8_SetupMemory)
    u8x8_ascii_next                          0x00008dad   Thumb Code    16  u8x8_8x8.o(.text.u8x8_ascii_next)
    u8x8_byte_3wire_hw_spi                   0x00008dc1   Thumb Code   148  oled_driver.o(.text.u8x8_byte_3wire_hw_spi)
    u8x8_byte_SendByte                       0x00008e5d   Thumb Code    18  u8x8_byte.o(.text.u8x8_byte_SendByte)
    u8x8_byte_SendBytes                      0x00008e6f   Thumb Code    14  u8x8_byte.o(.text.u8x8_byte_SendBytes)
    u8x8_byte_SetDC                          0x00008e7d   Thumb Code    14  u8x8_byte.o(.text.u8x8_byte_SetDC)
    u8x8_cad_001                             0x00008e8d   Thumb Code    96  u8x8_cad.o(.text.u8x8_cad_001)
    u8x8_cad_EndTransfer                     0x00008eed   Thumb Code    14  u8x8_cad.o(.text.u8x8_cad_EndTransfer)
    u8x8_cad_SendArg                         0x00008efb   Thumb Code    14  u8x8_cad.o(.text.u8x8_cad_SendArg)
    u8x8_cad_SendCmd                         0x00008f09   Thumb Code    14  u8x8_cad.o(.text.u8x8_cad_SendCmd)
    u8x8_cad_SendData                        0x00008f17   Thumb Code    14  u8x8_cad.o(.text.u8x8_cad_SendData)
    u8x8_cad_SendSequence                    0x00008f25   Thumb Code   108  u8x8_cad.o(.text.u8x8_cad_SendSequence)
    u8x8_cad_StartTransfer                   0x00008f91   Thumb Code    14  u8x8_cad.o(.text.u8x8_cad_StartTransfer)
    u8x8_d_helper_display_init               0x00008f9f   Thumb Code   106  u8x8_display.o(.text.u8x8_d_helper_display_init)
    u8x8_d_helper_display_setup_memory       0x00009009   Thumb Code    10  u8x8_display.o(.text.u8x8_d_helper_display_setup_memory)
    u8x8_d_ssd1306_128x64_noname             0x00009015   Thumb Code    68  u8x8_d_ssd1306_128x64_noname.o(.text.u8x8_d_ssd1306_128x64_noname)
    u8x8_gpio_call                           0x00009141   Thumb Code    10  u8x8_gpio.o(.text.u8x8_gpio_call)
    u8x8_utf8_init                           0x0000914b   Thumb Code     8  u8x8_8x8.o(.text.u8x8_utf8_init)
    update_encoder                           0x00009155   Thumb Code   216  car_controller.o(.text.update_encoder)
    update_straight_control                  0x00009241   Thumb Code   132  car_controller.o(.text.update_straight_control)
    usart_printf                             0x000092e9   Thumb Code    70  uart_driver.o(.text.usart_printf)
    usart_send_bytes                         0x0000932f   Thumb Code    28  uart_driver.o(.text.usart_send_bytes)
    user_button_init                         0x0000934d   Thumb Code   180  ui_button.o(.text.user_button_init)
    __aeabi_uidiv                            0x00009419   Thumb Code    68  aeabi_sdivfast.o(.text_divfast)
    __aeabi_idiv                             0x0000945d   Thumb Code   434  aeabi_sdivfast.o(.text_divfast)
    __ARM_common_ll_muluu                    0x0000960f   Thumb Code    48  btod.o(i.__ARM_common_ll_muluu)
    __ARM_fpclassify                         0x00009641   Thumb Code    40  fpclassify.o(i.__ARM_fpclassify)
    __ARM_fpclassifyf                        0x0000966d   Thumb Code    34  fpclassifyf.o(i.__ARM_fpclassifyf)
    __mathlib_flt_infnan                     0x0000968f   Thumb Code    10  funder.o(i.__mathlib_flt_infnan)
    __mathlib_flt_invalid                    0x00009699   Thumb Code    12  funder.o(i.__mathlib_flt_invalid)
    __mathlib_flt_underflow                  0x000096a5   Thumb Code    14  funder.o(i.__mathlib_flt_underflow)
    __mathlib_rredf2                         0x000096b5   Thumb Code   366  rredf.o(i.__mathlib_rredf2)
    __aeabi_dcmpgt                           0x00009835   Thumb Code     0  dcmp.o(i._dgr)
    _dgr                                     0x00009835   Thumb Code    22  dcmp.o(i._dgr)
    __aeabi_dcmplt                           0x0000984b   Thumb Code     0  dcmp.o(i._dls)
    _dls                                     0x0000984b   Thumb Code    22  dcmp.o(i._dls)
    __aeabi_fcmpge                           0x00009861   Thumb Code     0  fcmp.o(i._fgeq)
    _fgeq                                    0x00009861   Thumb Code    22  fcmp.o(i._fgeq)
    __aeabi_fcmpgt                           0x00009877   Thumb Code     0  fcmp.o(i._fgr)
    _fgr                                     0x00009877   Thumb Code    22  fcmp.o(i._fgr)
    __aeabi_fcmple                           0x0000988d   Thumb Code     0  fcmp.o(i._fleq)
    _fleq                                    0x0000988d   Thumb Code    26  fcmp.o(i._fleq)
    __aeabi_fcmplt                           0x000098a7   Thumb Code     0  fcmp.o(i._fls)
    _fls                                     0x000098a7   Thumb Code    22  fcmp.o(i._fls)
    _is_digit                                0x000098bd   Thumb Code    14  __printf_wp.o(i._is_digit)
    cosf                                     0x000098cd   Thumb Code   318  cosf.o(i.cosf)
    sinf                                     0x00009a45   Thumb Code   330  sinf.o(i.sinf)
    _get_lc_numeric                          0x00009bc9   Thumb Code    44  lc_numeric_c.o(locale$$code)
    _get_lc_ctype                            0x00009bf5   Thumb Code    44  lc_ctype_c.o(locale$$code)
    _dcmpge                                  0x00009c21   Thumb Code    94  dgef.o(x$fpl$dgeqf)
    __aeabi_cdcmple                          0x00009c85   Thumb Code     0  dlef.o(x$fpl$dleqf)
    _dcmple                                  0x00009c85   Thumb Code    94  dlef.o(x$fpl$dleqf)
    __aeabi_fadd                             0x00009ce9   Thumb Code     0  faddsub.o(x$fpl$fadd)
    _fadd                                    0x00009ce9   Thumb Code   134  faddsub.o(x$fpl$fadd)
    _fcmpge                                  0x00009d75   Thumb Code    78  fgef.o(x$fpl$fgeqf)
    __aeabi_cfcmple                          0x00009dc9   Thumb Code     0  flef.o(x$fpl$fleqf)
    _fcmple                                  0x00009dc9   Thumb Code    78  flef.o(x$fpl$fleqf)
    __aeabi_fmul                             0x00009e1d   Thumb Code     0  fmul.o(x$fpl$fmul)
    _fmul                                    0x00009e1d   Thumb Code   172  fmul.o(x$fpl$fmul)
    __aeabi_frsub                            0x00009ecd   Thumb Code     0  faddsub.o(x$fpl$frsb)
    _frsb                                    0x00009ecd   Thumb Code    24  faddsub.o(x$fpl$frsb)
    __aeabi_fsub                             0x00009ee5   Thumb Code     0  faddsub.o(x$fpl$fsub)
    _fsub                                    0x00009ee5   Thumb Code   204  faddsub.o(x$fpl$fsub)
    _printf_fp_dec                           0x00009fb5   Thumb Code    16  printf1.o(x$fpl$printf1)
    _printf_fp_hex                           0x00009fc5   Thumb Code    16  printf2.o(x$fpl$printf2)
    __I$use$fp                               0x00009fd4   Number         0  usenofp.o(x$fpl$usenofp)
    music_example_1                          0x0000a3a4   Data         525  beep.o(.rodata.music_example_1)
    music_example_2                          0x0000a5b1   Data         242  beep.o(.rodata.music_example_2)
    u8g2_cb_r0                               0x0000a718   Data          12  u8g2_setup.o(.rodata.u8g2_cb_r0)
    u8g2_font_4x6_tr                         0x0000a724   Data         723  u8g2_fonts.o(.rodata.u8g2_font_4x6_tr)
    u8g2_font_5x8_tr                         0x0000a9f7   Data         844  u8g2_fonts.o(.rodata.u8g2_font_5x8_tr)
    u8g2_font_6x10_tr                        0x0000ad43   Data         979  u8g2_fonts.o(.rodata.u8g2_font_6x10_tr)
    u8g2_font_ncenB14_tr                     0x0000b116   Data        2088  u8g2_fonts.o(.rodata.u8g2_font_ncenB14_tr)
    Region$$Table$$Base                      0x0000b9a8   Number         0  anon$$obj.o(Region$$Table)
    Region$$Table$$Limit                     0x0000b9c8   Number         0  anon$$obj.o(Region$$Table)
    __ctype                                  0x0000b9f1   Data           0  lc_ctype_c.o(locale$$data)
    button_ids                               0x20200016   Data           4  ui_button.o(.data.button_ids)
    car                                      0x2020001c   Data          28  car_controller.o(.data.car)
    gyro_vars                                0x2020003c   Data         160  ui_app.o(.data.gyro_vars)
    jy901s                                   0x202000dc   Data          36  wit_jyxx.o(.data.jy901s)
    music_example_1_size                     0x20200100   Data           4  beep.o(.data.music_example_1_size)
    music_example_2_size                     0x20200104   Data           4  beep.o(.data.music_example_2_size)
    period_tasks                             0x20200120   Data         112  periodic_event_task.o(.data.period_tasks)
    robot_encoder_manager                    0x20200190   Data          24  encoder_app.o(.data.robot_encoder_manager)
    tb6612_cfg                               0x202002f8   Data         104  motor_app.o(.data.tb6612_cfg)
    tb6612_interface                         0x20200360   Data          12  motor_tb6612.o(.data.tb6612_interface)
    __libspace_start                         0x20200370   Data          96  libspace.o(.bss)
    __temporary_stack_top$libspace           0x202003d0   Data           0  libspace.o(.bss)
    gSPI_0Backup                             0x202003d0   Data          40  ti_msp_dl_config.o(.bss..L_MergedGlobals)
    gUART_1Backup                            0x202003f8   Data          48  ti_msp_dl_config.o(.bss..L_MergedGlobals)
    encoder                                  0x2020042c   Data          64  car_controller.o(.bss..L_MergedGlobals)
    anglePid                                 0x20200550   Data         100  car_pid.o(.bss.anglePid)
    buttons                                  0x202005b4   Data         176  ui_button.o(.bss.buttons)
    gBEEP_PWMBackup                          0x20200664   Data         160  ti_msp_dl_config.o(.bss.gBEEP_PWMBackup)
    gMotor_PWM1Backup                        0x20200704   Data         188  ti_msp_dl_config.o(.bss.gMotor_PWM1Backup)
    gray_byte                                0x202007c0   Data           4  car_debug.o(.bss.gray_byte)
    mileagePid                               0x20200f08   Data         100  car_pid.o(.bss.mileagePid)
    robot_encoders                           0x20200f6c   Data         160  encoder_app.o(.bss.robot_encoders)
    speedPid                                 0x2020100c   Data         400  car_pid.o(.bss.speedPid)
    straightPid                              0x2020119c   Data         100  car_pid.o(.bss.straightPid)
    task_running_flag                        0x20201204   Data           1  ui_app.o(.bss.task_running_flag)
    trackPid                                 0x20201208   Data         100  car_pid.o(.bss.trackPid)
    u8g2                                     0x2020126c   Data         148  oled_driver.o(.bss.u8g2)



==============================================================================

Memory Map of the image

  Image Entry point : 0x000000c1

  Load Region LR_IROM1 (Base: 0x00000000, Size: 0x0000be68, Max: 0x00020000, ABSOLUTE, COMPRESSED[0x0000bbc8])

    Execution Region ER_IROM1 (Exec base: 0x00000000, Load base: 0x00000000, Size: 0x0000baf4, Max: 0x00020000, ABSOLUTE)

    Exec Addr    Load Addr    Size         Type   Attr      Idx    E Section Name        Object

    0x00000000   0x00000000   0x000000c0   Data   RO          142    RESET               startup_mspm0g350x_uvision.o
    0x000000c0   0x000000c0   0x00000008   Code   RO         2079  * !!!main             c_p.l(__main.o)
    0x000000c8   0x000000c8   0x00000054   Code   RO         2528    !!!scatter          c_p.l(__scatter.o)
    0x0000011c   0x0000011c   0x00000004   PAD
    0x00000120   0x00000120   0x00000002   Code   RO         2529    !!handler_null      c_p.l(__scatter.o)
    0x00000122   0x00000122   0x00000006   PAD
    0x00000128   0x00000128   0x0000001c   Code   RO         2532    !!handler_zi        c_p.l(__scatter_zi.o)
    0x00000144   0x00000144   0x00000002   Code   RO         2053    .ARM.Collect$$_printf_percent$$00000000  c_p.l(_printf_percent.o)
    0x00000146   0x00000146   0x0000000a   Code   RO         2213    .ARM.Collect$$_printf_percent$$00000001  c_p.l(_printf_n.o)
    0x00000150   0x00000150   0x0000000a   Code   RO         2214    .ARM.Collect$$_printf_percent$$00000002  c_p.l(_printf_p.o)
    0x0000015a   0x0000015a   0x0000000a   Code   RO         2049    .ARM.Collect$$_printf_percent$$00000003  c_p.l(_printf_f.o)
    0x00000164   0x00000164   0x0000000a   Code   RO         2050    .ARM.Collect$$_printf_percent$$00000004  c_p.l(_printf_e.o)
    0x0000016e   0x0000016e   0x0000000a   Code   RO         2051    .ARM.Collect$$_printf_percent$$00000005  c_p.l(_printf_g.o)
    0x00000178   0x00000178   0x0000000a   Code   RO         2052    .ARM.Collect$$_printf_percent$$00000006  c_p.l(_printf_a.o)
    0x00000182   0x00000182   0x0000000a   Code   RO         2219    .ARM.Collect$$_printf_percent$$00000007  c_p.l(_printf_ll.o)
    0x0000018c   0x0000018c   0x0000000a   Code   RO         2046    .ARM.Collect$$_printf_percent$$00000008  c_p.l(_printf_i.o)
    0x00000196   0x00000196   0x0000000a   Code   RO         2047    .ARM.Collect$$_printf_percent$$00000009  c_p.l(_printf_d.o)
    0x000001a0   0x000001a0   0x0000000a   Code   RO         2048    .ARM.Collect$$_printf_percent$$0000000A  c_p.l(_printf_u.o)
    0x000001aa   0x000001aa   0x0000000a   Code   RO         2045    .ARM.Collect$$_printf_percent$$0000000B  c_p.l(_printf_o.o)
    0x000001b4   0x000001b4   0x0000000a   Code   RO         2044    .ARM.Collect$$_printf_percent$$0000000C  c_p.l(_printf_x.o)
    0x000001be   0x000001be   0x0000000a   Code   RO         2216    .ARM.Collect$$_printf_percent$$0000000D  c_p.l(_printf_lli.o)
    0x000001c8   0x000001c8   0x0000000a   Code   RO         2217    .ARM.Collect$$_printf_percent$$0000000E  c_p.l(_printf_lld.o)
    0x000001d2   0x000001d2   0x0000000a   Code   RO         2218    .ARM.Collect$$_printf_percent$$0000000F  c_p.l(_printf_llu.o)
    0x000001dc   0x000001dc   0x0000000a   Code   RO         2222    .ARM.Collect$$_printf_percent$$00000010  c_p.l(_printf_llo.o)
    0x000001e6   0x000001e6   0x0000000a   Code   RO         2223    .ARM.Collect$$_printf_percent$$00000011  c_p.l(_printf_llx.o)
    0x000001f0   0x000001f0   0x0000000a   Code   RO         2220    .ARM.Collect$$_printf_percent$$00000012  c_p.l(_printf_l.o)
    0x000001fa   0x000001fa   0x0000000a   Code   RO         2042    .ARM.Collect$$_printf_percent$$00000013  c_p.l(_printf_c.o)
    0x00000204   0x00000204   0x0000000a   Code   RO         2043    .ARM.Collect$$_printf_percent$$00000014  c_p.l(_printf_s.o)
    0x0000020e   0x0000020e   0x0000000a   Code   RO         2054    .ARM.Collect$$_printf_percent$$00000015  c_p.l(_printf_lc.o)
    0x00000218   0x00000218   0x0000000a   Code   RO         2221    .ARM.Collect$$_printf_percent$$00000016  c_p.l(_printf_ls.o)
    0x00000222   0x00000222   0x00000004   Code   RO         2215    .ARM.Collect$$_printf_percent$$00000017  c_p.l(_printf_percent_end.o)
    0x00000226   0x00000226   0x00000002   Code   RO         2381    .ARM.Collect$$libinit$$00000000  c_p.l(libinit.o)
    0x00000228   0x00000228   0x00000000   Code   RO         2383    .ARM.Collect$$libinit$$00000002  c_p.l(libinit2.o)
    0x00000228   0x00000228   0x00000000   Code   RO         2385    .ARM.Collect$$libinit$$00000004  c_p.l(libinit2.o)
    0x00000228   0x00000228   0x00000000   Code   RO         2387    .ARM.Collect$$libinit$$00000006  c_p.l(libinit2.o)
    0x00000228   0x00000228   0x00000000   Code   RO         2390    .ARM.Collect$$libinit$$0000000C  c_p.l(libinit2.o)
    0x00000228   0x00000228   0x00000000   Code   RO         2392    .ARM.Collect$$libinit$$0000000E  c_p.l(libinit2.o)
    0x00000228   0x00000228   0x00000000   Code   RO         2394    .ARM.Collect$$libinit$$00000010  c_p.l(libinit2.o)
    0x00000228   0x00000228   0x00000006   Code   RO         2395    .ARM.Collect$$libinit$$00000011  c_p.l(libinit2.o)
    0x0000022e   0x0000022e   0x00000000   Code   RO         2397    .ARM.Collect$$libinit$$00000013  c_p.l(libinit2.o)
    0x0000022e   0x0000022e   0x0000000c   Code   RO         2398    .ARM.Collect$$libinit$$00000014  c_p.l(libinit2.o)
    0x0000023a   0x0000023a   0x00000000   Code   RO         2399    .ARM.Collect$$libinit$$00000015  c_p.l(libinit2.o)
    0x0000023a   0x0000023a   0x00000000   Code   RO         2401    .ARM.Collect$$libinit$$00000017  c_p.l(libinit2.o)
    0x0000023a   0x0000023a   0x0000000a   Code   RO         2402    .ARM.Collect$$libinit$$00000018  c_p.l(libinit2.o)
    0x00000244   0x00000244   0x00000000   Code   RO         2403    .ARM.Collect$$libinit$$00000019  c_p.l(libinit2.o)
    0x00000244   0x00000244   0x00000000   Code   RO         2405    .ARM.Collect$$libinit$$0000001B  c_p.l(libinit2.o)
    0x00000244   0x00000244   0x00000000   Code   RO         2407    .ARM.Collect$$libinit$$0000001D  c_p.l(libinit2.o)
    0x00000244   0x00000244   0x00000000   Code   RO         2409    .ARM.Collect$$libinit$$0000001F  c_p.l(libinit2.o)
    0x00000244   0x00000244   0x00000000   Code   RO         2411    .ARM.Collect$$libinit$$00000021  c_p.l(libinit2.o)
    0x00000244   0x00000244   0x00000000   Code   RO         2413    .ARM.Collect$$libinit$$00000023  c_p.l(libinit2.o)
    0x00000244   0x00000244   0x00000000   Code   RO         2415    .ARM.Collect$$libinit$$00000025  c_p.l(libinit2.o)
    0x00000244   0x00000244   0x00000000   Code   RO         2417    .ARM.Collect$$libinit$$00000027  c_p.l(libinit2.o)
    0x00000244   0x00000244   0x00000000   Code   RO         2421    .ARM.Collect$$libinit$$0000002E  c_p.l(libinit2.o)
    0x00000244   0x00000244   0x00000000   Code   RO         2423    .ARM.Collect$$libinit$$00000030  c_p.l(libinit2.o)
    0x00000244   0x00000244   0x00000000   Code   RO         2425    .ARM.Collect$$libinit$$00000032  c_p.l(libinit2.o)
    0x00000244   0x00000244   0x00000000   Code   RO         2427    .ARM.Collect$$libinit$$00000034  c_p.l(libinit2.o)
    0x00000244   0x00000244   0x00000002   Code   RO         2428    .ARM.Collect$$libinit$$00000035  c_p.l(libinit2.o)
    0x00000246   0x00000246   0x00000002   Code   RO         2492    .ARM.Collect$$libshutdown$$00000000  c_p.l(libshutdown.o)
    0x00000248   0x00000248   0x00000000   Code   RO         2510    .ARM.Collect$$libshutdown$$00000002  c_p.l(libshutdown2.o)
    0x00000248   0x00000248   0x00000000   Code   RO         2512    .ARM.Collect$$libshutdown$$00000004  c_p.l(libshutdown2.o)
    0x00000248   0x00000248   0x00000000   Code   RO         2515    .ARM.Collect$$libshutdown$$00000007  c_p.l(libshutdown2.o)
    0x00000248   0x00000248   0x00000000   Code   RO         2518    .ARM.Collect$$libshutdown$$0000000A  c_p.l(libshutdown2.o)
    0x00000248   0x00000248   0x00000000   Code   RO         2520    .ARM.Collect$$libshutdown$$0000000C  c_p.l(libshutdown2.o)
    0x00000248   0x00000248   0x00000000   Code   RO         2523    .ARM.Collect$$libshutdown$$0000000F  c_p.l(libshutdown2.o)
    0x00000248   0x00000248   0x00000002   Code   RO         2524    .ARM.Collect$$libshutdown$$00000010  c_p.l(libshutdown2.o)
    0x0000024a   0x0000024a   0x00000000   Code   RO         2179    .ARM.Collect$$rtentry$$00000000  c_p.l(__rtentry.o)
    0x0000024a   0x0000024a   0x00000000   Code   RO         2300    .ARM.Collect$$rtentry$$00000002  c_p.l(__rtentry2.o)
    0x0000024a   0x0000024a   0x00000006   Code   RO         2312    .ARM.Collect$$rtentry$$00000004  c_p.l(__rtentry4.o)
    0x00000250   0x00000250   0x00000000   Code   RO         2302    .ARM.Collect$$rtentry$$00000009  c_p.l(__rtentry2.o)
    0x00000250   0x00000250   0x00000004   Code   RO         2303    .ARM.Collect$$rtentry$$0000000A  c_p.l(__rtentry2.o)
    0x00000254   0x00000254   0x00000000   Code   RO         2305    .ARM.Collect$$rtentry$$0000000C  c_p.l(__rtentry2.o)
    0x00000254   0x00000254   0x00000008   Code   RO         2306    .ARM.Collect$$rtentry$$0000000D  c_p.l(__rtentry2.o)
    0x0000025c   0x0000025c   0x00000002   Code   RO         2436    .ARM.Collect$$rtexit$$00000000  c_p.l(rtexit.o)
    0x0000025e   0x0000025e   0x00000000   Code   RO         2457    .ARM.Collect$$rtexit$$00000002  c_p.l(rtexit2.o)
    0x0000025e   0x0000025e   0x00000004   Code   RO         2458    .ARM.Collect$$rtexit$$00000003  c_p.l(rtexit2.o)
    0x00000262   0x00000262   0x00000006   Code   RO         2459    .ARM.Collect$$rtexit$$00000004  c_p.l(rtexit2.o)
    0x00000268   0x00000268   0x00000038   Code   RO         2061    .emb_text           c_p.l(rt_memcpy.o)
    0x000002a0   0x000002a0   0x00000030   Code   RO          143    .text               startup_mspm0g350x_uvision.o
    0x000002d0   0x000002d0   0x0000003c   Code   RO         1976    .text               c_p.l(vsnprintf.o)
    0x0000030c   0x0000030c   0x00000040   Code   RO         1978    .text               c_p.l(__2snprintf.o)
    0x0000034c   0x0000034c   0x0000004e   Code   RO         1984    .text               c_p.l(_printf_pad.o)
    0x0000039a   0x0000039a   0x00000024   Code   RO         1986    .text               c_p.l(_printf_truncate.o)
    0x000003be   0x000003be   0x00000052   Code   RO         1988    .text               c_p.l(_printf_str.o)
    0x00000410   0x00000410   0x0000006c   Code   RO         1990    .text               c_p.l(_printf_dec.o)
    0x0000047c   0x0000047c   0x000000bc   Code   RO         1992    .text               c_p.l(_printf_wctomb.o)
    0x00000538   0x00000538   0x00000070   Code   RO         1999    .text               c_p.l(_printf_oct_int_ll.o)
    0x000005a8   0x000005a8   0x00000098   Code   RO         2019    .text               c_p.l(_printf_hex_int_ll_ptr.o)
    0x00000640   0x00000640   0x00000188   Code   RO         2039    .text               c_p.l(__printf_flags_ss_wp.o)
    0x000007c8   0x000007c8   0x00000024   Code   RO         2055    .text               c_p.l(strncat.o)
    0x000007ec   0x000007ec   0x00000044   Code   RO         2059    .text               c_p.l(strlen.o)
    0x00000830   0x00000830   0x00000040   Code   RO         2065    .text               c_p.l(rt_memclr.o)
    0x00000870   0x00000870   0x0000006c   Code   RO         2067    .text               c_p.l(strncpy.o)
    0x000008dc   0x000008dc   0x000001f8   Code   RO         2069    .text               c_p.l(aeabi_sdivfast.o)
    0x00000ad4   0x00000ad4   0x00000006   Code   RO         2077    .text               c_p.l(heapauxi.o)
    0x00000ada   0x00000ada   0x00000002   PAD
    0x00000adc   0x00000adc   0x00000048   Code   RO         2107    .text               fz_ps.l(dfixui.o)
    0x00000b24   0x00000b24   0x00000058   Code   RO         2109    .text               fz_ps.l(dflti.o)
    0x00000b7c   0x00000b7c   0x00000054   Code   RO         2113    .text               fz_ps.l(f2d.o)
    0x00000bd0   0x00000bd0   0x00000160   Code   RO         2145    .text               fz_ps.l(fdiv.o)
    0x00000d30   0x00000d30   0x0000004c   Code   RO         2148    .text               fz_ps.l(ffixi.o)
    0x00000d7c   0x00000d7c   0x0000005e   Code   RO         2150    .text               fz_ps.l(fflti.o)
    0x00000dda   0x00000dda   0x00000016   Code   RO         2190    .text               c_p.l(_rserrno.o)
    0x00000df0   0x00000df0   0x000000b0   Code   RO         2192    .text               c_p.l(_printf_intcommon.o)
    0x00000ea0   0x00000ea0   0x00000026   Code   RO         2194    .text               c_p.l(_printf_charcount.o)
    0x00000ec6   0x00000ec6   0x00000002   PAD
    0x00000ec8   0x00000ec8   0x00000414   Code   RO         2196    .text               c_p.l(_printf_fp_dec.o)
    0x000012dc   0x000012dc   0x000002d8   Code   RO         2200    .text               c_p.l(_printf_fp_hex.o)
    0x000015b4   0x000015b4   0x00000030   Code   RO         2203    .text               c_p.l(_printf_char_common.o)
    0x000015e4   0x000015e4   0x00000010   Code   RO         2205    .text               c_p.l(_snputc.o)
    0x000015f4   0x000015f4   0x0000002e   Code   RO         2207    .text               c_p.l(_printf_char.o)
    0x00001622   0x00001622   0x0000002e   Code   RO         2209    .text               c_p.l(_printf_wchar.o)
    0x00001650   0x00001650   0x00000070   Code   RO         2211    .text               c_p.l(_printf_longlong_dec.o)
    0x000016c0   0x000016c0   0x00000042   Code   RO         2224    .text               c_p.l(_c16rtomb.o)
    0x00001702   0x00001702   0x00000028   Code   RO         2226    .text               c_p.l(rtudiv10.o)
    0x0000172a   0x0000172a   0x00000002   PAD
    0x0000172c   0x0000172c   0x00000080   Code   RO         2247    .text               fz_ps.l(frnd.o)
    0x000017ac   0x000017ac   0x00000010   Code   RO         2314    .text               c_p.l(rt_ctype_table.o)
    0x000017bc   0x000017bc   0x00000008   Code   RO         2321    .text               c_p.l(rt_locale_intlibspace.o)
    0x000017c4   0x000017c4   0x00000008   Code   RO         2326    .text               c_p.l(rt_errno_addr_intlibspace.o)
    0x000017cc   0x000017cc   0x0000007a   Code   RO         2328    .text               c_p.l(lludiv10.o)
    0x00001846   0x00001846   0x00000002   PAD
    0x00001848   0x00001848   0x00000088   Code   RO         2330    .text               c_p.l(_printf_fp_infnan.o)
    0x000018d0   0x000018d0   0x000000d8   Code   RO         2334    .text               c_p.l(bigflt0.o)
    0x000019a8   0x000019a8   0x00000580   Code   RO         2337    .text               c_p.l(btod.o)
    0x00001f28   0x00001f28   0x000000a0   Code   RO         2347    .text               fz_ps.l(dcmpin.o)
    0x00001fc8   0x00001fc8   0x00000064   Code   RO         2351    .text               fz_ps.l(fcmpin.o)
    0x0000202c   0x0000202c   0x00000044   Code   RO         2353    .text               fz_ps.l(fscalbn.o)
    0x00002070   0x00002070   0x00000008   Code   RO         2357    .text               c_p.l(libspace.o)
    0x00002078   0x00002078   0x0000003e   Code   RO         2360    .text               c_p.l(sys_stackheap_outer.o)
    0x000020b6   0x000020b6   0x00000010   Code   RO         2368    .text               c_p.l(exit.o)
    0x000020c6   0x000020c6   0x00000002   PAD
    0x000020c8   0x000020c8   0x000000b0   Code   RO         2374    .text               c_p.l(strcmpv6m.o)
    0x00002178   0x00002178   0x0000002e   Code   RO         2429    .text               fz_ps.l(cmpret.o)
    0x000021a6   0x000021a6   0x00000002   PAD
    0x000021a8   0x000021a8   0x00000014   Code   RO         2431    .text               fz_ps.l(dnan2.o)
    0x000021bc   0x000021bc   0x00000010   Code   RO         2433    .text               fz_ps.l(fnan2.o)
    0x000021cc   0x000021cc   0x0000005e   Code   RO         2450    .text               fz_ps.l(retnan.o)
    0x0000222a   0x0000222a   0x00000002   PAD
    0x0000222c   0x0000222c   0x0000000c   Code   RO         2452    .text               c_p.l(sys_exit.o)
    0x00002238   0x00002238   0x00000002   Code   RO         2479    .text               c_p.l(use_no_semi.o)
    0x0000223a   0x0000223a   0x00000000   Code   RO         2481    .text               c_p.l(indicate_semi.o)
    0x0000223a   0x0000223a   0x00000056   Code   RO         2526    .text               c_p.l(__dczerorl2.o)
    0x00002290   0x00002290   0x0000000a   Code   RO         1725    .text.DL_Common_delayCycles  driverlib.a(dl_common.o)
    0x0000229a   0x0000229a   0x00000002   PAD
    0x0000229c   0x0000229c   0x00000044   Code   RO         1734    .text.DL_DMA_initChannel  driverlib.a(dl_dma.o)
    0x000022e0   0x000022e0   0x00000044   Code   RO         1744    .text.DL_SPI_init   driverlib.a(dl_spi.o)
    0x00002324   0x00002324   0x00000012   Code   RO         1746    .text.DL_SPI_setClockConfig  driverlib.a(dl_spi.o)
    0x00002336   0x00002336   0x00000002   PAD
    0x00002338   0x00002338   0x000000c4   Code   RO         1939    .text.DL_SYSCTL_configSYSPLL  driverlib.a(dl_sysctl_mspm0g1x0x_g3x0x.o)
    0x000023fc   0x000023fc   0x00000028   Code   RO         1947    .text.DL_SYSCTL_switchMCLKfromSYSOSCtoHSCLK  driverlib.a(dl_sysctl_mspm0g1x0x_g3x0x.o)
    0x00002424   0x00002424   0x00000110   Code   RO         1878    .text.DL_Timer_initFourCCPWMMode  driverlib.a(dl_timer.o)
    0x00002534   0x00002534   0x0000001c   Code   RO         1844    .text.DL_Timer_setCaptCompUpdateMethod  driverlib.a(dl_timer.o)
    0x00002550   0x00002550   0x00000018   Code   RO         1852    .text.DL_Timer_setCaptureCompareOutCtl  driverlib.a(dl_timer.o)
    0x00002568   0x00002568   0x00000010   Code   RO         1804    .text.DL_Timer_setCaptureCompareValue  driverlib.a(dl_timer.o)
    0x00002578   0x00002578   0x0000001c   Code   RO         1798    .text.DL_Timer_setClockConfig  driverlib.a(dl_timer.o)
    0x00002594   0x00002594   0x00000048   Code   RO         1899    .text.DL_UART_init  driverlib.a(dl_uart.o)
    0x000025dc   0x000025dc   0x00000012   Code   RO         1901    .text.DL_UART_setClockConfig  driverlib.a(dl_uart.o)
    0x000025ee   0x000025ee   0x00000002   PAD
    0x000025f0   0x000025f0   0x00000014   Code   RO         1913    .text.DL_UART_transmitDataBlocking  driverlib.a(dl_uart.o)
    0x00002604   0x00002604   0x00000014   Code   RO           41    .text.GROUP1_IRQHandler  mspm0g3507_it.o
    0x00002618   0x00002618   0x0000000a   Code   RO           10    .text.HardFault_Handler  main.o
    0x00002622   0x00002622   0x00000002   PAD
    0x00002624   0x00002624   0x00000048   Code   RO          787    .text.LOG_I         log.o
    0x0000266c   0x0000266c   0x0000001e   Code   RO          340    .text.PID_Calculate  pid.o
    0x0000268a   0x0000268a   0x00000002   PAD
    0x0000268c   0x0000268c   0x00000190   Code   RO          338    .text.PID_IncrementCalculate  pid.o
    0x0000281c   0x0000281c   0x00000054   Code   RO          334    .text.PID_Init      pid.o
    0x00002870   0x00002870   0x00000204   Code   RO          336    .text.PID_PositionCalculate  pid.o
    0x00002a74   0x00002a74   0x00000014   Code   RO          342    .text.PID_Reset     pid.o
    0x00002a88   0x00002a88   0x0000000e   Code   RO          354    .text.PID_SetIntegralLimit  pid.o
    0x00002a96   0x00002a96   0x0000001a   Code   RO          360    .text.PID_SetIntegralSeparation  pid.o
    0x00002ab0   0x00002ab0   0x0000000e   Code   RO          356    .text.PID_SetOutputLimit  pid.o
    0x00002abe   0x00002abe   0x00000004   Code   RO          352    .text.PID_SetParams  pid.o
    0x00002ac2   0x00002ac2   0x00000002   PAD
    0x00002ac4   0x00002ac4   0x00000030   Code   RO          948    .text.SOFT_IIC_Init  sw_i2c.o
    0x00002af4   0x00002af4   0x00000248   Code   RO          966    .text.SOFT_IIC_Read_Byte  sw_i2c.o
    0x00002d3c   0x00002d3c   0x0000016c   Code   RO          970    .text.SOFT_IIC_Read_Len  sw_i2c.o
    0x00002ea8   0x00002ea8   0x000001a8   Code   RO          964    .text.SOFT_IIC_Send_Byte  sw_i2c.o
    0x00003050   0x00003050   0x000000f0   Code   RO          958    .text.SOFT_IIC_Wait_Ack  sw_i2c.o
    0x00003140   0x00003140   0x0000008c   Code   RO          100    .text.SYSCFG_DL_BEEP_PWM_init  ti_msp_dl_config.o
    0x000031cc   0x000031cc   0x00000018   Code   RO          114    .text.SYSCFG_DL_DMA_CH0_init  ti_msp_dl_config.o
    0x000031e4   0x000031e4   0x00000008   Code   RO          108    .text.SYSCFG_DL_DMA_init  ti_msp_dl_config.o
    0x000031ec   0x000031ec   0x000000f0   Code   RO           92    .text.SYSCFG_DL_GPIO_init  ti_msp_dl_config.o
    0x000032dc   0x000032dc   0x00000088   Code   RO           96    .text.SYSCFG_DL_Motor_PWM1_init  ti_msp_dl_config.o
    0x00003364   0x00003364   0x0000008c   Code   RO           98    .text.SYSCFG_DL_Motor_PWM2_init  ti_msp_dl_config.o
    0x000033f0   0x000033f0   0x0000004c   Code   RO          106    .text.SYSCFG_DL_SPI_0_init  ti_msp_dl_config.o
    0x0000343c   0x0000343c   0x0000004c   Code   RO           94    .text.SYSCFG_DL_SYSCTL_init  ti_msp_dl_config.o
    0x00003488   0x00003488   0x00000088   Code   RO          102    .text.SYSCFG_DL_UART_0_init  ti_msp_dl_config.o
    0x00003510   0x00003510   0x00000084   Code   RO          104    .text.SYSCFG_DL_UART_1_init  ti_msp_dl_config.o
    0x00003594   0x00003594   0x00000050   Code   RO           88    .text.SYSCFG_DL_init  ti_msp_dl_config.o
    0x000035e4   0x000035e4   0x00000070   Code   RO           90    .text.SYSCFG_DL_initPower  ti_msp_dl_config.o
    0x00003654   0x00003654   0x00000044   Code   RO          755    .text.Serial_Jy61p_Zero_Yaw  wit_jyxx.o
    0x00003698   0x00003698   0x00000010   Code   RO          804    .text.SysTick_Handler  systick.o
    0x000036a8   0x000036a8   0x0000001c   Code   RO           39    .text.UART0_IRQHandler  mspm0g3507_it.o
    0x000036c4   0x000036c4   0x00000130   Code   RO          759    .text.UART3_IRQHandler  wit_jyxx.o
    0x000037f4   0x000037f4   0x00000024   Code   RO          543    .text.add_child_menu  ui_logic.o
    0x00003818   0x00003818   0x00000064   Code   RO          224    .text.alert_ticks   alert.o
    0x0000387c   0x0000387c   0x00000028   Code   RO          879    .text.beep_init     beep.o
    0x000038a4   0x000038a4   0x00000018   Code   RO          881    .text.beep_off      beep.o
    0x000038bc   0x000038bc   0x0000001c   Code   RO          887    .text.beep_on       beep.o
    0x000038d8   0x000038d8   0x000000e0   Code   RO          519    .text.btn_long_press_cb  ui_logic.o
    0x000039b8   0x000039b8   0x000000f4   Code   RO          517    .text.btn_single_click_callback  ui_logic.o
    0x00003aac   0x00003aac   0x00000008   Code   RO          773    .text.busy_wait_cycles  delay.o
    0x00003ab4   0x00003ab4   0x00000008   Code   RO          377    .text.button_attach  multi_button.o
    0x00003abc   0x00003abc   0x0000002c   Code   RO          375    .text.button_init   multi_button.o
    0x00003ae8   0x00003ae8   0x00000044   Code   RO          381    .text.button_start  multi_button.o
    0x00003b2c   0x00003b2c   0x0000022c   Code   RO          385    .text.button_ticks  multi_button.o
    0x00003d58   0x00003d58   0x00000002   Code   RO          297    .text.car_debug_init  car_debug.o
    0x00003d5a   0x00003d5a   0x00000002   PAD
    0x00003d5c   0x00003d5c   0x00000078   Code   RO          260    .text.car_init      car_controller.o
    0x00003dd4   0x00003dd4   0x00000134   Code   RO          250    .text.car_move_cm   car_controller.o
    0x00003f08   0x00003f08   0x00000198   Code   RO          258    .text.car_move_until  car_controller.o
    0x000040a0   0x000040a0   0x00000188   Code   RO          284    .text.car_path_init  car_state_machine.o
    0x00004228   0x00004228   0x000000e4   Code   RO          319    .text.car_pid_init  car_pid.o
    0x0000430c   0x0000430c   0x00000080   Code   RO          252    .text.car_reset     car_controller.o
    0x0000438c   0x0000438c   0x00000254   Code   RO          286    .text.car_state_machine  car_state_machine.o
    0x000045e0   0x000045e0   0x0000011c   Code   RO          238    .text.car_task      car_controller.o
    0x000046fc   0x000046fc   0x00000030   Code   RO          515    .text.create_oled_menu  ui_logic.o
    0x0000472c   0x0000472c   0x0000001c   Code   RO           22    .text.create_periodic_event_task  periodic_event_task.o
    0x00004748   0x00004748   0x00000024   Code   RO          299    .text.debug_speed_pid  car_debug.o
    0x0000476c   0x0000476c   0x00000008   Code   RO           20    .text.debug_task    periodic_event_task.o
    0x00004774   0x00004774   0x0000001c   Code   RO          775    .text.delay_ms      delay.o
    0x00004790   0x00004790   0x00000022   Code   RO          771    .text.delay_us      delay.o
    0x000047b2   0x000047b2   0x00000002   PAD
    0x000047b4   0x000047b4   0x00000138   Code   RO          498    .text.draw_enhanced_empty_message  ui_drawing.o
    0x000048ec   0x000048ec   0x0000023c   Code   RO          492    .text.draw_enhanced_normal_menu_content  ui_drawing.o
    0x00004b28   0x00004b28   0x00000138   Code   RO          494    .text.draw_enhanced_scrollbar  ui_drawing.o
    0x00004c60   0x00004c60   0x000001d0   Code   RO          496    .text.draw_enhanced_status_bar  ui_drawing.o
    0x00004e30   0x00004e30   0x00000100   Code   RO          488    .text.draw_enhanced_title_bar  ui_drawing.o
    0x00004f30   0x00004f30   0x000003e4   Code   RO          490    .text.draw_enhanced_variables_content  ui_drawing.o
    0x00005314   0x00005314   0x000000cc   Code   RO          484    .text.draw_menu     ui_drawing.o
    0x000053e0   0x000053e0   0x00000060   Code   RO           26    .text.enable_periodic_task  periodic_event_task.o
    0x00005440   0x00005440   0x00000044   Code   RO          166    .text.encoder_application_init  encoder_app.o
    0x00005484   0x00005484   0x000000e4   Code   RO          164    .text.encoder_group1_irq_handler  encoder_app.o
    0x00005568   0x00005568   0x000000d4   Code   RO          821    .text.encoder_manager_init  encoder.o
    0x0000563c   0x0000563c   0x00000088   Code   RO          825    .text.encoder_manager_read_and_reset  encoder.o
    0x000056c4   0x000056c4   0x00000054   Code   RO          819    .text.encoder_update  encoder.o
    0x00005718   0x00005718   0x000000a0   Code   RO          527    .text.enter_current  ui_logic.o
    0x000057b8   0x000057b8   0x0000000c   Code   RO          806    .text.get_ms        systick.o
    0x000057c4   0x000057c4   0x0000000c   Code   RO          180    .text.gray_detection_init  gray_detection_app.o
    0x000057d0   0x000057d0   0x0000000c   Code   RO          182    .text.gray_read_byte  gray_detection_app.o
    0x000057dc   0x000057dc   0x000003bc   Code   RO          184    .text.gray_read_data  gray_detection_app.o
    0x00005b98   0x00005b98   0x0000008c   Code   RO          936    .text.hc595_output_byte  _74hc595.o
    0x00005c24   0x00005c24   0x00000094   Code   RO          541    .text.init_menu_node  ui_logic.o
    0x00005cb8   0x00005cb8   0x00000038   Code   RO          922    .text.led_set_color  rgb_led.o
    0x00005cf0   0x00005cf0   0x0000002c   Code   RO            8    .text.main          main.o
    0x00005d1c   0x00005d1c   0x000002b4   Code   RO          440    .text.menu_init_and_create  ui_app.o
    0x00005fd0   0x00005fd0   0x000001dc   Code   RO          523    .text.modify_variable_value  ui_logic.o
    0x000061ac   0x000061ac   0x0000000c   Code   RO          197    .text.motor_init    motor_app.o
    0x000061b8   0x000061b8   0x00000018   Code   RO          199    .text.motor_set_pwms  motor_app.o
    0x000061d0   0x000061d0   0x00000018   Code   RO          162    .text.mspm0_attach_interrupt  encoder_app.o
    0x000061e8   0x000061e8   0x0000000e   Code   RO          160    .text.mspm0_gpio_read  encoder_app.o
    0x000061f6   0x000061f6   0x00000002   PAD
    0x000061f8   0x000061f8   0x00000024   Code   RO          895    .text.music_player_start  beep.o
    0x0000621c   0x0000621c   0x00000018   Code   RO          897    .text.music_player_stop  beep.o
    0x00006234   0x00006234   0x00000138   Code   RO          901    .text.music_player_update  beep.o
    0x0000636c   0x0000636c   0x0000005c   Code   RO          549    .text.oled_menu_tick  ui_logic.o
    0x000063c8   0x000063c8   0x0000003a   Code   RO          868    .text.pca9555_read_bit12  pca9555.o
    0x00006402   0x00006402   0x00000002   PAD
    0x00006404   0x00006404   0x000000e0   Code   RO           24    .text.periodic_event_task_process  periodic_event_task.o
    0x000064e4   0x000064e4   0x00000038   Code   RO          212    .text.play_alert_blocking  alert.o
    0x0000651c   0x0000651c   0x00000028   Code   RO          434    .text.play_music_1_cb  ui_app.o
    0x00006544   0x00006544   0x00000028   Code   RO          436    .text.play_music_2_cb  ui_app.o
    0x0000656c   0x0000656c   0x00000030   Code   RO          472    .text.read_button_GPIO  ui_button.o
    0x0000659c   0x0000659c   0x00000048   Code   RO          424    .text.run_task01_cb  ui_app.o
    0x000065e4   0x000065e4   0x00000048   Code   RO          426    .text.run_task02_cb  ui_app.o
    0x0000662c   0x0000662c   0x00000048   Code   RO          428    .text.run_task03_cb  ui_app.o
    0x00006674   0x00006674   0x0000004c   Code   RO          430    .text.run_task04_cb  ui_app.o
    0x000066c0   0x000066c0   0x000000a4   Code   RO          521    .text.select_next   ui_logic.o
    0x00006764   0x00006764   0x0000000c   Code   RO          216    .text.set_alert_count  alert.o
    0x00006770   0x00006770   0x00000038   Code   RO          432    .text.set_yaw_zero  ui_app.o
    0x000067a8   0x000067a8   0x0000008c   Code   RO          509    .text.show_message  ui_logic.o
    0x00006834   0x00006834   0x00000764   Code   RO          413    .text.show_oled_opening_animation  ui_animation.o
    0x00006f98   0x00006f98   0x000000d8   Code   RO          309    .text.speed_pid_init  car_pid.o
    0x00007070   0x00007070   0x00000048   Code   RO          992    .text.spi_read_write_byte  bsp_spi.o
    0x000070b8   0x000070b8   0x00000160   Code   RO          256    .text.spin_turn     car_controller.o
    0x00007218   0x00007218   0x00000028   Code   RO          220    .text.start_alert   alert.o
    0x00007240   0x00007240   0x0000001c   Code   RO          438    .text.stop_music_cb  ui_app.o
    0x0000725c   0x0000725c   0x00000038   Code   RO          802    .text.systick_init  systick.o
    0x00007294   0x00007294   0x00000098   Code   RO          855    .text.tb6612_disable_all_motor_impl  motor_tb6612.o
    0x0000732c   0x0000732c   0x00000068   Code   RO          853    .text.tb6612_enable_all_motor_impl  motor_tb6612.o
    0x00007394   0x00007394   0x0000019e   Code   RO          857    .text.tb6612_set_pwms_impl  motor_tb6612.o
    0x00007532   0x00007532   0x00000016   Code   RO         1049    .text.u8g2_ClearBuffer  u8g2_buffer.o
    0x00007548   0x00007548   0x00000042   Code   RO         1033    .text.u8g2_DrawBox  u8g2_box.o
    0x0000758a   0x0000758a   0x000000a2   Code   RO         1081    .text.u8g2_DrawCircle  u8g2_circle.o
    0x0000762c   0x0000762c   0x000000a2   Code   RO         1083    .text.u8g2_DrawDisc  u8g2_circle.o
    0x000076ce   0x000076ce   0x00000082   Code   RO         1035    .text.u8g2_DrawFrame  u8g2_box.o
    0x00007750   0x00007750   0x00000086   Code   RO         1252    .text.u8g2_DrawHLine  u8g2_hvline.o
    0x000077d6   0x000077d6   0x00000112   Code   RO         1250    .text.u8g2_DrawHVLine  u8g2_hvline.o
    0x000078e8   0x000078e8   0x000000e8   Code   RO         1292    .text.u8g2_DrawLine  u8g2_line.o
    0x000079d0   0x000079d0   0x0000003a   Code   RO         1256    .text.u8g2_DrawPixel  u8g2_hvline.o
    0x00007a0a   0x00007a0a   0x00000164   Code   RO         1037    .text.u8g2_DrawRBox  u8g2_box.o
    0x00007b6e   0x00007b6e   0x000000f2   Code   RO         1039    .text.u8g2_DrawRFrame  u8g2_box.o
    0x00007c60   0x00007c60   0x0000000c   Code   RO         1180    .text.u8g2_DrawStr  u8g2_font.o
    0x00007c6c   0x00007c6c   0x00000086   Code   RO         1254    .text.u8g2_DrawVLine  u8g2_hvline.o
    0x00007cf2   0x00007cf2   0x0000011c   Code   RO         1172    .text.u8g2_GetGlyphWidth  u8g2_font.o
    0x00007e0e   0x00007e0e   0x00000002   PAD
    0x00007e10   0x00007e10   0x00000010   Code   RO         1232    .text.u8g2_GetStrWidth  u8g2_font.o
    0x00007e20   0x00007e20   0x00000038   Code   RO          402    .text.u8g2_Init     oled_driver.o
    0x00007e58   0x00007e58   0x00000062   Code   RO         1270    .text.u8g2_IsIntersection  u8g2_intersection.o
    0x00007eba   0x00007eba   0x00000010   Code   RO         1051    .text.u8g2_SendBuffer  u8g2_buffer.o
    0x00007eca   0x00007eca   0x0000000c   Code   RO         1258    .text.u8g2_SetDrawColor  u8g2_hvline.o
    0x00007ed6   0x00007ed6   0x000000b6   Code   RO         1220    .text.u8g2_SetFont  u8g2_font.o
    0x00007f8c   0x00007f8c   0x0000000c   Code   RO         1206    .text.u8g2_SetFontPosBaseline  u8g2_font.o
    0x00007f98   0x00007f98   0x00000054   Code   RO         1344    .text.u8g2_SetupBuffer  u8g2_setup.o
    0x00007fec   0x00007fec   0x0000003c   Code   RO         1124    .text.u8g2_Setup_ssd1306_128x64_noname_f  u8g2_d_setup.o
    0x00008028   0x00008028   0x00000024   Code   RO         1158    .text.u8g2_add_vector_x  u8g2_font.o
    0x0000804c   0x0000804c   0x00000024   Code   RO         1156    .text.u8g2_add_vector_y  u8g2_font.o
    0x00008070   0x00008070   0x000000c6   Code   RO         1089    .text.u8g2_draw_circle_section  u8g2_circle.o
    0x00008136   0x00008136   0x000000e0   Code   RO         1091    .text.u8g2_draw_disc_section  u8g2_circle.o
    0x00008216   0x00008216   0x00000016   Code   RO         1248    .text.u8g2_draw_hv_line_2dir  u8g2_hvline.o
    0x0000822c   0x0000822c   0x00000010   Code   RO         1366    .text.u8g2_draw_l90_r0  u8g2_setup.o
    0x0000823c   0x0000823c   0x00000104   Code   RO         1182    .text.u8g2_draw_string  u8g2_font.o
    0x00008340   0x00008340   0x00000004   Code   RO         1204    .text.u8g2_font_calc_vref_font  u8g2_font.o
    0x00008344   0x00008344   0x0000049c   Code   RO         1164    .text.u8g2_font_decode_glyph  u8g2_font.o
    0x000087e0   0x000087e0   0x000000ec   Code   RO         1168    .text.u8g2_font_get_glyph_data  u8g2_font.o
    0x000088cc   0x000088cc   0x0000000e   Code   RO         1138    .text.u8g2_font_get_word  u8g2_font.o
    0x000088da   0x000088da   0x00000002   PAD
    0x000088dc   0x000088dc   0x00000050   Code   RO          400    .text.u8g2_gpio_and_delay_mspm0  oled_driver.o
    0x0000892c   0x0000892c   0x00000242   Code   RO         1301    .text.u8g2_ll_hvline_vertical_top_lsb  u8g2_ll_hvline.o
    0x00008b6e   0x00008b6e   0x00000002   PAD
    0x00008b70   0x00008b70   0x0000000c   Code   RO         1114    .text.u8g2_m_16_8_f  u8g2_d_memory.o
    0x00008b7c   0x00008b7c   0x00000054   Code   RO         1053    .text.u8g2_send_buffer  u8g2_buffer.o
    0x00008bd0   0x00008bd0   0x000000ac   Code   RO         1234    .text.u8g2_string_width  u8g2_font.o
    0x00008c7c   0x00008c7c   0x00000034   Code   RO         1350    .text.u8g2_update_dimension_r0  u8g2_setup.o
    0x00008cb0   0x00008cb0   0x0000007e   Code   RO         1352    .text.u8g2_update_page_win_r0  u8g2_setup.o
    0x00008d2e   0x00008d2e   0x0000001e   Code   RO         1587    .text.u8x8_DrawTile  u8x8_display.o
    0x00008d4c   0x00008d4c   0x0000000e   Code   RO         1593    .text.u8x8_InitDisplay  u8x8_display.o
    0x00008d5a   0x00008d5a   0x0000000e   Code   RO         1601    .text.u8x8_RefreshDisplay  u8x8_display.o
    0x00008d68   0x00008d68   0x0000000e   Code   RO         1595    .text.u8x8_SetPowerSave  u8x8_display.o
    0x00008d76   0x00008d76   0x00000026   Code   RO         1634    .text.u8x8_Setup    u8x8_setup.o
    0x00008d9c   0x00008d9c   0x0000000e   Code   RO         1589    .text.u8x8_SetupMemory  u8x8_display.o
    0x00008daa   0x00008daa   0x00000002   PAD
    0x00008dac   0x00008dac   0x00000014   Code   RO         1409    .text.u8x8_ascii_next  u8x8_8x8.o
    0x00008dc0   0x00008dc0   0x0000009c   Code   RO          398    .text.u8x8_byte_3wire_hw_spi  oled_driver.o
    0x00008e5c   0x00008e5c   0x00000012   Code   RO         1447    .text.u8x8_byte_SendByte  u8x8_byte.o
    0x00008e6e   0x00008e6e   0x0000000e   Code   RO         1445    .text.u8x8_byte_SendBytes  u8x8_byte.o
    0x00008e7c   0x00008e7c   0x0000000e   Code   RO         1443    .text.u8x8_byte_SetDC  u8x8_byte.o
    0x00008e8a   0x00008e8a   0x00000002   PAD
    0x00008e8c   0x00008e8c   0x00000060   Code   RO         1511    .text.u8x8_cad_001  u8x8_cad.o
    0x00008eec   0x00008eec   0x0000000e   Code   RO         1495    .text.u8x8_cad_EndTransfer  u8x8_cad.o
    0x00008efa   0x00008efa   0x0000000e   Code   RO         1487    .text.u8x8_cad_SendArg  u8x8_cad.o
    0x00008f08   0x00008f08   0x0000000e   Code   RO         1485    .text.u8x8_cad_SendCmd  u8x8_cad.o
    0x00008f16   0x00008f16   0x0000000e   Code   RO         1491    .text.u8x8_cad_SendData  u8x8_cad.o
    0x00008f24   0x00008f24   0x0000006c   Code   RO         1501    .text.u8x8_cad_SendSequence  u8x8_cad.o
    0x00008f90   0x00008f90   0x0000000e   Code   RO         1493    .text.u8x8_cad_StartTransfer  u8x8_cad.o
    0x00008f9e   0x00008f9e   0x0000006a   Code   RO         1585    .text.u8x8_d_helper_display_init  u8x8_display.o
    0x00009008   0x00009008   0x0000000a   Code   RO         1583    .text.u8x8_d_helper_display_setup_memory  u8x8_display.o
    0x00009012   0x00009012   0x00000002   PAD
    0x00009014   0x00009014   0x0000004c   Code   RO         1546    .text.u8x8_d_ssd1306_128x64_noname  u8x8_d_ssd1306_128x64_noname.o
    0x00009060   0x00009060   0x000000e0   Code   RO         1548    .text.u8x8_d_ssd1306_sh1106_generic  u8x8_d_ssd1306_128x64_noname.o
    0x00009140   0x00009140   0x0000000a   Code   RO         1619    .text.u8x8_gpio_call  u8x8_gpio.o
    0x0000914a   0x0000914a   0x00000008   Code   RO         1407    .text.u8x8_utf8_init  u8x8_8x8.o
    0x00009152   0x00009152   0x00000002   PAD
    0x00009154   0x00009154   0x000000ec   Code   RO          240    .text.update_encoder  car_controller.o
    0x00009240   0x00009240   0x000000a8   Code   RO          242    .text.update_straight_control  car_controller.o
    0x000092e8   0x000092e8   0x00000046   Code   RO          982    .text.usart_printf  uart_driver.o
    0x0000932e   0x0000932e   0x0000001c   Code   RO          980    .text.usart_send_bytes  uart_driver.o
    0x0000934a   0x0000934a   0x00000002   PAD
    0x0000934c   0x0000934c   0x000000c0   Code   RO          470    .text.user_button_init  ui_button.o
    0x0000940c   0x0000940c   0x0000000c   Code   RO          757    .text.wit_jyxx_init  wit_jyxx.o
    0x00009418   0x00009418   0x000001f6   Code   RO         2070    .text_divfast       c_p.l(aeabi_sdivfast.o)
    0x0000960e   0x0000960e   0x00000030   Code   RO         2340    i.__ARM_common_ll_muluu  c_p.l(btod.o)
    0x0000963e   0x0000963e   0x00000002   PAD
    0x00009640   0x00009640   0x0000002c   Code   RO         2269    i.__ARM_fpclassify  m_ps.l(fpclassify.o)
    0x0000966c   0x0000966c   0x00000022   Code   RO         2271    i.__ARM_fpclassifyf  m_ps.l(fpclassifyf.o)
    0x0000968e   0x0000968e   0x0000000a   Code   RO         2274    i.__mathlib_flt_infnan  m_ps.l(funder.o)
    0x00009698   0x00009698   0x0000000c   Code   RO         2276    i.__mathlib_flt_invalid  m_ps.l(funder.o)
    0x000096a4   0x000096a4   0x0000000e   Code   RO         2279    i.__mathlib_flt_underflow  m_ps.l(funder.o)
    0x000096b2   0x000096b2   0x00000002   PAD
    0x000096b4   0x000096b4   0x00000180   Code   RO         2290    i.__mathlib_rredf2  m_ps.l(rredf.o)
    0x00009834   0x00009834   0x00000016   Code   RO         2091    i._dgr              fz_ps.l(dcmp.o)
    0x0000984a   0x0000984a   0x00000016   Code   RO         2093    i._dls              fz_ps.l(dcmp.o)
    0x00009860   0x00009860   0x00000016   Code   RO         2128    i._fgeq             fz_ps.l(fcmp.o)
    0x00009876   0x00009876   0x00000016   Code   RO         2129    i._fgr              fz_ps.l(fcmp.o)
    0x0000988c   0x0000988c   0x0000001a   Code   RO         2130    i._fleq             fz_ps.l(fcmp.o)
    0x000098a6   0x000098a6   0x00000016   Code   RO         2131    i._fls              fz_ps.l(fcmp.o)
    0x000098bc   0x000098bc   0x0000000e   Code   RO         2032    i._is_digit         c_p.l(__printf_wp.o)
    0x000098ca   0x000098ca   0x00000002   PAD
    0x000098cc   0x000098cc   0x00000178   Code   RO         2172    i.cosf              m_ps.l(cosf.o)
    0x00009a44   0x00009a44   0x00000184   Code   RO         2176    i.sinf              m_ps.l(sinf.o)
    0x00009bc8   0x00009bc8   0x0000002c   Code   RO         2345    locale$$code        c_p.l(lc_numeric_c.o)
    0x00009bf4   0x00009bf4   0x0000002c   Code   RO         2366    locale$$code        c_p.l(lc_ctype_c.o)
    0x00009c20   0x00009c20   0x00000064   Code   RO         2235    x$fpl$dgeqf         fz_ps.l(dgef.o)
    0x00009c84   0x00009c84   0x00000064   Code   RO         2237    x$fpl$dleqf         fz_ps.l(dlef.o)
    0x00009ce8   0x00009ce8   0x0000008c   Code   RO         2115    x$fpl$fadd          fz_ps.l(faddsub.o)
    0x00009d74   0x00009d74   0x00000054   Code   RO         2243    x$fpl$fgeqf         fz_ps.l(fgef.o)
    0x00009dc8   0x00009dc8   0x00000054   Code   RO         2245    x$fpl$fleqf         fz_ps.l(flef.o)
    0x00009e1c   0x00009e1c   0x000000b0   Code   RO         2152    x$fpl$fmul          fz_ps.l(fmul.o)
    0x00009ecc   0x00009ecc   0x00000018   Code   RO         2116    x$fpl$frsb          fz_ps.l(faddsub.o)
    0x00009ee4   0x00009ee4   0x000000d0   Code   RO         2117    x$fpl$fsub          fz_ps.l(faddsub.o)
    0x00009fb4   0x00009fb4   0x00000010   Code   RO         2154    x$fpl$printf1       fz_ps.l(printf1.o)
    0x00009fc4   0x00009fc4   0x00000010   Code   RO         2156    x$fpl$printf2       fz_ps.l(printf2.o)
    0x00009fd4   0x00009fd4   0x00000000   Code   RO         2249    x$fpl$usenofp       fz_ps.l(usenofp.o)
    0x00009fd4   0x00009fd4   0x00000008   Data   RO         1993    .constdata          c_p.l(_printf_wctomb.o)
    0x00009fdc   0x00009fdc   0x00000028   Data   RO         2020    .constdata          c_p.l(_printf_hex_int_ll_ptr.o)
    0x0000a004   0x0000a004   0x00000011   Data   RO         2040    .constdata          c_p.l(__printf_flags_ss_wp.o)
    0x0000a015   0x0000a015   0x00000040   Data   RO         2146    .constdata          fz_ps.l(fdiv.o)
    0x0000a055   0x0000a055   0x00000026   Data   RO         2201    .constdata          c_p.l(_printf_fp_hex.o)
    0x0000a07b   0x0000a07b   0x00000001   PAD
    0x0000a07c   0x0000a07c   0x00000020   Data   RO         2291    .constdata          m_ps.l(rredf.o)
    0x0000a09c   0x0000a09c   0x00000094   Data   RO         2335    .constdata          c_p.l(bigflt0.o)
    0x0000a130   0x0000a130   0x00000060   Data   RO          171    .rodata..L__const.encoder_application_init.encoder_configs  encoder_app.o
    0x0000a190   0x0000a190   0x00000038   Data   RO          829    .rodata..Lswitch.table.encoder_manager_read_and_reset  encoder.o
    0x0000a1c8   0x0000a1c8   0x0000004a   Data   RO          904    .rodata.MusicalNote  beep.o
    0x0000a212   0x0000a212   0x00000003   Data   RO          123    .rodata.gBEEP_PWMClockConfig  ti_msp_dl_config.o
    0x0000a215   0x0000a215   0x00000003   PAD
    0x0000a218   0x0000a218   0x00000008   Data   RO          124    .rodata.gBEEP_PWMConfig  ti_msp_dl_config.o
    0x0000a220   0x0000a220   0x00000018   Data   RO          131    .rodata.gDMA_CH0Config  ti_msp_dl_config.o
    0x0000a238   0x0000a238   0x00000003   Data   RO          119    .rodata.gMotor_PWM1ClockConfig  ti_msp_dl_config.o
    0x0000a23b   0x0000a23b   0x00000001   PAD
    0x0000a23c   0x0000a23c   0x00000008   Data   RO          120    .rodata.gMotor_PWM1Config  ti_msp_dl_config.o
    0x0000a244   0x0000a244   0x00000003   Data   RO          121    .rodata.gMotor_PWM2ClockConfig  ti_msp_dl_config.o
    0x0000a247   0x0000a247   0x00000001   PAD
    0x0000a248   0x0000a248   0x00000008   Data   RO          122    .rodata.gMotor_PWM2Config  ti_msp_dl_config.o
    0x0000a250   0x0000a250   0x00000002   Data   RO          129    .rodata.gSPI_0_clockConfig  ti_msp_dl_config.o
    0x0000a252   0x0000a252   0x0000000a   Data   RO          130    .rodata.gSPI_0_config  ti_msp_dl_config.o
    0x0000a25c   0x0000a25c   0x00000028   Data   RO          118    .rodata.gSYSPLLConfig  ti_msp_dl_config.o
    0x0000a284   0x0000a284   0x00000002   Data   RO          125    .rodata.gUART_0ClockConfig  ti_msp_dl_config.o
    0x0000a286   0x0000a286   0x0000000a   Data   RO          126    .rodata.gUART_0Config  ti_msp_dl_config.o
    0x0000a290   0x0000a290   0x00000002   Data   RO          127    .rodata.gUART_1ClockConfig  ti_msp_dl_config.o
    0x0000a292   0x0000a292   0x0000000a   Data   RO          128    .rodata.gUART_1Config  ti_msp_dl_config.o
    0x0000a29c   0x0000a29c   0x00000108   Data   RO          187    .rodata.lookup_table  gray_detection_app.o
    0x0000a3a4   0x0000a3a4   0x0000020d   Data   RO          905    .rodata.music_example_1  beep.o
    0x0000a5b1   0x0000a5b1   0x000000f2   Data   RO          906    .rodata.music_example_2  beep.o
    0x0000a6a3   0x0000a6a3   0x0000000e   Data   RO          415    .rodata.str1.1      ui_animation.o
    0x0000a6b1   0x0000a6b1   0x00000034   Data   RO          446    .rodata.str1.1      ui_app.o
    0x0000a6e5   0x0000a6e5   0x00000028   Data   RO          500    .rodata.str1.1      ui_drawing.o
    0x0000a70d   0x0000a70d   0x00000008   Data   RO          793    .rodata.str1.1      log.o
    0x0000a715   0x0000a715   0x00000003   PAD
    0x0000a718   0x0000a718   0x0000000c   Data   RO         1380    .rodata.u8g2_cb_r0  u8g2_setup.o
    0x0000a724   0x0000a724   0x000002d3   Data   RO         1717    .rodata.u8g2_font_4x6_tr  u8g2_fonts.o
    0x0000a9f7   0x0000a9f7   0x0000034c   Data   RO         1718    .rodata.u8g2_font_5x8_tr  u8g2_fonts.o
    0x0000ad43   0x0000ad43   0x000003d3   Data   RO         1716    .rodata.u8g2_font_6x10_tr  u8g2_fonts.o
    0x0000b116   0x0000b116   0x00000828   Data   RO         1719    .rodata.u8g2_font_ncenB14_tr  u8g2_fonts.o
    0x0000b93e   0x0000b93e   0x00000007   Data   RO         1573    .rodata.u8x8_d_ssd1306_128x64_noname_flip0_seq  u8x8_d_ssd1306_128x64_noname.o
    0x0000b945   0x0000b945   0x00000007   Data   RO         1574    .rodata.u8x8_d_ssd1306_128x64_noname_flip1_seq  u8x8_d_ssd1306_128x64_noname.o
    0x0000b94c   0x0000b94c   0x00000035   Data   RO         1562    .rodata.u8x8_d_ssd1306_128x64_noname_init_seq  u8x8_d_ssd1306_128x64_noname.o
    0x0000b981   0x0000b981   0x00000005   Data   RO         1571    .rodata.u8x8_d_ssd1306_128x64_noname_powersave0_seq  u8x8_d_ssd1306_128x64_noname.o
    0x0000b986   0x0000b986   0x00000005   Data   RO         1572    .rodata.u8x8_d_ssd1306_128x64_noname_powersave1_seq  u8x8_d_ssd1306_128x64_noname.o
    0x0000b98b   0x0000b98b   0x00000001   PAD
    0x0000b98c   0x0000b98c   0x00000018   Data   RO         1563    .rodata.u8x8_ssd1306_128x64_noname_display_info  u8x8_d_ssd1306_128x64_noname.o
    0x0000b9a4   0x0000b9a4   0x00000004   PAD
    0x0000b9a8   0x0000b9a8   0x00000020   Data   RO         2525    Region$$Table       anon$$obj.o
    0x0000b9c8   0x0000b9c8   0x0000001c   Data   RO         2344    locale$$data        c_p.l(lc_numeric_c.o)
    0x0000b9e4   0x0000b9e4   0x00000110   Data   RO         2365    locale$$data        c_p.l(lc_ctype_c.o)


    Execution Region RW_IRAM2 (Exec base: 0x20200000, Load base: 0x0000baf8, Size: 0x00004c00, Max: 0x00008000, ABSOLUTE, COMPRESSED[0x000000d0])

    Exec Addr    Load Addr    Size         Type   Attr      Idx    E Section Name        Object

    0x20200000   COMPRESSED   0x00000007   Data   RW          226    .data..L_MergedGlobals  alert.o
    0x20200007   COMPRESSED   0x0000000f   Data   RW          762    .data..L_MergedGlobals  wit_jyxx.o
    0x20200016   COMPRESSED   0x00000004   Data   RW          474    .data.button_ids    ui_button.o
    0x2020001a   COMPRESSED   0x00000002   PAD
    0x2020001c   COMPRESSED   0x0000001c   Data   RW          262    .data.car           car_controller.o
    0x20200038   COMPRESSED   0x00000001   Data   RW          903    .data.current_volume  beep.o
    0x20200039   COMPRESSED   0x00000003   PAD
    0x2020003c   COMPRESSED   0x000000a0   Data   RW          447    .data.gyro_vars     ui_app.o
    0x202000dc   COMPRESSED   0x00000024   Data   RW          761    .data.jy901s        wit_jyxx.o
    0x20200100   COMPRESSED   0x00000004   Data   RW          907    .data.music_example_1_size  beep.o
    0x20200104   COMPRESSED   0x00000004   Data   RW          908    .data.music_example_2_size  beep.o
    0x20200108   COMPRESSED   0x00000018   Data   RW          186    .data.pca9555_i2c   gray_detection_app.o
    0x20200120   COMPRESSED   0x00000070   Data   RW           30    .data.period_tasks  periodic_event_task.o
    0x20200190   COMPRESSED   0x00000018   Data   RW          169    .data.robot_encoder_manager  encoder_app.o
    0x202001a8   COMPRESSED   0x00000054   Data   RW          461    .data.task1_action_config  ui_app.o
    0x202001fc   COMPRESSED   0x00000054   Data   RW          443    .data.task2_action_config  ui_app.o
    0x20200250   COMPRESSED   0x00000054   Data   RW          444    .data.task3_action_config  ui_app.o
    0x202002a4   COMPRESSED   0x00000054   Data   RW          445    .data.task4_action_config  ui_app.o
    0x202002f8   COMPRESSED   0x00000068   Data   RW          203    .data.tb6612_cfg    motor_app.o
    0x20200360   COMPRESSED   0x0000000c   Data   RW          859    .data.tb6612_interface  motor_tb6612.o
    0x2020036c   COMPRESSED   0x00000004   PAD
    0x20200370        -       0x00000060   Zero   RW         2358    .bss                c_p.l(libspace.o)
    0x202003d0        -       0x00000058   Zero   RW          132    .bss..L_MergedGlobals  ti_msp_dl_config.o
    0x20200428        -       0x00000044   Zero   RW          263    .bss..L_MergedGlobals  car_controller.o
    0x2020046c   COMPRESSED   0x00000004   PAD
    0x20200470        -       0x00000064   Zero   RW          288    .bss..L_MergedGlobals  car_state_machine.o
    0x202004d4        -       0x00000055   Zero   RW          551    .bss..L_MergedGlobals  ui_logic.o
    0x20200529   COMPRESSED   0x00000003   PAD
    0x2020052c        -       0x00000018   Zero   RW          909    .bss..L_MergedGlobals  beep.o
    0x20200544        -       0x00000008   Zero   RW          227    .bss..L_MergedGlobals.1  alert.o
    0x2020054c        -       0x00000001   Zero   RW          366    .bss.PID_IncrementCalculate.first_run  pid.o
    0x2020054d   COMPRESSED   0x00000003   PAD
    0x20200550        -       0x00000064   Zero   RW          324    .bss.anglePid       car_pid.o
    0x202005b4        -       0x000000b0   Zero   RW          475    .bss.buttons        ui_button.o
    0x20200664        -       0x000000a0   Zero   RW          117    .bss.gBEEP_PWMBackup  ti_msp_dl_config.o
    0x20200704        -       0x000000bc   Zero   RW          116    .bss.gMotor_PWM1Backup  ti_msp_dl_config.o
    0x202007c0        -       0x00000004   Zero   RW          301    .bss.gray_byte      car_debug.o
    0x202007c4        -       0x00000004   Zero   RW          188    .bss.gray_status_backup  gray_detection_app.o
    0x202007c8        -       0x00000004   Zero   RW          387    .bss.head_handle    multi_button.o
    0x202007cc        -       0x000003fc   Zero   RW          170    .bss.interrupt_iidx_to_encoder_instance  encoder_app.o
    0x20200bc8        -       0x00000040   Zero   RW          455    .bss.menu_init_and_create.PlayMusic  ui_app.o
    0x20200c08        -       0x00000040   Zero   RW          448    .bss.menu_init_and_create.main_menu  ui_app.o
    0x20200c48        -       0x00000040   Zero   RW          456    .bss.menu_init_and_create.music1  ui_app.o
    0x20200c88        -       0x00000040   Zero   RW          457    .bss.menu_init_and_create.music2  ui_app.o
    0x20200cc8        -       0x00000040   Zero   RW          459    .bss.menu_init_and_create.status_menu  ui_app.o
    0x20200d08        -       0x00000040   Zero   RW          460    .bss.menu_init_and_create.status_view  ui_app.o
    0x20200d48        -       0x00000040   Zero   RW          458    .bss.menu_init_and_create.stop_music  ui_app.o
    0x20200d88        -       0x00000040   Zero   RW          450    .bss.menu_init_and_create.task1  ui_app.o
    0x20200dc8        -       0x00000040   Zero   RW          451    .bss.menu_init_and_create.task2  ui_app.o
    0x20200e08        -       0x00000040   Zero   RW          452    .bss.menu_init_and_create.task3  ui_app.o
    0x20200e48        -       0x00000040   Zero   RW          453    .bss.menu_init_and_create.task4  ui_app.o
    0x20200e88        -       0x00000040   Zero   RW          454    .bss.menu_init_and_create.task5  ui_app.o
    0x20200ec8        -       0x00000040   Zero   RW          449    .bss.menu_init_and_create.tasks_menu  ui_app.o
    0x20200f08        -       0x00000064   Zero   RW          322    .bss.mileagePid     car_pid.o
    0x20200f6c        -       0x000000a0   Zero   RW          168    .bss.robot_encoders  encoder_app.o
    0x2020100c        -       0x00000190   Zero   RW          321    .bss.speedPid       car_pid.o
    0x2020119c        -       0x00000064   Zero   RW          323    .bss.straightPid    car_pid.o
    0x20201200        -       0x00000004   Zero   RW          810    .bss.system_ms_count  systick.o
    0x20201204        -       0x00000001   Zero   RW          442    .bss.task_running_flag  ui_app.o
    0x20201205   COMPRESSED   0x00000003   PAD
    0x20201208        -       0x00000064   Zero   RW          325    .bss.trackPid       car_pid.o
    0x2020126c        -       0x00000094   Zero   RW          404    .bss.u8g2           oled_driver.o
    0x20201300        -       0x00000400   Zero   RW         1116    .bss.u8g2_m_16_8_f.buf  u8g2_d_memory.o
    0x20201700        -       0x00003000   Zero   RW          141    HEAP                startup_mspm0g350x_uvision.o
    0x20204700        -       0x00000500   Zero   RW          140    STACK               startup_mspm0g350x_uvision.o



  Load Region LR_BCR (Base: 0x41c00000, Size: 0x00000000, Max: 0x00000100, ABSOLUTE)

    Execution Region BCR_CONFIG (Exec base: 0x41c00000, Load base: 0x41c00000, Size: 0x00000000, Max: 0x000000ff, ABSOLUTE)

    **** No section assigned to this execution region ****



  Load Region LR_BSL (Base: 0x41c00100, Size: 0x00000000, Max: 0x00000100, ABSOLUTE)

    Execution Region BSL_CONFIG (Exec base: 0x41c00100, Load base: 0x41c00100, Size: 0x00000000, Max: 0x00000080, ABSOLUTE)

    **** No section assigned to this execution region ****


==============================================================================

Image component sizes


      Code (inc. data)   RO Data    RW Data    ZI Data      Debug   Object Name

       140          4          0          0          0       5009   _74hc595.o
       208         16          0          7          8       2208   alert.o
       464         48        841          9         24      12723   beep.o
        72          8          0          0          0       2923   bsp_spi.o
      2004        216          0         28         68       9226   car_controller.o
        38          8          0          0          4        730   car_debug.o
       444         76          0          0        800       2847   car_pid.o
       988         22          0          0        100      10093   car_state_machine.o
        70          4          0          0          0       1168   delay.o
       432         12         56          0          0       4663   encoder.o
       334         32         96         24       1180       8614   encoder_app.o
       980        412        264         24          4       5346   gray_detection_app.o
        72         16          8          0          0       3798   log.o
        54          4          0          0          0        951   main.o
        36          8          0        104          0       3836   motor_app.o
       670          4          0         12          0       7095   motor_tb6612.o
        48         12          0          0          0       4455   mspm0g3507_it.o
       676         10          0          0          4       4325   multi_button.o
       292         42          0          0        148      10312   oled_driver.o
        58          0          0          0          0       3838   pca9555.o
       356         12          0        112          0       3710   periodic_event_task.o
      1108         20          0          0          1       6726   pid.o
        56          4          0          0          0       4496   rgb_led.o
        48         22        192          0      13568        728   startup_mspm0g350x_uvision.o
      1660         28          0          0          0      20444   sw_i2c.o
        84         24          0          0          4       3322   systick.o
      1300        256        133          0        436      36525   ti_msp_dl_config.o
       794          0          0          0          0       8007   u8g2_box.o
       122          4          0          0          0       8185   u8g2_buffer.o
       746          0          0          0          0      13038   u8g2_circle.o
        12          4          0          0       1024        802   u8g2_d_memory.o
        60         12          0          0          0       5175   u8g2_d_setup.o
      2444         24          0          0          0      51499   u8g2_font.o
         0          0       4634          0          0        751   u8g2_fonts.o
       634          0          0          0          0       9031   u8g2_hvline.o
        98          0          0          0          0       5280   u8g2_intersection.o
       232          4          0          0          0       5559   u8g2_line.o
       578          0          0          0          0       8933   u8g2_ll_hvline.o
       278          4         12          0          0      13734   u8g2_setup.o
        28          4          0          0          0      14497   u8x8_8x8.o
        46          0          0          0          0      13234   u8x8_byte.o
       274          6          0          0          0      21504   u8x8_cad.o
       300         30        101          0          0       7521   u8x8_d_ssd1306_128x64_noname.o
       202          0          0          0          0       5223   u8x8_display.o
        10          0          0          0          0       2295   u8x8_gpio.o
        38          0          0          0          0       3401   u8x8_setup.o
        98          0          0          0          0       3639   uart_driver.o
      1892        116         14          0          0       5494   ui_animation.o
      1148        444         52        496        833       5740   ui_app.o
       240         32          0          4        176       4957   ui_button.o
      3116        252         40          0          0      12590   ui_drawing.o
      1732         64          0          0         85      13329   ui_logic.o
       384         36          0         51          0       6269   wit_jyxx.o

    ----------------------------------------------------------------------
     28228       2356       6488        876      18484     429798   Object Totals
         0          0         32          0          0          0   (incl. Generated)
        30          0         13          5         17          0   (incl. Padding)

    ----------------------------------------------------------------------

      Code (inc. data)   RO Data    RW Data    ZI Data      Debug   Library Member Name

        64          4          0          0          0         84   __2snprintf.o
        86          0          0          0          0          0   __dczerorl2.o
         8          0          0          0          0         68   __main.o
       392          6         17          0          0         76   __printf_flags_ss_wp.o
        14          0          0          0          0         60   __printf_wp.o
         0          0          0          0          0          0   __rtentry.o
        12          0          0          0          0          0   __rtentry2.o
         6          0          0          0          0          0   __rtentry4.o
        86         10          0          0          0          0   __scatter.o
        28          0          0          0          0          0   __scatter_zi.o
        66          0          0          0          0         76   _c16rtomb.o
        10          0          0          0          0          0   _printf_a.o
        10          0          0          0          0          0   _printf_c.o
        46          0          0          0          0        100   _printf_char.o
        48          6          0          0          0         88   _printf_char_common.o
        38          0          0          0          0         60   _printf_charcount.o
        10          0          0          0          0          0   _printf_d.o
       108         18          0          0          0         76   _printf_dec.o
        10          0          0          0          0          0   _printf_e.o
        10          0          0          0          0          0   _printf_f.o
      1044         12          0          0          0        116   _printf_fp_dec.o
       728         10         38          0          0         84   _printf_fp_hex.o
       136         16          0          0          0         76   _printf_fp_infnan.o
        10          0          0          0          0          0   _printf_g.o
       152          4         40          0          0        148   _printf_hex_int_ll_ptr.o
        10          0          0          0          0          0   _printf_i.o
       176          0          0          0          0         84   _printf_intcommon.o
        10          0          0          0          0          0   _printf_l.o
        10          0          0          0          0          0   _printf_lc.o
        10          0          0          0          0          0   _printf_ll.o
        10          0          0          0          0          0   _printf_lld.o
        10          0          0          0          0          0   _printf_lli.o
        10          0          0          0          0          0   _printf_llo.o
        10          0          0          0          0          0   _printf_llu.o
        10          0          0          0          0          0   _printf_llx.o
       112         18          0          0          0         76   _printf_longlong_dec.o
        10          0          0          0          0          0   _printf_ls.o
        10          0          0          0          0          0   _printf_n.o
        10          0          0          0          0          0   _printf_o.o
       112         10          0          0          0        112   _printf_oct_int_ll.o
        10          0          0          0          0          0   _printf_p.o
        78          0          0          0          0        100   _printf_pad.o
         2          0          0          0          0          0   _printf_percent.o
         4          0          0          0          0          0   _printf_percent_end.o
        10          0          0          0          0          0   _printf_s.o
        82          0          0          0          0         72   _printf_str.o
        36          0          0          0          0         76   _printf_truncate.o
        10          0          0          0          0          0   _printf_u.o
        46          0          0          0          0        100   _printf_wchar.o
       188          6          8          0          0         80   _printf_wctomb.o
        10          0          0          0          0          0   _printf_x.o
        22          0          0          0          0         92   _rserrno.o
        16          0          0          0          0         60   _snputc.o
      1006          4          0          0          0        184   aeabi_sdivfast.o
       216          6        148          0          0         80   bigflt0.o
      1456         30          0          0          0        336   btod.o
        16          0          0          0          0         68   exit.o
         6          0          0          0          0        136   heapauxi.o
         0          0          0          0          0          0   indicate_semi.o
        44         10        272          0          0         76   lc_ctype_c.o
        44         10         28          0          0         76   lc_numeric_c.o
         2          0          0          0          0          0   libinit.o
        30          0          0          0          0          0   libinit2.o
         2          0          0          0          0          0   libshutdown.o
         2          0          0          0          0          0   libshutdown2.o
         8          4          0          0         96         68   libspace.o
       122          0          0          0          0         72   lludiv10.o
        16          4          0          0          0         76   rt_ctype_table.o
         8          4          0          0          0         68   rt_errno_addr_intlibspace.o
         8          4          0          0          0         68   rt_locale_intlibspace.o
        64          0          0          0          0        108   rt_memclr.o
        56          0          0          0          0         68   rt_memcpy.o
         2          0          0          0          0          0   rtexit.o
        10          0          0          0          0          0   rtexit2.o
        40          0          0          0          0         60   rtudiv10.o
       176          4          0          0          0         80   strcmpv6m.o
        68          6          0          0          0         72   strlen.o
        36          0          0          0          0         68   strncat.o
       108          4          0          0          0         76   strncpy.o
        12          4          0          0          0         60   sys_exit.o
        62          0          0          0          0         80   sys_stackheap_outer.o
         2          0          0          0          0         68   use_no_semi.o
        60          4          0          0          0         72   vsnprintf.o
        10          0          0          0          0        803   dl_common.o
        68          4          0          0          0       4510   dl_dma.o
        86          8          0          0          0      13518   dl_spi.o
       236         24          0          0          0      12877   dl_sysctl_mspm0g1x0x_g3x0x.o
       368         44          0          0          0      41557   dl_timer.o
       110         12          0          0          0      14163   dl_uart.o
        46          0          0          0          0         60   cmpret.o
        44          0          0          0          0        136   dcmp.o
       160          6          0          0          0         76   dcmpin.o
        72          4          0          0          0         68   dfixui.o
        88          0          0          0          0         92   dflti.o
       100          4          0          0          0         92   dgef.o
       100          4          0          0          0         92   dlef.o
        20          6          0          0          0         68   dnan2.o
        84          4          0          0          0         60   f2d.o
       372          8          0          0          0        240   faddsub.o
        92          0          0          0          0        272   fcmp.o
       100          4          0          0          0         68   fcmpin.o
       352         10         64          0          0         92   fdiv.o
        76          0          0          0          0         68   ffixi.o
        94          0          0          0          0         92   fflti.o
        84          4          0          0          0         76   fgef.o
        84          4          0          0          0         76   flef.o
       176          4          0          0          0         80   fmul.o
        16          6          0          0          0         68   fnan2.o
       128          6          0          0          0         68   frnd.o
        68          4          0          0          0         68   fscalbn.o
        16          4          0          0          0         76   printf1.o
        16          4          0          0          0         76   printf2.o
        94          0          0          0          0         68   retnan.o
         0          0          0          0          0          0   usenofp.o
       376         58          0          0          0        104   cosf.o
        44          4          0          0          0         60   fpclassify.o
        34          0          0          0          0         60   fpclassifyf.o
        36          0          0          0          0        204   funder.o
       384         18         32          0          0         88   rredf.o
       388         58          0          0          0        104   sinf.o

    ----------------------------------------------------------------------
     12496        538        648          0         96      94364   Library Totals
        36          4          1          0          0          0   (incl. Padding)

    ----------------------------------------------------------------------

      Code (inc. data)   RO Data    RW Data    ZI Data      Debug   Library Name

      7838        218        551          0         96       4084   c_p.l
       878         92          0          0          0      87428   driverlib.a
      2482         86         64          0          0       2232   fz_ps.l
      1262        138         32          0          0        620   m_ps.l

    ----------------------------------------------------------------------
     12496        538        648          0         96      94364   Library Totals

    ----------------------------------------------------------------------

==============================================================================


      Code (inc. data)   RO Data    RW Data    ZI Data      Debug   

     40724       2894       7136        876      18580     519394   Grand Totals
     40724       2894       7136        208      18580     519394   ELF Image Totals (compressed)
     40724       2894       7136        208          0          0   ROM Totals

==============================================================================

    Total RO  Size (Code + RO Data)                47860 (  46.74kB)
    Total RW  Size (RW Data + ZI Data)             19456 (  19.00kB)
    Total ROM Size (Code + RO Data + RW Data)      48068 (  46.94kB)

==============================================================================

