<!doctype html public "-//w3c//dtd html 4.0 transitional//en">
<html><head>
<title>Static Call Graph - [.\Objects\EmbedBolt316.axf]</title></head>
<body><HR>
<H1>Static Call Graph for image .\Objects\EmbedBolt316.axf</H1><HR>
<BR><P>#&#060CALLGRAPH&#062# ARM Linker, 6230001: Last Updated: Sat Jul  5 14:33:25 2025
<BR><P>
<H3>Maximum Stack Usage =        712 bytes + Unknown(Cycles, Untraceable Function Pointers)</H3><H3>
Call chain for Maximum Stack Depth:</H3>
debug_task &rArr; debug_speed_pid &rArr; LOG_I &rArr; usart_printf &rArr; vsnprintf &rArr; _printf_char_common &rArr; __printf
<P>
<H3>
Mutually Recursive functions
</H3> <LI><a href="#[c]">NMI_Handler</a>&nbsp;&nbsp;&nbsp;&rArr;&nbsp;&nbsp;&nbsp;<a href="#[c]">NMI_Handler</a><BR>
 <LI><a href="#[e]">SVC_Handler</a>&nbsp;&nbsp;&nbsp;&rArr;&nbsp;&nbsp;&nbsp;<a href="#[e]">SVC_Handler</a><BR>
 <LI><a href="#[f]">PendSV_Handler</a>&nbsp;&nbsp;&nbsp;&rArr;&nbsp;&nbsp;&nbsp;<a href="#[f]">PendSV_Handler</a><BR>
</UL>
<P>
<H3>
Function Pointers
</H3><UL>
 <LI><a href="#[15]">ADC0_IRQHandler</a> from startup_mspm0g350x_uvision.o(.text) referenced from startup_mspm0g350x_uvision.o(RESET)
 <LI><a href="#[16]">ADC1_IRQHandler</a> from startup_mspm0g350x_uvision.o(.text) referenced from startup_mspm0g350x_uvision.o(RESET)
 <LI><a href="#[26]">AES_IRQHandler</a> from startup_mspm0g350x_uvision.o(.text) referenced from startup_mspm0g350x_uvision.o(RESET)
 <LI><a href="#[17]">CANFD0_IRQHandler</a> from startup_mspm0g350x_uvision.o(.text) referenced from startup_mspm0g350x_uvision.o(RESET)
 <LI><a href="#[18]">DAC0_IRQHandler</a> from startup_mspm0g350x_uvision.o(.text) referenced from startup_mspm0g350x_uvision.o(RESET)
 <LI><a href="#[28]">DMA_IRQHandler</a> from startup_mspm0g350x_uvision.o(.text) referenced from startup_mspm0g350x_uvision.o(RESET)
 <LI><a href="#[11]">GROUP0_IRQHandler</a> from startup_mspm0g350x_uvision.o(.text) referenced from startup_mspm0g350x_uvision.o(RESET)
 <LI><a href="#[12]">GROUP1_IRQHandler</a> from mspm0g3507_it.o(.text.GROUP1_IRQHandler) referenced from startup_mspm0g350x_uvision.o(RESET)
 <LI><a href="#[d]">HardFault_Handler</a> from main.o(.text.HardFault_Handler) referenced from startup_mspm0g350x_uvision.o(RESET)
 <LI><a href="#[24]">I2C0_IRQHandler</a> from startup_mspm0g350x_uvision.o(.text) referenced from startup_mspm0g350x_uvision.o(RESET)
 <LI><a href="#[25]">I2C1_IRQHandler</a> from startup_mspm0g350x_uvision.o(.text) referenced from startup_mspm0g350x_uvision.o(RESET)
 <LI><a href="#[c]">NMI_Handler</a> from startup_mspm0g350x_uvision.o(.text) referenced from startup_mspm0g350x_uvision.o(RESET)
 <LI><a href="#[f]">PendSV_Handler</a> from startup_mspm0g350x_uvision.o(.text) referenced from startup_mspm0g350x_uvision.o(RESET)
 <LI><a href="#[27]">RTC_IRQHandler</a> from startup_mspm0g350x_uvision.o(.text) referenced from startup_mspm0g350x_uvision.o(RESET)
 <LI><a href="#[b]">Reset_Handler</a> from startup_mspm0g350x_uvision.o(.text) referenced from startup_mspm0g350x_uvision.o(RESET)
 <LI><a href="#[19]">SPI0_IRQHandler</a> from startup_mspm0g350x_uvision.o(.text) referenced from startup_mspm0g350x_uvision.o(RESET)
 <LI><a href="#[1a]">SPI1_IRQHandler</a> from startup_mspm0g350x_uvision.o(.text) referenced from startup_mspm0g350x_uvision.o(RESET)
 <LI><a href="#[e]">SVC_Handler</a> from startup_mspm0g350x_uvision.o(.text) referenced from startup_mspm0g350x_uvision.o(RESET)
 <LI><a href="#[0]">Serial_Jy61p_Zero_Yaw</a> from wit_jyxx.o(.text.Serial_Jy61p_Zero_Yaw) referenced 2 times from wit_jyxx.o(.data.jy901s)
 <LI><a href="#[10]">SysTick_Handler</a> from systick.o(.text.SysTick_Handler) referenced from startup_mspm0g350x_uvision.o(RESET)
 <LI><a href="#[20]">TIMA0_IRQHandler</a> from startup_mspm0g350x_uvision.o(.text) referenced from startup_mspm0g350x_uvision.o(RESET)
 <LI><a href="#[21]">TIMA1_IRQHandler</a> from startup_mspm0g350x_uvision.o(.text) referenced from startup_mspm0g350x_uvision.o(RESET)
 <LI><a href="#[1e]">TIMG0_IRQHandler</a> from startup_mspm0g350x_uvision.o(.text) referenced from startup_mspm0g350x_uvision.o(RESET)
 <LI><a href="#[23]">TIMG12_IRQHandler</a> from startup_mspm0g350x_uvision.o(.text) referenced from startup_mspm0g350x_uvision.o(RESET)
 <LI><a href="#[1f]">TIMG6_IRQHandler</a> from startup_mspm0g350x_uvision.o(.text) referenced from startup_mspm0g350x_uvision.o(RESET)
 <LI><a href="#[22]">TIMG7_IRQHandler</a> from startup_mspm0g350x_uvision.o(.text) referenced from startup_mspm0g350x_uvision.o(RESET)
 <LI><a href="#[13]">TIMG8_IRQHandler</a> from startup_mspm0g350x_uvision.o(.text) referenced from startup_mspm0g350x_uvision.o(RESET)
 <LI><a href="#[1d]">UART0_IRQHandler</a> from mspm0g3507_it.o(.text.UART0_IRQHandler) referenced from startup_mspm0g350x_uvision.o(RESET)
 <LI><a href="#[1b]">UART1_IRQHandler</a> from startup_mspm0g350x_uvision.o(.text) referenced from startup_mspm0g350x_uvision.o(RESET)
 <LI><a href="#[1c]">UART2_IRQHandler</a> from startup_mspm0g350x_uvision.o(.text) referenced from startup_mspm0g350x_uvision.o(RESET)
 <LI><a href="#[14]">UART3_IRQHandler</a> from wit_jyxx.o(.text.UART3_IRQHandler) referenced from startup_mspm0g350x_uvision.o(RESET)
 <LI><a href="#[29]">__main</a> from __main.o(!!!main) referenced from startup_mspm0g350x_uvision.o(.text)
 <LI><a href="#[2c]">_get_lc_ctype</a> from lc_ctype_c.o(locale$$code) referenced from rt_ctype_table.o(.text)
 <LI><a href="#[3f]">_printf_fp_dec_real</a> from _printf_fp_dec.o(.text) referenced from printf1.o(x$fpl$printf1)
 <LI><a href="#[40]">_printf_fp_hex_real</a> from _printf_fp_hex.o(.text) referenced from printf2.o(x$fpl$printf2)
 <LI><a href="#[2b]">_printf_input_char</a> from _printf_char_common.o(.text) referenced from _printf_char_common.o(.text)
 <LI><a href="#[2a]">_snputc</a> from _snputc.o(.text) referenced 2 times from vsnprintf.o(.text)
 <LI><a href="#[5]">alert_ticks</a> from alert.o(.text.alert_ticks) referenced 2 times from periodic_event_task.o(.data.period_tasks)
 <LI><a href="#[2e]">btn_long_press_cb</a> from ui_logic.o(.text.btn_long_press_cb) referenced from ui_logic.o(.text.create_oled_menu)
 <LI><a href="#[2d]">btn_single_click_callback</a> from ui_logic.o(.text.btn_single_click_callback) referenced from ui_logic.o(.text.create_oled_menu)
 <LI><a href="#[2]">button_ticks</a> from multi_button.o(.text.button_ticks) referenced 2 times from periodic_event_task.o(.data.period_tasks)
 <LI><a href="#[6]">car_state_machine</a> from car_state_machine.o(.text.car_state_machine) referenced 2 times from periodic_event_task.o(.data.period_tasks)
 <LI><a href="#[7]">car_task</a> from car_controller.o(.text.car_task) referenced 2 times from periodic_event_task.o(.data.period_tasks)
 <LI><a href="#[4]">debug_task</a> from periodic_event_task.o(.text.debug_task) referenced 2 times from periodic_event_task.o(.data.period_tasks)
 <LI><a href="#[31]">encoder_update</a> from encoder.o(.text.encoder_update) referenced from encoder.o(.text.encoder_manager_init)
 <LI><a href="#[2f]">mspm0_attach_interrupt</a> from encoder_app.o(.text.mspm0_attach_interrupt) referenced from encoder_app.o(.text.encoder_application_init)
 <LI><a href="#[30]">mspm0_gpio_read</a> from encoder_app.o(.text.mspm0_gpio_read) referenced from encoder_app.o(.text.encoder_application_init)
 <LI><a href="#[3]">oled_menu_tick</a> from ui_logic.o(.text.oled_menu_tick) referenced 2 times from periodic_event_task.o(.data.period_tasks)
 <LI><a href="#[3e]">read_button_GPIO</a> from ui_button.o(.text.read_button_GPIO) referenced from ui_button.o(.text.user_button_init)
 <LI><a href="#[32]">run_task01_cb</a> from ui_app.o(.text.run_task01_cb) referenced from ui_app.o(.text.menu_init_and_create)
 <LI><a href="#[33]">run_task02_cb</a> from ui_app.o(.text.run_task02_cb) referenced from ui_app.o(.text.menu_init_and_create)
 <LI><a href="#[34]">run_task03_cb</a> from ui_app.o(.text.run_task03_cb) referenced from ui_app.o(.text.menu_init_and_create)
 <LI><a href="#[35]">run_task04_cb</a> from ui_app.o(.text.run_task04_cb) referenced from ui_app.o(.text.menu_init_and_create)
 <LI><a href="#[36]">set_yaw_zero</a> from ui_app.o(.text.set_yaw_zero) referenced from ui_app.o(.text.menu_init_and_create)
 <LI><a href="#[9]">tb6612_disable_all_motor_impl</a> from motor_tb6612.o(.text.tb6612_disable_all_motor_impl) referenced 2 times from motor_tb6612.o(.data.tb6612_interface)
 <LI><a href="#[8]">tb6612_enable_all_motor_impl</a> from motor_tb6612.o(.text.tb6612_enable_all_motor_impl) referenced 2 times from motor_tb6612.o(.data.tb6612_interface)
 <LI><a href="#[a]">tb6612_set_pwms_impl</a> from motor_tb6612.o(.text.tb6612_set_pwms_impl) referenced 2 times from motor_tb6612.o(.data.tb6612_interface)
 <LI><a href="#[43]">u8g2_draw_l90_r0</a> from u8g2_setup.o(.text.u8g2_draw_l90_r0) referenced from u8g2_setup.o(.rodata.u8g2_cb_r0)
 <LI><a href="#[3a]">u8g2_font_calc_vref_font</a> from u8g2_font.o(.text.u8g2_font_calc_vref_font) referenced from u8g2_font.o(.text.u8g2_SetFontPosBaseline)
 <LI><a href="#[39]">u8g2_gpio_and_delay_mspm0</a> from oled_driver.o(.text.u8g2_gpio_and_delay_mspm0) referenced from oled_driver.o(.text.u8g2_Init)
 <LI><a href="#[3d]">u8g2_ll_hvline_vertical_top_lsb</a> from u8g2_ll_hvline.o(.text.u8g2_ll_hvline_vertical_top_lsb) referenced from u8g2_d_setup.o(.text.u8g2_Setup_ssd1306_128x64_noname_f)
 <LI><a href="#[41]">u8g2_update_dimension_r0</a> from u8g2_setup.o(.text.u8g2_update_dimension_r0) referenced from u8g2_setup.o(.rodata.u8g2_cb_r0)
 <LI><a href="#[42]">u8g2_update_page_win_r0</a> from u8g2_setup.o(.text.u8g2_update_page_win_r0) referenced from u8g2_setup.o(.rodata.u8g2_cb_r0)
 <LI><a href="#[37]">u8x8_ascii_next</a> from u8x8_8x8.o(.text.u8x8_ascii_next) referenced from u8g2_font.o(.text.u8g2_GetStrWidth)
 <LI><a href="#[38]">u8x8_byte_3wire_hw_spi</a> from oled_driver.o(.text.u8x8_byte_3wire_hw_spi) referenced from oled_driver.o(.text.u8g2_Init)
 <LI><a href="#[3c]">u8x8_cad_001</a> from u8x8_cad.o(.text.u8x8_cad_001) referenced from u8g2_d_setup.o(.text.u8g2_Setup_ssd1306_128x64_noname_f)
 <LI><a href="#[3b]">u8x8_d_ssd1306_128x64_noname</a> from u8x8_d_ssd1306_128x64_noname.o(.text.u8x8_d_ssd1306_128x64_noname) referenced from u8g2_d_setup.o(.text.u8g2_Setup_ssd1306_128x64_noname_f)
 <LI><a href="#[1]">wit_jyxx_init</a> from wit_jyxx.o(.text.wit_jyxx_init) referenced 2 times from wit_jyxx.o(.data.jy901s)
</UL>
<P>
<H3>
Global Symbols
</H3>
<P><STRONG><a name="[29]"></a>__main</STRONG> (Thumb, 8 bytes, Stack size 0 bytes, __main.o(!!!main))
<BR><BR>[Calls]<UL><LI><a href="#[45]">&gt;&gt;</a>&nbsp;&nbsp;&nbsp;__rt_entry
<LI><a href="#[44]">&gt;&gt;</a>&nbsp;&nbsp;&nbsp;__scatterload
</UL>
<BR>[Address Reference Count : 1]<UL><LI> startup_mspm0g350x_uvision.o(.text)
</UL>
<P><STRONG><a name="[44]"></a>__scatterload</STRONG> (Thumb, 0 bytes, Stack size unknown bytes, __scatter.o(!!!scatter))
<BR><BR>[Called By]<UL><LI><a href="#[29]">&gt;&gt;</a>&nbsp;&nbsp;&nbsp;__main
</UL>

<P><STRONG><a name="[46]"></a>__scatterload_rt2</STRONG> (Thumb, 74 bytes, Stack size unknown bytes, __scatter.o(!!!scatter), UNUSED)
<BR><BR>[Calls]<UL><LI><a href="#[45]">&gt;&gt;</a>&nbsp;&nbsp;&nbsp;__rt_entry
</UL>

<P><STRONG><a name="[17a]"></a>__scatterload_rt2_thumb_only</STRONG> (Thumb, 0 bytes, Stack size unknown bytes, __scatter.o(!!!scatter), UNUSED)

<P><STRONG><a name="[17b]"></a>__scatterload_loop</STRONG> (Thumb, 0 bytes, Stack size unknown bytes, __scatter.o(!!!scatter), UNUSED)

<P><STRONG><a name="[17c]"></a>__scatterload_null</STRONG> (Thumb, 2 bytes, Stack size unknown bytes, __scatter.o(!!handler_null), UNUSED)

<P><STRONG><a name="[17d]"></a>__scatterload_zeroinit</STRONG> (Thumb, 28 bytes, Stack size unknown bytes, __scatter_zi.o(!!handler_zi), UNUSED)

<P><STRONG><a name="[8d]"></a>_printf_percent</STRONG> (Thumb, 0 bytes, Stack size unknown bytes, _printf_percent.o(.ARM.Collect$$_printf_percent$$00000000))
<BR><BR>[Called By]<UL><LI><a href="#[8b]">&gt;&gt;</a>&nbsp;&nbsp;&nbsp;__printf
</UL>

<P><STRONG><a name="[47]"></a>_printf_n</STRONG> (Thumb, 0 bytes, Stack size unknown bytes, _printf_n.o(.ARM.Collect$$_printf_percent$$00000001))
<BR><BR>[Stack]<UL><LI>Max Depth = 96 + Unknown Stack Size
<LI>Call Chain = _printf_n &rArr; _printf_p &rArr; _printf_f &rArr; _printf_e &rArr; _printf_g &rArr; _printf_a &rArr; _printf_ll &rArr; _printf_i &rArr; _printf_d &rArr; _printf_u &rArr; _printf_o &rArr; _printf_x &rArr; _printf_int_hex &rArr; _printf_longlong_hex &rArr; _printf_int_common &rArr; _printf_post_padding
</UL>
<BR>[Calls]<UL><LI><a href="#[48]">&gt;&gt;</a>&nbsp;&nbsp;&nbsp;_printf_p
<LI><a href="#[49]">&gt;&gt;</a>&nbsp;&nbsp;&nbsp;_printf_charcount
</UL>

<P><STRONG><a name="[48]"></a>_printf_p</STRONG> (Thumb, 0 bytes, Stack size unknown bytes, _printf_p.o(.ARM.Collect$$_printf_percent$$00000002))
<BR><BR>[Stack]<UL><LI>Max Depth = 96 + Unknown Stack Size
<LI>Call Chain = _printf_p &rArr; _printf_f &rArr; _printf_e &rArr; _printf_g &rArr; _printf_a &rArr; _printf_ll &rArr; _printf_i &rArr; _printf_d &rArr; _printf_u &rArr; _printf_o &rArr; _printf_x &rArr; _printf_int_hex &rArr; _printf_longlong_hex &rArr; _printf_int_common &rArr; _printf_post_padding
</UL>
<BR>[Calls]<UL><LI><a href="#[4a]">&gt;&gt;</a>&nbsp;&nbsp;&nbsp;_printf_f
<LI><a href="#[4b]">&gt;&gt;</a>&nbsp;&nbsp;&nbsp;_printf_hex_ptr
</UL>
<BR>[Called By]<UL><LI><a href="#[47]">&gt;&gt;</a>&nbsp;&nbsp;&nbsp;_printf_n
</UL>

<P><STRONG><a name="[4a]"></a>_printf_f</STRONG> (Thumb, 0 bytes, Stack size unknown bytes, _printf_f.o(.ARM.Collect$$_printf_percent$$00000003))
<BR><BR>[Stack]<UL><LI>Max Depth = 96 + Unknown Stack Size
<LI>Call Chain = _printf_f &rArr; _printf_e &rArr; _printf_g &rArr; _printf_a &rArr; _printf_ll &rArr; _printf_i &rArr; _printf_d &rArr; _printf_u &rArr; _printf_o &rArr; _printf_x &rArr; _printf_int_hex &rArr; _printf_longlong_hex &rArr; _printf_int_common &rArr; _printf_post_padding
</UL>
<BR>[Calls]<UL><LI><a href="#[4d]">&gt;&gt;</a>&nbsp;&nbsp;&nbsp;_printf_fp_dec
<LI><a href="#[4c]">&gt;&gt;</a>&nbsp;&nbsp;&nbsp;_printf_e
</UL>
<BR>[Called By]<UL><LI><a href="#[48]">&gt;&gt;</a>&nbsp;&nbsp;&nbsp;_printf_p
</UL>

<P><STRONG><a name="[4c]"></a>_printf_e</STRONG> (Thumb, 0 bytes, Stack size unknown bytes, _printf_e.o(.ARM.Collect$$_printf_percent$$00000004))
<BR><BR>[Stack]<UL><LI>Max Depth = 96 + Unknown Stack Size
<LI>Call Chain = _printf_e &rArr; _printf_g &rArr; _printf_a &rArr; _printf_ll &rArr; _printf_i &rArr; _printf_d &rArr; _printf_u &rArr; _printf_o &rArr; _printf_x &rArr; _printf_int_hex &rArr; _printf_longlong_hex &rArr; _printf_int_common &rArr; _printf_post_padding
</UL>
<BR>[Calls]<UL><LI><a href="#[4d]">&gt;&gt;</a>&nbsp;&nbsp;&nbsp;_printf_fp_dec
<LI><a href="#[4e]">&gt;&gt;</a>&nbsp;&nbsp;&nbsp;_printf_g
</UL>
<BR>[Called By]<UL><LI><a href="#[4a]">&gt;&gt;</a>&nbsp;&nbsp;&nbsp;_printf_f
</UL>

<P><STRONG><a name="[4e]"></a>_printf_g</STRONG> (Thumb, 0 bytes, Stack size unknown bytes, _printf_g.o(.ARM.Collect$$_printf_percent$$00000005))
<BR><BR>[Stack]<UL><LI>Max Depth = 96 + Unknown Stack Size
<LI>Call Chain = _printf_g &rArr; _printf_a &rArr; _printf_ll &rArr; _printf_i &rArr; _printf_d &rArr; _printf_u &rArr; _printf_o &rArr; _printf_x &rArr; _printf_int_hex &rArr; _printf_longlong_hex &rArr; _printf_int_common &rArr; _printf_post_padding
</UL>
<BR>[Calls]<UL><LI><a href="#[4d]">&gt;&gt;</a>&nbsp;&nbsp;&nbsp;_printf_fp_dec
<LI><a href="#[4f]">&gt;&gt;</a>&nbsp;&nbsp;&nbsp;_printf_a
</UL>
<BR>[Called By]<UL><LI><a href="#[4c]">&gt;&gt;</a>&nbsp;&nbsp;&nbsp;_printf_e
</UL>

<P><STRONG><a name="[4f]"></a>_printf_a</STRONG> (Thumb, 0 bytes, Stack size unknown bytes, _printf_a.o(.ARM.Collect$$_printf_percent$$00000006))
<BR><BR>[Stack]<UL><LI>Max Depth = 96 + Unknown Stack Size
<LI>Call Chain = _printf_a &rArr; _printf_ll &rArr; _printf_i &rArr; _printf_d &rArr; _printf_u &rArr; _printf_o &rArr; _printf_x &rArr; _printf_int_hex &rArr; _printf_longlong_hex &rArr; _printf_int_common &rArr; _printf_post_padding
</UL>
<BR>[Calls]<UL><LI><a href="#[50]">&gt;&gt;</a>&nbsp;&nbsp;&nbsp;_printf_ll
<LI><a href="#[51]">&gt;&gt;</a>&nbsp;&nbsp;&nbsp;_printf_fp_hex
</UL>
<BR>[Called By]<UL><LI><a href="#[4e]">&gt;&gt;</a>&nbsp;&nbsp;&nbsp;_printf_g
</UL>

<P><STRONG><a name="[50]"></a>_printf_ll</STRONG> (Thumb, 0 bytes, Stack size unknown bytes, _printf_ll.o(.ARM.Collect$$_printf_percent$$00000007))
<BR><BR>[Stack]<UL><LI>Max Depth = 96 + Unknown Stack Size
<LI>Call Chain = _printf_ll &rArr; _printf_i &rArr; _printf_d &rArr; _printf_u &rArr; _printf_o &rArr; _printf_x &rArr; _printf_int_hex &rArr; _printf_longlong_hex &rArr; _printf_int_common &rArr; _printf_post_padding
</UL>
<BR>[Calls]<UL><LI><a href="#[52]">&gt;&gt;</a>&nbsp;&nbsp;&nbsp;_printf_i
</UL>
<BR>[Called By]<UL><LI><a href="#[4f]">&gt;&gt;</a>&nbsp;&nbsp;&nbsp;_printf_a
</UL>

<P><STRONG><a name="[52]"></a>_printf_i</STRONG> (Thumb, 0 bytes, Stack size unknown bytes, _printf_i.o(.ARM.Collect$$_printf_percent$$00000008))
<BR><BR>[Stack]<UL><LI>Max Depth = 96 + Unknown Stack Size
<LI>Call Chain = _printf_i &rArr; _printf_d &rArr; _printf_u &rArr; _printf_o &rArr; _printf_x &rArr; _printf_int_hex &rArr; _printf_longlong_hex &rArr; _printf_int_common &rArr; _printf_post_padding
</UL>
<BR>[Calls]<UL><LI><a href="#[53]">&gt;&gt;</a>&nbsp;&nbsp;&nbsp;_printf_d
<LI><a href="#[54]">&gt;&gt;</a>&nbsp;&nbsp;&nbsp;_printf_int_dec
</UL>
<BR>[Called By]<UL><LI><a href="#[50]">&gt;&gt;</a>&nbsp;&nbsp;&nbsp;_printf_ll
</UL>

<P><STRONG><a name="[53]"></a>_printf_d</STRONG> (Thumb, 0 bytes, Stack size unknown bytes, _printf_d.o(.ARM.Collect$$_printf_percent$$00000009))
<BR><BR>[Stack]<UL><LI>Max Depth = 96 + Unknown Stack Size
<LI>Call Chain = _printf_d &rArr; _printf_u &rArr; _printf_o &rArr; _printf_x &rArr; _printf_int_hex &rArr; _printf_longlong_hex &rArr; _printf_int_common &rArr; _printf_post_padding
</UL>
<BR>[Calls]<UL><LI><a href="#[55]">&gt;&gt;</a>&nbsp;&nbsp;&nbsp;_printf_u
<LI><a href="#[54]">&gt;&gt;</a>&nbsp;&nbsp;&nbsp;_printf_int_dec
</UL>
<BR>[Called By]<UL><LI><a href="#[52]">&gt;&gt;</a>&nbsp;&nbsp;&nbsp;_printf_i
</UL>

<P><STRONG><a name="[55]"></a>_printf_u</STRONG> (Thumb, 0 bytes, Stack size unknown bytes, _printf_u.o(.ARM.Collect$$_printf_percent$$0000000A))
<BR><BR>[Stack]<UL><LI>Max Depth = 96 + Unknown Stack Size
<LI>Call Chain = _printf_u &rArr; _printf_o &rArr; _printf_x &rArr; _printf_int_hex &rArr; _printf_longlong_hex &rArr; _printf_int_common &rArr; _printf_post_padding
</UL>
<BR>[Calls]<UL><LI><a href="#[56]">&gt;&gt;</a>&nbsp;&nbsp;&nbsp;_printf_o
<LI><a href="#[54]">&gt;&gt;</a>&nbsp;&nbsp;&nbsp;_printf_int_dec
</UL>
<BR>[Called By]<UL><LI><a href="#[53]">&gt;&gt;</a>&nbsp;&nbsp;&nbsp;_printf_d
</UL>

<P><STRONG><a name="[56]"></a>_printf_o</STRONG> (Thumb, 0 bytes, Stack size unknown bytes, _printf_o.o(.ARM.Collect$$_printf_percent$$0000000B))
<BR><BR>[Stack]<UL><LI>Max Depth = 96 + Unknown Stack Size
<LI>Call Chain = _printf_o &rArr; _printf_x &rArr; _printf_int_hex &rArr; _printf_longlong_hex &rArr; _printf_int_common &rArr; _printf_post_padding
</UL>
<BR>[Calls]<UL><LI><a href="#[57]">&gt;&gt;</a>&nbsp;&nbsp;&nbsp;_printf_x
<LI><a href="#[58]">&gt;&gt;</a>&nbsp;&nbsp;&nbsp;_printf_int_oct
</UL>
<BR>[Called By]<UL><LI><a href="#[55]">&gt;&gt;</a>&nbsp;&nbsp;&nbsp;_printf_u
</UL>

<P><STRONG><a name="[57]"></a>_printf_x</STRONG> (Thumb, 0 bytes, Stack size unknown bytes, _printf_x.o(.ARM.Collect$$_printf_percent$$0000000C))
<BR><BR>[Stack]<UL><LI>Max Depth = 96 + Unknown Stack Size
<LI>Call Chain = _printf_x &rArr; _printf_int_hex &rArr; _printf_longlong_hex &rArr; _printf_int_common &rArr; _printf_post_padding
</UL>
<BR>[Calls]<UL><LI><a href="#[59]">&gt;&gt;</a>&nbsp;&nbsp;&nbsp;_printf_lli
<LI><a href="#[5a]">&gt;&gt;</a>&nbsp;&nbsp;&nbsp;_printf_int_hex
</UL>
<BR>[Called By]<UL><LI><a href="#[56]">&gt;&gt;</a>&nbsp;&nbsp;&nbsp;_printf_o
</UL>

<P><STRONG><a name="[59]"></a>_printf_lli</STRONG> (Thumb, 0 bytes, Stack size unknown bytes, _printf_lli.o(.ARM.Collect$$_printf_percent$$0000000D))
<BR><BR>[Stack]<UL><LI>Max Depth = 88 + Unknown Stack Size
<LI>Call Chain = _printf_lli &rArr; _printf_lld &rArr; _printf_llu &rArr; _printf_llo &rArr; _printf_llx &rArr; _printf_l &rArr; _printf_c &rArr; _printf_s &rArr; _printf_lc &rArr; _printf_ls &rArr; _printf_wstring &rArr; _printf_lcs_common &rArr; _printf_wctomb &rArr; _wcrtomb
</UL>
<BR>[Calls]<UL><LI><a href="#[5b]">&gt;&gt;</a>&nbsp;&nbsp;&nbsp;_printf_lld
<LI><a href="#[5c]">&gt;&gt;</a>&nbsp;&nbsp;&nbsp;_printf_longlong_dec
</UL>
<BR>[Called By]<UL><LI><a href="#[57]">&gt;&gt;</a>&nbsp;&nbsp;&nbsp;_printf_x
</UL>

<P><STRONG><a name="[5b]"></a>_printf_lld</STRONG> (Thumb, 0 bytes, Stack size unknown bytes, _printf_lld.o(.ARM.Collect$$_printf_percent$$0000000E))
<BR><BR>[Stack]<UL><LI>Max Depth = 88 + Unknown Stack Size
<LI>Call Chain = _printf_lld &rArr; _printf_llu &rArr; _printf_llo &rArr; _printf_llx &rArr; _printf_l &rArr; _printf_c &rArr; _printf_s &rArr; _printf_lc &rArr; _printf_ls &rArr; _printf_wstring &rArr; _printf_lcs_common &rArr; _printf_wctomb &rArr; _wcrtomb
</UL>
<BR>[Calls]<UL><LI><a href="#[5d]">&gt;&gt;</a>&nbsp;&nbsp;&nbsp;_printf_llu
<LI><a href="#[5c]">&gt;&gt;</a>&nbsp;&nbsp;&nbsp;_printf_longlong_dec
</UL>
<BR>[Called By]<UL><LI><a href="#[59]">&gt;&gt;</a>&nbsp;&nbsp;&nbsp;_printf_lli
</UL>

<P><STRONG><a name="[5d]"></a>_printf_llu</STRONG> (Thumb, 0 bytes, Stack size unknown bytes, _printf_llu.o(.ARM.Collect$$_printf_percent$$0000000F))
<BR><BR>[Stack]<UL><LI>Max Depth = 88 + Unknown Stack Size
<LI>Call Chain = _printf_llu &rArr; _printf_llo &rArr; _printf_llx &rArr; _printf_l &rArr; _printf_c &rArr; _printf_s &rArr; _printf_lc &rArr; _printf_ls &rArr; _printf_wstring &rArr; _printf_lcs_common &rArr; _printf_wctomb &rArr; _wcrtomb
</UL>
<BR>[Calls]<UL><LI><a href="#[5e]">&gt;&gt;</a>&nbsp;&nbsp;&nbsp;_printf_llo
<LI><a href="#[5c]">&gt;&gt;</a>&nbsp;&nbsp;&nbsp;_printf_longlong_dec
</UL>
<BR>[Called By]<UL><LI><a href="#[5b]">&gt;&gt;</a>&nbsp;&nbsp;&nbsp;_printf_lld
</UL>

<P><STRONG><a name="[5e]"></a>_printf_llo</STRONG> (Thumb, 0 bytes, Stack size unknown bytes, _printf_llo.o(.ARM.Collect$$_printf_percent$$00000010))
<BR><BR>[Stack]<UL><LI>Max Depth = 88 + Unknown Stack Size
<LI>Call Chain = _printf_llo &rArr; _printf_llx &rArr; _printf_l &rArr; _printf_c &rArr; _printf_s &rArr; _printf_lc &rArr; _printf_ls &rArr; _printf_wstring &rArr; _printf_lcs_common &rArr; _printf_wctomb &rArr; _wcrtomb
</UL>
<BR>[Calls]<UL><LI><a href="#[5f]">&gt;&gt;</a>&nbsp;&nbsp;&nbsp;_printf_llx
<LI><a href="#[60]">&gt;&gt;</a>&nbsp;&nbsp;&nbsp;_printf_ll_oct
</UL>
<BR>[Called By]<UL><LI><a href="#[5d]">&gt;&gt;</a>&nbsp;&nbsp;&nbsp;_printf_llu
</UL>

<P><STRONG><a name="[5f]"></a>_printf_llx</STRONG> (Thumb, 0 bytes, Stack size unknown bytes, _printf_llx.o(.ARM.Collect$$_printf_percent$$00000011))
<BR><BR>[Stack]<UL><LI>Max Depth = 88 + Unknown Stack Size
<LI>Call Chain = _printf_llx &rArr; _printf_l &rArr; _printf_c &rArr; _printf_s &rArr; _printf_lc &rArr; _printf_ls &rArr; _printf_wstring &rArr; _printf_lcs_common &rArr; _printf_wctomb &rArr; _wcrtomb
</UL>
<BR>[Calls]<UL><LI><a href="#[61]">&gt;&gt;</a>&nbsp;&nbsp;&nbsp;_printf_l
<LI><a href="#[62]">&gt;&gt;</a>&nbsp;&nbsp;&nbsp;_printf_ll_hex
</UL>
<BR>[Called By]<UL><LI><a href="#[5e]">&gt;&gt;</a>&nbsp;&nbsp;&nbsp;_printf_llo
</UL>

<P><STRONG><a name="[61]"></a>_printf_l</STRONG> (Thumb, 0 bytes, Stack size unknown bytes, _printf_l.o(.ARM.Collect$$_printf_percent$$00000012))
<BR><BR>[Stack]<UL><LI>Max Depth = 88 + Unknown Stack Size
<LI>Call Chain = _printf_l &rArr; _printf_c &rArr; _printf_s &rArr; _printf_lc &rArr; _printf_ls &rArr; _printf_wstring &rArr; _printf_lcs_common &rArr; _printf_wctomb &rArr; _wcrtomb
</UL>
<BR>[Calls]<UL><LI><a href="#[63]">&gt;&gt;</a>&nbsp;&nbsp;&nbsp;_printf_c
</UL>
<BR>[Called By]<UL><LI><a href="#[5f]">&gt;&gt;</a>&nbsp;&nbsp;&nbsp;_printf_llx
</UL>

<P><STRONG><a name="[63]"></a>_printf_c</STRONG> (Thumb, 0 bytes, Stack size unknown bytes, _printf_c.o(.ARM.Collect$$_printf_percent$$00000013))
<BR><BR>[Stack]<UL><LI>Max Depth = 88 + Unknown Stack Size
<LI>Call Chain = _printf_c &rArr; _printf_s &rArr; _printf_lc &rArr; _printf_ls &rArr; _printf_wstring &rArr; _printf_lcs_common &rArr; _printf_wctomb &rArr; _wcrtomb
</UL>
<BR>[Calls]<UL><LI><a href="#[65]">&gt;&gt;</a>&nbsp;&nbsp;&nbsp;_printf_char
<LI><a href="#[64]">&gt;&gt;</a>&nbsp;&nbsp;&nbsp;_printf_s
</UL>
<BR>[Called By]<UL><LI><a href="#[61]">&gt;&gt;</a>&nbsp;&nbsp;&nbsp;_printf_l
</UL>

<P><STRONG><a name="[64]"></a>_printf_s</STRONG> (Thumb, 0 bytes, Stack size unknown bytes, _printf_s.o(.ARM.Collect$$_printf_percent$$00000014))
<BR><BR>[Stack]<UL><LI>Max Depth = 88 + Unknown Stack Size
<LI>Call Chain = _printf_s &rArr; _printf_lc &rArr; _printf_ls &rArr; _printf_wstring &rArr; _printf_lcs_common &rArr; _printf_wctomb &rArr; _wcrtomb
</UL>
<BR>[Calls]<UL><LI><a href="#[67]">&gt;&gt;</a>&nbsp;&nbsp;&nbsp;_printf_string
<LI><a href="#[66]">&gt;&gt;</a>&nbsp;&nbsp;&nbsp;_printf_lc
</UL>
<BR>[Called By]<UL><LI><a href="#[63]">&gt;&gt;</a>&nbsp;&nbsp;&nbsp;_printf_c
</UL>

<P><STRONG><a name="[66]"></a>_printf_lc</STRONG> (Thumb, 0 bytes, Stack size unknown bytes, _printf_lc.o(.ARM.Collect$$_printf_percent$$00000015))
<BR><BR>[Stack]<UL><LI>Max Depth = 88 + Unknown Stack Size
<LI>Call Chain = _printf_lc &rArr; _printf_ls &rArr; _printf_wstring &rArr; _printf_lcs_common &rArr; _printf_wctomb &rArr; _wcrtomb
</UL>
<BR>[Calls]<UL><LI><a href="#[68]">&gt;&gt;</a>&nbsp;&nbsp;&nbsp;_printf_ls
<LI><a href="#[69]">&gt;&gt;</a>&nbsp;&nbsp;&nbsp;_printf_wchar
</UL>
<BR>[Called By]<UL><LI><a href="#[64]">&gt;&gt;</a>&nbsp;&nbsp;&nbsp;_printf_s
</UL>

<P><STRONG><a name="[68]"></a>_printf_ls</STRONG> (Thumb, 0 bytes, Stack size unknown bytes, _printf_ls.o(.ARM.Collect$$_printf_percent$$00000016))
<BR><BR>[Stack]<UL><LI>Max Depth = 88 + Unknown Stack Size
<LI>Call Chain = _printf_ls &rArr; _printf_wstring &rArr; _printf_lcs_common &rArr; _printf_wctomb &rArr; _wcrtomb
</UL>
<BR>[Calls]<UL><LI><a href="#[6a]">&gt;&gt;</a>&nbsp;&nbsp;&nbsp;_printf_percent_end
<LI><a href="#[6b]">&gt;&gt;</a>&nbsp;&nbsp;&nbsp;_printf_wstring
</UL>
<BR>[Called By]<UL><LI><a href="#[66]">&gt;&gt;</a>&nbsp;&nbsp;&nbsp;_printf_lc
</UL>

<P><STRONG><a name="[6a]"></a>_printf_percent_end</STRONG> (Thumb, 0 bytes, Stack size unknown bytes, _printf_percent_end.o(.ARM.Collect$$_printf_percent$$00000017))
<BR><BR>[Called By]<UL><LI><a href="#[68]">&gt;&gt;</a>&nbsp;&nbsp;&nbsp;_printf_ls
</UL>

<P><STRONG><a name="[74]"></a>__rt_lib_init</STRONG> (Thumb, 0 bytes, Stack size unknown bytes, libinit.o(.ARM.Collect$$libinit$$00000000))
<BR><BR>[Called By]<UL><LI><a href="#[73]">&gt;&gt;</a>&nbsp;&nbsp;&nbsp;__rt_entry_li
</UL>

<P><STRONG><a name="[17e]"></a>__rt_lib_init_fp_1</STRONG> (Thumb, 0 bytes, Stack size unknown bytes, libinit2.o(.ARM.Collect$$libinit$$00000002))

<P><STRONG><a name="[17f]"></a>__rt_lib_init_heap_1</STRONG> (Thumb, 0 bytes, Stack size unknown bytes, libinit2.o(.ARM.Collect$$libinit$$0000000C))

<P><STRONG><a name="[6c]"></a>__rt_lib_init_lc_common</STRONG> (Thumb, 0 bytes, Stack size unknown bytes, libinit2.o(.ARM.Collect$$libinit$$00000011))
<BR><BR>[Calls]<UL><LI><a href="#[6d]">&gt;&gt;</a>&nbsp;&nbsp;&nbsp;__rt_locale
</UL>

<P><STRONG><a name="[180]"></a>__rt_lib_init_preinit_1</STRONG> (Thumb, 0 bytes, Stack size unknown bytes, libinit2.o(.ARM.Collect$$libinit$$00000006))

<P><STRONG><a name="[181]"></a>__rt_lib_init_rand_1</STRONG> (Thumb, 0 bytes, Stack size unknown bytes, libinit2.o(.ARM.Collect$$libinit$$00000010))

<P><STRONG><a name="[182]"></a>__rt_lib_init_relocate_pie_1</STRONG> (Thumb, 0 bytes, Stack size unknown bytes, libinit2.o(.ARM.Collect$$libinit$$00000004))

<P><STRONG><a name="[183]"></a>__rt_lib_init_user_alloc_1</STRONG> (Thumb, 0 bytes, Stack size unknown bytes, libinit2.o(.ARM.Collect$$libinit$$0000000E))

<P><STRONG><a name="[184]"></a>__rt_lib_init_lc_collate_1</STRONG> (Thumb, 0 bytes, Stack size unknown bytes, libinit2.o(.ARM.Collect$$libinit$$00000013))

<P><STRONG><a name="[6e]"></a>__rt_lib_init_lc_ctype_2</STRONG> (Thumb, 0 bytes, Stack size unknown bytes, libinit2.o(.ARM.Collect$$libinit$$00000014))
<BR><BR>[Stack]<UL><LI>Max Depth = 24 + Unknown Stack Size
<LI>Call Chain = __rt_lib_init_lc_ctype_2 &rArr; _get_lc_ctype &rArr; strcmp
</UL>
<BR>[Calls]<UL><LI><a href="#[2c]">&gt;&gt;</a>&nbsp;&nbsp;&nbsp;_get_lc_ctype
</UL>

<P><STRONG><a name="[185]"></a>__rt_lib_init_lc_ctype_1</STRONG> (Thumb, 0 bytes, Stack size unknown bytes, libinit2.o(.ARM.Collect$$libinit$$00000015))

<P><STRONG><a name="[186]"></a>__rt_lib_init_lc_monetary_1</STRONG> (Thumb, 0 bytes, Stack size unknown bytes, libinit2.o(.ARM.Collect$$libinit$$00000017))

<P><STRONG><a name="[6f]"></a>__rt_lib_init_lc_numeric_2</STRONG> (Thumb, 0 bytes, Stack size unknown bytes, libinit2.o(.ARM.Collect$$libinit$$00000018))
<BR><BR>[Stack]<UL><LI>Max Depth = 24 + Unknown Stack Size
<LI>Call Chain = __rt_lib_init_lc_numeric_2 &rArr; _get_lc_numeric &rArr; strcmp
</UL>
<BR>[Calls]<UL><LI><a href="#[70]">&gt;&gt;</a>&nbsp;&nbsp;&nbsp;_get_lc_numeric
</UL>

<P><STRONG><a name="[187]"></a>__rt_lib_init_alloca_1</STRONG> (Thumb, 0 bytes, Stack size unknown bytes, libinit2.o(.ARM.Collect$$libinit$$00000030))

<P><STRONG><a name="[188]"></a>__rt_lib_init_argv_1</STRONG> (Thumb, 0 bytes, Stack size unknown bytes, libinit2.o(.ARM.Collect$$libinit$$0000002E))

<P><STRONG><a name="[189]"></a>__rt_lib_init_atexit_1</STRONG> (Thumb, 0 bytes, Stack size unknown bytes, libinit2.o(.ARM.Collect$$libinit$$0000001D))

<P><STRONG><a name="[18a]"></a>__rt_lib_init_clock_1</STRONG> (Thumb, 0 bytes, Stack size unknown bytes, libinit2.o(.ARM.Collect$$libinit$$00000023))

<P><STRONG><a name="[18b]"></a>__rt_lib_init_cpp_1</STRONG> (Thumb, 0 bytes, Stack size unknown bytes, libinit2.o(.ARM.Collect$$libinit$$00000034))

<P><STRONG><a name="[18c]"></a>__rt_lib_init_exceptions_1</STRONG> (Thumb, 0 bytes, Stack size unknown bytes, libinit2.o(.ARM.Collect$$libinit$$00000032))

<P><STRONG><a name="[18d]"></a>__rt_lib_init_fp_trap_1</STRONG> (Thumb, 0 bytes, Stack size unknown bytes, libinit2.o(.ARM.Collect$$libinit$$00000021))

<P><STRONG><a name="[18e]"></a>__rt_lib_init_getenv_1</STRONG> (Thumb, 0 bytes, Stack size unknown bytes, libinit2.o(.ARM.Collect$$libinit$$00000025))

<P><STRONG><a name="[18f]"></a>__rt_lib_init_lc_numeric_1</STRONG> (Thumb, 0 bytes, Stack size unknown bytes, libinit2.o(.ARM.Collect$$libinit$$00000019))

<P><STRONG><a name="[190]"></a>__rt_lib_init_lc_time_1</STRONG> (Thumb, 0 bytes, Stack size unknown bytes, libinit2.o(.ARM.Collect$$libinit$$0000001B))

<P><STRONG><a name="[191]"></a>__rt_lib_init_return</STRONG> (Thumb, 0 bytes, Stack size unknown bytes, libinit2.o(.ARM.Collect$$libinit$$00000035))

<P><STRONG><a name="[192]"></a>__rt_lib_init_signal_1</STRONG> (Thumb, 0 bytes, Stack size unknown bytes, libinit2.o(.ARM.Collect$$libinit$$0000001F))

<P><STRONG><a name="[193]"></a>__rt_lib_init_stdio_1</STRONG> (Thumb, 0 bytes, Stack size unknown bytes, libinit2.o(.ARM.Collect$$libinit$$00000027))

<P><STRONG><a name="[79]"></a>__rt_lib_shutdown</STRONG> (Thumb, 0 bytes, Stack size unknown bytes, libshutdown.o(.ARM.Collect$$libshutdown$$00000000))
<BR><BR>[Called By]<UL><LI><a href="#[78]">&gt;&gt;</a>&nbsp;&nbsp;&nbsp;__rt_exit_ls
</UL>

<P><STRONG><a name="[194]"></a>__rt_lib_shutdown_cpp_1</STRONG> (Thumb, 0 bytes, Stack size unknown bytes, libshutdown2.o(.ARM.Collect$$libshutdown$$00000002))

<P><STRONG><a name="[195]"></a>__rt_lib_shutdown_fp_trap_1</STRONG> (Thumb, 0 bytes, Stack size unknown bytes, libshutdown2.o(.ARM.Collect$$libshutdown$$00000007))

<P><STRONG><a name="[196]"></a>__rt_lib_shutdown_heap_1</STRONG> (Thumb, 0 bytes, Stack size unknown bytes, libshutdown2.o(.ARM.Collect$$libshutdown$$0000000F))

<P><STRONG><a name="[197]"></a>__rt_lib_shutdown_return</STRONG> (Thumb, 0 bytes, Stack size unknown bytes, libshutdown2.o(.ARM.Collect$$libshutdown$$00000010))

<P><STRONG><a name="[198]"></a>__rt_lib_shutdown_signal_1</STRONG> (Thumb, 0 bytes, Stack size unknown bytes, libshutdown2.o(.ARM.Collect$$libshutdown$$0000000A))

<P><STRONG><a name="[199]"></a>__rt_lib_shutdown_stdio_1</STRONG> (Thumb, 0 bytes, Stack size unknown bytes, libshutdown2.o(.ARM.Collect$$libshutdown$$00000004))

<P><STRONG><a name="[19a]"></a>__rt_lib_shutdown_user_alloc_1</STRONG> (Thumb, 0 bytes, Stack size unknown bytes, libshutdown2.o(.ARM.Collect$$libshutdown$$0000000C))

<P><STRONG><a name="[45]"></a>__rt_entry</STRONG> (Thumb, 0 bytes, Stack size unknown bytes, __rtentry.o(.ARM.Collect$$rtentry$$00000000))
<BR><BR>[Called By]<UL><LI><a href="#[29]">&gt;&gt;</a>&nbsp;&nbsp;&nbsp;__main
<LI><a href="#[46]">&gt;&gt;</a>&nbsp;&nbsp;&nbsp;__scatterload_rt2
</UL>

<P><STRONG><a name="[19b]"></a>__rt_entry_presh_1</STRONG> (Thumb, 0 bytes, Stack size unknown bytes, __rtentry2.o(.ARM.Collect$$rtentry$$00000002))

<P><STRONG><a name="[71]"></a>__rt_entry_sh</STRONG> (Thumb, 0 bytes, Stack size unknown bytes, __rtentry4.o(.ARM.Collect$$rtentry$$00000004))
<BR><BR>[Stack]<UL><LI>Max Depth = 8 + Unknown Stack Size
<LI>Call Chain = __rt_entry_sh &rArr; __user_setup_stackheap
</UL>
<BR>[Calls]<UL><LI><a href="#[72]">&gt;&gt;</a>&nbsp;&nbsp;&nbsp;__user_setup_stackheap
</UL>

<P><STRONG><a name="[73]"></a>__rt_entry_li</STRONG> (Thumb, 0 bytes, Stack size unknown bytes, __rtentry2.o(.ARM.Collect$$rtentry$$0000000A))
<BR><BR>[Calls]<UL><LI><a href="#[74]">&gt;&gt;</a>&nbsp;&nbsp;&nbsp;__rt_lib_init
</UL>

<P><STRONG><a name="[19c]"></a>__rt_entry_postsh_1</STRONG> (Thumb, 0 bytes, Stack size unknown bytes, __rtentry2.o(.ARM.Collect$$rtentry$$00000009))

<P><STRONG><a name="[75]"></a>__rt_entry_main</STRONG> (Thumb, 0 bytes, Stack size unknown bytes, __rtentry2.o(.ARM.Collect$$rtentry$$0000000D))
<BR><BR>[Stack]<UL><LI>Max Depth = 400 + Unknown Stack Size
<LI>Call Chain = __rt_entry_main &rArr; main &rArr; menu_init_and_create &rArr; create_oled_menu &rArr; draw_menu &rArr; draw_enhanced_normal_menu_content &rArr; draw_enhanced_empty_message &rArr; u8g2_DrawStr &rArr; u8g2_draw_string &rArr; u8g2_font_decode_glyph &rArr; u8g2_DrawHVLine
</UL>
<BR>[Calls]<UL><LI><a href="#[76]">&gt;&gt;</a>&nbsp;&nbsp;&nbsp;main
<LI><a href="#[77]">&gt;&gt;</a>&nbsp;&nbsp;&nbsp;exit
</UL>

<P><STRONG><a name="[19d]"></a>__rt_entry_postli_1</STRONG> (Thumb, 0 bytes, Stack size unknown bytes, __rtentry2.o(.ARM.Collect$$rtentry$$0000000C))

<P><STRONG><a name="[b6]"></a>__rt_exit</STRONG> (Thumb, 0 bytes, Stack size unknown bytes, rtexit.o(.ARM.Collect$$rtexit$$00000000))
<BR><BR>[Called By]<UL><LI><a href="#[77]">&gt;&gt;</a>&nbsp;&nbsp;&nbsp;exit
</UL>

<P><STRONG><a name="[78]"></a>__rt_exit_ls</STRONG> (Thumb, 0 bytes, Stack size unknown bytes, rtexit2.o(.ARM.Collect$$rtexit$$00000003))
<BR><BR>[Calls]<UL><LI><a href="#[79]">&gt;&gt;</a>&nbsp;&nbsp;&nbsp;__rt_lib_shutdown
</UL>

<P><STRONG><a name="[19e]"></a>__rt_exit_prels_1</STRONG> (Thumb, 0 bytes, Stack size unknown bytes, rtexit2.o(.ARM.Collect$$rtexit$$00000002))

<P><STRONG><a name="[7a]"></a>__rt_exit_exit</STRONG> (Thumb, 0 bytes, Stack size unknown bytes, rtexit2.o(.ARM.Collect$$rtexit$$00000004))
<BR><BR>[Calls]<UL><LI><a href="#[7b]">&gt;&gt;</a>&nbsp;&nbsp;&nbsp;_sys_exit
</UL>

<P><STRONG><a name="[127]"></a>__aeabi_memcpy4</STRONG> (Thumb, 56 bytes, Stack size 0 bytes, rt_memcpy.o(.emb_text))
<BR><BR>[Called By]<UL><LI><a href="#[f3]">&gt;&gt;</a>&nbsp;&nbsp;&nbsp;encoder_application_init
</UL>

<P><STRONG><a name="[19f]"></a>__aeabi_memcpy8</STRONG> (Thumb, 0 bytes, Stack size 0 bytes, rt_memcpy.o(.emb_text), UNUSED)

<P><STRONG><a name="[b]"></a>Reset_Handler</STRONG> (Thumb, 4 bytes, Stack size 0 bytes, startup_mspm0g350x_uvision.o(.text))
<BR>[Address Reference Count : 1]<UL><LI> startup_mspm0g350x_uvision.o(RESET)
</UL>
<P><STRONG><a name="[c]"></a>NMI_Handler</STRONG> (Thumb, 2 bytes, Stack size 0 bytes, startup_mspm0g350x_uvision.o(.text))
<BR><BR>[Calls]<UL><LI><a href="#[c]">&gt;&gt;</a>&nbsp;&nbsp;&nbsp;NMI_Handler
</UL>
<BR>[Called By]<UL><LI><a href="#[c]">&gt;&gt;</a>&nbsp;&nbsp;&nbsp;NMI_Handler
</UL>
<BR>[Address Reference Count : 1]<UL><LI> startup_mspm0g350x_uvision.o(RESET)
</UL>
<P><STRONG><a name="[e]"></a>SVC_Handler</STRONG> (Thumb, 2 bytes, Stack size 0 bytes, startup_mspm0g350x_uvision.o(.text))
<BR><BR>[Calls]<UL><LI><a href="#[e]">&gt;&gt;</a>&nbsp;&nbsp;&nbsp;SVC_Handler
</UL>
<BR>[Called By]<UL><LI><a href="#[e]">&gt;&gt;</a>&nbsp;&nbsp;&nbsp;SVC_Handler
</UL>
<BR>[Address Reference Count : 1]<UL><LI> startup_mspm0g350x_uvision.o(RESET)
</UL>
<P><STRONG><a name="[f]"></a>PendSV_Handler</STRONG> (Thumb, 2 bytes, Stack size 0 bytes, startup_mspm0g350x_uvision.o(.text))
<BR><BR>[Calls]<UL><LI><a href="#[f]">&gt;&gt;</a>&nbsp;&nbsp;&nbsp;PendSV_Handler
</UL>
<BR>[Called By]<UL><LI><a href="#[f]">&gt;&gt;</a>&nbsp;&nbsp;&nbsp;PendSV_Handler
</UL>
<BR>[Address Reference Count : 1]<UL><LI> startup_mspm0g350x_uvision.o(RESET)
</UL>
<P><STRONG><a name="[15]"></a>ADC0_IRQHandler</STRONG> (Thumb, 0 bytes, Stack size 0 bytes, startup_mspm0g350x_uvision.o(.text))
<BR>[Address Reference Count : 1]<UL><LI> startup_mspm0g350x_uvision.o(RESET)
</UL>
<P><STRONG><a name="[16]"></a>ADC1_IRQHandler</STRONG> (Thumb, 0 bytes, Stack size 0 bytes, startup_mspm0g350x_uvision.o(.text))
<BR>[Address Reference Count : 1]<UL><LI> startup_mspm0g350x_uvision.o(RESET)
</UL>
<P><STRONG><a name="[26]"></a>AES_IRQHandler</STRONG> (Thumb, 0 bytes, Stack size 0 bytes, startup_mspm0g350x_uvision.o(.text))
<BR>[Address Reference Count : 1]<UL><LI> startup_mspm0g350x_uvision.o(RESET)
</UL>
<P><STRONG><a name="[17]"></a>CANFD0_IRQHandler</STRONG> (Thumb, 0 bytes, Stack size 0 bytes, startup_mspm0g350x_uvision.o(.text))
<BR>[Address Reference Count : 1]<UL><LI> startup_mspm0g350x_uvision.o(RESET)
</UL>
<P><STRONG><a name="[18]"></a>DAC0_IRQHandler</STRONG> (Thumb, 0 bytes, Stack size 0 bytes, startup_mspm0g350x_uvision.o(.text))
<BR>[Address Reference Count : 1]<UL><LI> startup_mspm0g350x_uvision.o(RESET)
</UL>
<P><STRONG><a name="[28]"></a>DMA_IRQHandler</STRONG> (Thumb, 0 bytes, Stack size 0 bytes, startup_mspm0g350x_uvision.o(.text))
<BR>[Address Reference Count : 1]<UL><LI> startup_mspm0g350x_uvision.o(RESET)
</UL>
<P><STRONG><a name="[7c]"></a>Default_Handler</STRONG> (Thumb, 2 bytes, Stack size 0 bytes, startup_mspm0g350x_uvision.o(.text), UNUSED)
<BR><BR>[Calls]<UL><LI><a href="#[7c]">&gt;&gt;</a>&nbsp;&nbsp;&nbsp;Default_Handler
</UL>
<BR>[Called By]<UL><LI><a href="#[7c]">&gt;&gt;</a>&nbsp;&nbsp;&nbsp;Default_Handler
</UL>

<P><STRONG><a name="[11]"></a>GROUP0_IRQHandler</STRONG> (Thumb, 0 bytes, Stack size 0 bytes, startup_mspm0g350x_uvision.o(.text))
<BR>[Address Reference Count : 1]<UL><LI> startup_mspm0g350x_uvision.o(RESET)
</UL>
<P><STRONG><a name="[24]"></a>I2C0_IRQHandler</STRONG> (Thumb, 0 bytes, Stack size 0 bytes, startup_mspm0g350x_uvision.o(.text))
<BR>[Address Reference Count : 1]<UL><LI> startup_mspm0g350x_uvision.o(RESET)
</UL>
<P><STRONG><a name="[25]"></a>I2C1_IRQHandler</STRONG> (Thumb, 0 bytes, Stack size 0 bytes, startup_mspm0g350x_uvision.o(.text))
<BR>[Address Reference Count : 1]<UL><LI> startup_mspm0g350x_uvision.o(RESET)
</UL>
<P><STRONG><a name="[27]"></a>RTC_IRQHandler</STRONG> (Thumb, 0 bytes, Stack size 0 bytes, startup_mspm0g350x_uvision.o(.text))
<BR>[Address Reference Count : 1]<UL><LI> startup_mspm0g350x_uvision.o(RESET)
</UL>
<P><STRONG><a name="[19]"></a>SPI0_IRQHandler</STRONG> (Thumb, 0 bytes, Stack size 0 bytes, startup_mspm0g350x_uvision.o(.text))
<BR>[Address Reference Count : 1]<UL><LI> startup_mspm0g350x_uvision.o(RESET)
</UL>
<P><STRONG><a name="[1a]"></a>SPI1_IRQHandler</STRONG> (Thumb, 0 bytes, Stack size 0 bytes, startup_mspm0g350x_uvision.o(.text))
<BR>[Address Reference Count : 1]<UL><LI> startup_mspm0g350x_uvision.o(RESET)
</UL>
<P><STRONG><a name="[20]"></a>TIMA0_IRQHandler</STRONG> (Thumb, 0 bytes, Stack size 0 bytes, startup_mspm0g350x_uvision.o(.text))
<BR>[Address Reference Count : 1]<UL><LI> startup_mspm0g350x_uvision.o(RESET)
</UL>
<P><STRONG><a name="[21]"></a>TIMA1_IRQHandler</STRONG> (Thumb, 0 bytes, Stack size 0 bytes, startup_mspm0g350x_uvision.o(.text))
<BR>[Address Reference Count : 1]<UL><LI> startup_mspm0g350x_uvision.o(RESET)
</UL>
<P><STRONG><a name="[1e]"></a>TIMG0_IRQHandler</STRONG> (Thumb, 0 bytes, Stack size 0 bytes, startup_mspm0g350x_uvision.o(.text))
<BR>[Address Reference Count : 1]<UL><LI> startup_mspm0g350x_uvision.o(RESET)
</UL>
<P><STRONG><a name="[23]"></a>TIMG12_IRQHandler</STRONG> (Thumb, 0 bytes, Stack size 0 bytes, startup_mspm0g350x_uvision.o(.text))
<BR>[Address Reference Count : 1]<UL><LI> startup_mspm0g350x_uvision.o(RESET)
</UL>
<P><STRONG><a name="[1f]"></a>TIMG6_IRQHandler</STRONG> (Thumb, 0 bytes, Stack size 0 bytes, startup_mspm0g350x_uvision.o(.text))
<BR>[Address Reference Count : 1]<UL><LI> startup_mspm0g350x_uvision.o(RESET)
</UL>
<P><STRONG><a name="[22]"></a>TIMG7_IRQHandler</STRONG> (Thumb, 0 bytes, Stack size 0 bytes, startup_mspm0g350x_uvision.o(.text))
<BR>[Address Reference Count : 1]<UL><LI> startup_mspm0g350x_uvision.o(RESET)
</UL>
<P><STRONG><a name="[13]"></a>TIMG8_IRQHandler</STRONG> (Thumb, 0 bytes, Stack size 0 bytes, startup_mspm0g350x_uvision.o(.text))
<BR>[Address Reference Count : 1]<UL><LI> startup_mspm0g350x_uvision.o(RESET)
</UL>
<P><STRONG><a name="[1b]"></a>UART1_IRQHandler</STRONG> (Thumb, 0 bytes, Stack size 0 bytes, startup_mspm0g350x_uvision.o(.text))
<BR>[Address Reference Count : 1]<UL><LI> startup_mspm0g350x_uvision.o(RESET)
</UL>
<P><STRONG><a name="[1c]"></a>UART2_IRQHandler</STRONG> (Thumb, 0 bytes, Stack size 0 bytes, startup_mspm0g350x_uvision.o(.text))
<BR>[Address Reference Count : 1]<UL><LI> startup_mspm0g350x_uvision.o(RESET)
</UL>
<P><STRONG><a name="[b4]"></a>__user_initial_stackheap</STRONG> (Thumb, 10 bytes, Stack size 0 bytes, startup_mspm0g350x_uvision.o(.text))
<BR><BR>[Called By]<UL><LI><a href="#[72]">&gt;&gt;</a>&nbsp;&nbsp;&nbsp;__user_setup_stackheap
</UL>

<P><STRONG><a name="[7d]"></a>vsnprintf</STRONG> (Thumb, 56 bytes, Stack size 24 bytes, vsnprintf.o(.text))
<BR><BR>[Stack]<UL><LI>Max Depth = 120 + Unknown Stack Size
<LI>Call Chain = vsnprintf &rArr; _printf_char_common &rArr; __printf
</UL>
<BR>[Calls]<UL><LI><a href="#[7e]">&gt;&gt;</a>&nbsp;&nbsp;&nbsp;_printf_char_common
</UL>
<BR>[Called By]<UL><LI><a href="#[ba]">&gt;&gt;</a>&nbsp;&nbsp;&nbsp;LOG_I
<LI><a href="#[bb]">&gt;&gt;</a>&nbsp;&nbsp;&nbsp;usart_printf
</UL>

<P><STRONG><a name="[7f]"></a>__2snprintf</STRONG> (Thumb, 60 bytes, Stack size 32 bytes, __2snprintf.o(.text))
<BR><BR>[Stack]<UL><LI>Max Depth = 128 + Unknown Stack Size
<LI>Call Chain = __2snprintf &rArr; _printf_char_common &rArr; __printf
</UL>
<BR>[Calls]<UL><LI><a href="#[7e]">&gt;&gt;</a>&nbsp;&nbsp;&nbsp;_printf_char_common
</UL>
<BR>[Called By]<UL><LI><a href="#[11d]">&gt;&gt;</a>&nbsp;&nbsp;&nbsp;draw_enhanced_status_bar
<LI><a href="#[120]">&gt;&gt;</a>&nbsp;&nbsp;&nbsp;draw_enhanced_variables_content
</UL>

<P><STRONG><a name="[81]"></a>_printf_pre_padding</STRONG> (Thumb, 44 bytes, Stack size 16 bytes, _printf_pad.o(.text))
<BR><BR>[Stack]<UL><LI>Max Depth = 16<LI>Call Chain = _printf_pre_padding
</UL>
<BR>[Called By]<UL><LI><a href="#[a3]">&gt;&gt;</a>&nbsp;&nbsp;&nbsp;_printf_fp_infnan
<LI><a href="#[40]">&gt;&gt;</a>&nbsp;&nbsp;&nbsp;_printf_fp_hex_real
<LI><a href="#[3f]">&gt;&gt;</a>&nbsp;&nbsp;&nbsp;_printf_fp_dec_real
<LI><a href="#[86]">&gt;&gt;</a>&nbsp;&nbsp;&nbsp;_printf_int_common
<LI><a href="#[87]">&gt;&gt;</a>&nbsp;&nbsp;&nbsp;_printf_wctomb
<LI><a href="#[80]">&gt;&gt;</a>&nbsp;&nbsp;&nbsp;_printf_str
</UL>

<P><STRONG><a name="[82]"></a>_printf_post_padding</STRONG> (Thumb, 34 bytes, Stack size 16 bytes, _printf_pad.o(.text))
<BR><BR>[Stack]<UL><LI>Max Depth = 16<LI>Call Chain = _printf_post_padding
</UL>
<BR>[Called By]<UL><LI><a href="#[a3]">&gt;&gt;</a>&nbsp;&nbsp;&nbsp;_printf_fp_infnan
<LI><a href="#[40]">&gt;&gt;</a>&nbsp;&nbsp;&nbsp;_printf_fp_hex_real
<LI><a href="#[3f]">&gt;&gt;</a>&nbsp;&nbsp;&nbsp;_printf_fp_dec_real
<LI><a href="#[86]">&gt;&gt;</a>&nbsp;&nbsp;&nbsp;_printf_int_common
<LI><a href="#[87]">&gt;&gt;</a>&nbsp;&nbsp;&nbsp;_printf_wctomb
<LI><a href="#[80]">&gt;&gt;</a>&nbsp;&nbsp;&nbsp;_printf_str
</UL>

<P><STRONG><a name="[83]"></a>_printf_truncate_signed</STRONG> (Thumb, 18 bytes, Stack size 0 bytes, _printf_truncate.o(.text))
<BR><BR>[Called By]<UL><LI><a href="#[54]">&gt;&gt;</a>&nbsp;&nbsp;&nbsp;_printf_int_dec
</UL>

<P><STRONG><a name="[84]"></a>_printf_truncate_unsigned</STRONG> (Thumb, 18 bytes, Stack size 0 bytes, _printf_truncate.o(.text))
<BR><BR>[Called By]<UL><LI><a href="#[5a]">&gt;&gt;</a>&nbsp;&nbsp;&nbsp;_printf_int_hex
<LI><a href="#[58]">&gt;&gt;</a>&nbsp;&nbsp;&nbsp;_printf_int_oct
<LI><a href="#[54]">&gt;&gt;</a>&nbsp;&nbsp;&nbsp;_printf_int_dec
</UL>

<P><STRONG><a name="[80]"></a>_printf_str</STRONG> (Thumb, 82 bytes, Stack size 16 bytes, _printf_str.o(.text))
<BR><BR>[Stack]<UL><LI>Max Depth = 32<LI>Call Chain = _printf_str &rArr; _printf_post_padding
</UL>
<BR>[Calls]<UL><LI><a href="#[82]">&gt;&gt;</a>&nbsp;&nbsp;&nbsp;_printf_post_padding
<LI><a href="#[81]">&gt;&gt;</a>&nbsp;&nbsp;&nbsp;_printf_pre_padding
</UL>
<BR>[Called By]<UL><LI><a href="#[a5]">&gt;&gt;</a>&nbsp;&nbsp;&nbsp;_printf_cs_common
</UL>

<P><STRONG><a name="[54]"></a>_printf_int_dec</STRONG> (Thumb, 90 bytes, Stack size 32 bytes, _printf_dec.o(.text))
<BR><BR>[Stack]<UL><LI>Max Depth = 88<LI>Call Chain = _printf_int_dec &rArr; _printf_int_common &rArr; _printf_post_padding
</UL>
<BR>[Calls]<UL><LI><a href="#[85]">&gt;&gt;</a>&nbsp;&nbsp;&nbsp;__rt_udiv10
<LI><a href="#[86]">&gt;&gt;</a>&nbsp;&nbsp;&nbsp;_printf_int_common
<LI><a href="#[84]">&gt;&gt;</a>&nbsp;&nbsp;&nbsp;_printf_truncate_unsigned
<LI><a href="#[83]">&gt;&gt;</a>&nbsp;&nbsp;&nbsp;_printf_truncate_signed
</UL>
<BR>[Called By]<UL><LI><a href="#[55]">&gt;&gt;</a>&nbsp;&nbsp;&nbsp;_printf_u
<LI><a href="#[53]">&gt;&gt;</a>&nbsp;&nbsp;&nbsp;_printf_d
<LI><a href="#[52]">&gt;&gt;</a>&nbsp;&nbsp;&nbsp;_printf_i
</UL>

<P><STRONG><a name="[87]"></a>_printf_wctomb</STRONG> (Thumb, 182 bytes, Stack size 56 bytes, _printf_wctomb.o(.text))
<BR><BR>[Stack]<UL><LI>Max Depth = 80<LI>Call Chain = _printf_wctomb &rArr; _wcrtomb
</UL>
<BR>[Calls]<UL><LI><a href="#[88]">&gt;&gt;</a>&nbsp;&nbsp;&nbsp;_wcrtomb
<LI><a href="#[82]">&gt;&gt;</a>&nbsp;&nbsp;&nbsp;_printf_post_padding
<LI><a href="#[81]">&gt;&gt;</a>&nbsp;&nbsp;&nbsp;_printf_pre_padding
</UL>
<BR>[Called By]<UL><LI><a href="#[a7]">&gt;&gt;</a>&nbsp;&nbsp;&nbsp;_printf_lcs_common
</UL>

<P><STRONG><a name="[89]"></a>_printf_longlong_oct</STRONG> (Thumb, 68 bytes, Stack size 16 bytes, _printf_oct_int_ll.o(.text))
<BR><BR>[Stack]<UL><LI>Max Depth = 72<LI>Call Chain = _printf_longlong_oct &rArr; _printf_int_common &rArr; _printf_post_padding
</UL>
<BR>[Calls]<UL><LI><a href="#[86]">&gt;&gt;</a>&nbsp;&nbsp;&nbsp;_printf_int_common
</UL>
<BR>[Called By]<UL><LI><a href="#[60]">&gt;&gt;</a>&nbsp;&nbsp;&nbsp;_printf_ll_oct
<LI><a href="#[58]">&gt;&gt;</a>&nbsp;&nbsp;&nbsp;_printf_int_oct
</UL>

<P><STRONG><a name="[58]"></a>_printf_int_oct</STRONG> (Thumb, 24 bytes, Stack size 8 bytes, _printf_oct_int_ll.o(.text))
<BR><BR>[Stack]<UL><LI>Max Depth = 80<LI>Call Chain = _printf_int_oct &rArr; _printf_longlong_oct &rArr; _printf_int_common &rArr; _printf_post_padding
</UL>
<BR>[Calls]<UL><LI><a href="#[89]">&gt;&gt;</a>&nbsp;&nbsp;&nbsp;_printf_longlong_oct
<LI><a href="#[84]">&gt;&gt;</a>&nbsp;&nbsp;&nbsp;_printf_truncate_unsigned
</UL>
<BR>[Called By]<UL><LI><a href="#[56]">&gt;&gt;</a>&nbsp;&nbsp;&nbsp;_printf_o
</UL>

<P><STRONG><a name="[60]"></a>_printf_ll_oct</STRONG> (Thumb, 10 bytes, Stack size 0 bytes, _printf_oct_int_ll.o(.text))
<BR><BR>[Stack]<UL><LI>Max Depth = 72<LI>Call Chain = _printf_ll_oct &rArr; _printf_longlong_oct &rArr; _printf_int_common &rArr; _printf_post_padding
</UL>
<BR>[Calls]<UL><LI><a href="#[89]">&gt;&gt;</a>&nbsp;&nbsp;&nbsp;_printf_longlong_oct
</UL>
<BR>[Called By]<UL><LI><a href="#[5e]">&gt;&gt;</a>&nbsp;&nbsp;&nbsp;_printf_llo
</UL>

<P><STRONG><a name="[8a]"></a>_printf_longlong_hex</STRONG> (Thumb, 88 bytes, Stack size 24 bytes, _printf_hex_int_ll_ptr.o(.text))
<BR><BR>[Stack]<UL><LI>Max Depth = 80<LI>Call Chain = _printf_longlong_hex &rArr; _printf_int_common &rArr; _printf_post_padding
</UL>
<BR>[Calls]<UL><LI><a href="#[86]">&gt;&gt;</a>&nbsp;&nbsp;&nbsp;_printf_int_common
</UL>
<BR>[Called By]<UL><LI><a href="#[4b]">&gt;&gt;</a>&nbsp;&nbsp;&nbsp;_printf_hex_ptr
<LI><a href="#[62]">&gt;&gt;</a>&nbsp;&nbsp;&nbsp;_printf_ll_hex
<LI><a href="#[5a]">&gt;&gt;</a>&nbsp;&nbsp;&nbsp;_printf_int_hex
</UL>

<P><STRONG><a name="[5a]"></a>_printf_int_hex</STRONG> (Thumb, 28 bytes, Stack size 16 bytes, _printf_hex_int_ll_ptr.o(.text))
<BR><BR>[Stack]<UL><LI>Max Depth = 96<LI>Call Chain = _printf_int_hex &rArr; _printf_longlong_hex &rArr; _printf_int_common &rArr; _printf_post_padding
</UL>
<BR>[Calls]<UL><LI><a href="#[8a]">&gt;&gt;</a>&nbsp;&nbsp;&nbsp;_printf_longlong_hex
<LI><a href="#[84]">&gt;&gt;</a>&nbsp;&nbsp;&nbsp;_printf_truncate_unsigned
</UL>
<BR>[Called By]<UL><LI><a href="#[57]">&gt;&gt;</a>&nbsp;&nbsp;&nbsp;_printf_x
</UL>

<P><STRONG><a name="[62]"></a>_printf_ll_hex</STRONG> (Thumb, 10 bytes, Stack size 0 bytes, _printf_hex_int_ll_ptr.o(.text))
<BR><BR>[Stack]<UL><LI>Max Depth = 80<LI>Call Chain = _printf_ll_hex &rArr; _printf_longlong_hex &rArr; _printf_int_common &rArr; _printf_post_padding
</UL>
<BR>[Calls]<UL><LI><a href="#[8a]">&gt;&gt;</a>&nbsp;&nbsp;&nbsp;_printf_longlong_hex
</UL>
<BR>[Called By]<UL><LI><a href="#[5f]">&gt;&gt;</a>&nbsp;&nbsp;&nbsp;_printf_llx
</UL>

<P><STRONG><a name="[4b]"></a>_printf_hex_ptr</STRONG> (Thumb, 22 bytes, Stack size 8 bytes, _printf_hex_int_ll_ptr.o(.text))
<BR><BR>[Stack]<UL><LI>Max Depth = 88<LI>Call Chain = _printf_hex_ptr &rArr; _printf_longlong_hex &rArr; _printf_int_common &rArr; _printf_post_padding
</UL>
<BR>[Calls]<UL><LI><a href="#[8a]">&gt;&gt;</a>&nbsp;&nbsp;&nbsp;_printf_longlong_hex
</UL>
<BR>[Called By]<UL><LI><a href="#[48]">&gt;&gt;</a>&nbsp;&nbsp;&nbsp;_printf_p
</UL>

<P><STRONG><a name="[8b]"></a>__printf</STRONG> (Thumb, 386 bytes, Stack size 32 bytes, __printf_flags_ss_wp.o(.text))
<BR><BR>[Stack]<UL><LI>Max Depth = 32 + Unknown Stack Size
<LI>Call Chain = __printf
</UL>
<BR>[Calls]<UL><LI><a href="#[8d]">&gt;&gt;</a>&nbsp;&nbsp;&nbsp;_printf_percent
<LI><a href="#[8c]">&gt;&gt;</a>&nbsp;&nbsp;&nbsp;_is_digit
</UL>
<BR>[Called By]<UL><LI><a href="#[7e]">&gt;&gt;</a>&nbsp;&nbsp;&nbsp;_printf_char_common
</UL>

<P><STRONG><a name="[122]"></a>strncat</STRONG> (Thumb, 36 bytes, Stack size 8 bytes, strncat.o(.text))
<BR><BR>[Stack]<UL><LI>Max Depth = 8<LI>Call Chain = strncat
</UL>
<BR>[Called By]<UL><LI><a href="#[120]">&gt;&gt;</a>&nbsp;&nbsp;&nbsp;draw_enhanced_variables_content
</UL>

<P><STRONG><a name="[11f]"></a>strlen</STRONG> (Thumb, 62 bytes, Stack size 12 bytes, strlen.o(.text))
<BR><BR>[Stack]<UL><LI>Max Depth = 12<LI>Call Chain = strlen
</UL>
<BR>[Called By]<UL><LI><a href="#[120]">&gt;&gt;</a>&nbsp;&nbsp;&nbsp;draw_enhanced_variables_content
<LI><a href="#[11e]">&gt;&gt;</a>&nbsp;&nbsp;&nbsp;draw_enhanced_title_bar
<LI><a href="#[bb]">&gt;&gt;</a>&nbsp;&nbsp;&nbsp;usart_printf
</UL>

<P><STRONG><a name="[8f]"></a>_memset_w</STRONG> (Thumb, 26 bytes, Stack size 0 bytes, rt_memclr.o(.text))
<BR><BR>[Called By]<UL><LI><a href="#[91]">&gt;&gt;</a>&nbsp;&nbsp;&nbsp;__rt_memclr_w
<LI><a href="#[8e]">&gt;&gt;</a>&nbsp;&nbsp;&nbsp;_memset
</UL>

<P><STRONG><a name="[8e]"></a>_memset</STRONG> (Thumb, 30 bytes, Stack size 0 bytes, rt_memclr.o(.text))
<BR><BR>[Calls]<UL><LI><a href="#[8f]">&gt;&gt;</a>&nbsp;&nbsp;&nbsp;_memset_w
</UL>
<BR>[Called By]<UL><LI><a href="#[90]">&gt;&gt;</a>&nbsp;&nbsp;&nbsp;__aeabi_memclr
</UL>

<P><STRONG><a name="[90]"></a>__aeabi_memclr</STRONG> (Thumb, 4 bytes, Stack size 0 bytes, rt_memclr.o(.text))
<BR><BR>[Calls]<UL><LI><a href="#[8e]">&gt;&gt;</a>&nbsp;&nbsp;&nbsp;_memset
</UL>
<BR>[Called By]<UL><LI><a href="#[123]">&gt;&gt;</a>&nbsp;&nbsp;&nbsp;u8g2_ClearBuffer
</UL>

<P><STRONG><a name="[93]"></a>__rt_memclr</STRONG> (Thumb, 0 bytes, Stack size 0 bytes, rt_memclr.o(.text))
<BR><BR>[Called By]<UL><LI><a href="#[92]">&gt;&gt;</a>&nbsp;&nbsp;&nbsp;strncpy
</UL>

<P><STRONG><a name="[c7]"></a>__aeabi_memclr4</STRONG> (Thumb, 0 bytes, Stack size 0 bytes, rt_memclr.o(.text))
<BR><BR>[Called By]<UL><LI><a href="#[12b]">&gt;&gt;</a>&nbsp;&nbsp;&nbsp;init_menu_node
<LI><a href="#[f1]">&gt;&gt;</a>&nbsp;&nbsp;&nbsp;button_init
<LI><a href="#[c6]">&gt;&gt;</a>&nbsp;&nbsp;&nbsp;PID_Init
</UL>

<P><STRONG><a name="[1a0]"></a>__aeabi_memclr8</STRONG> (Thumb, 0 bytes, Stack size 0 bytes, rt_memclr.o(.text), UNUSED)

<P><STRONG><a name="[91]"></a>__rt_memclr_w</STRONG> (Thumb, 4 bytes, Stack size 0 bytes, rt_memclr.o(.text), UNUSED)
<BR><BR>[Calls]<UL><LI><a href="#[8f]">&gt;&gt;</a>&nbsp;&nbsp;&nbsp;_memset_w
</UL>

<P><STRONG><a name="[92]"></a>strncpy</STRONG> (Thumb, 104 bytes, Stack size 24 bytes, strncpy.o(.text))
<BR><BR>[Stack]<UL><LI>Max Depth = 24<LI>Call Chain = strncpy
</UL>
<BR>[Calls]<UL><LI><a href="#[93]">&gt;&gt;</a>&nbsp;&nbsp;&nbsp;__rt_memclr
</UL>
<BR>[Called By]<UL><LI><a href="#[115]">&gt;&gt;</a>&nbsp;&nbsp;&nbsp;draw_enhanced_normal_menu_content
<LI><a href="#[11e]">&gt;&gt;</a>&nbsp;&nbsp;&nbsp;draw_enhanced_title_bar
<LI><a href="#[131]">&gt;&gt;</a>&nbsp;&nbsp;&nbsp;show_message
</UL>

<P><STRONG><a name="[134]"></a>__aeabi_uidivmod</STRONG> (Thumb, 28 bytes, Stack size 0 bytes, aeabi_sdivfast.o(.text))
<BR><BR>[Called By]<UL><LI><a href="#[10b]">&gt;&gt;</a>&nbsp;&nbsp;&nbsp;show_oled_opening_animation
</UL>

<P><STRONG><a name="[a4]"></a>__aeabi_idivmod</STRONG> (Thumb, 472 bytes, Stack size 8 bytes, aeabi_sdivfast.o(.text))
<BR><BR>[Stack]<UL><LI>Max Depth = 8<LI>Call Chain = __aeabi_idivmod
</UL>
<BR>[Called By]<UL><LI><a href="#[9d]">&gt;&gt;</a>&nbsp;&nbsp;&nbsp;_btod_etento
<LI><a href="#[40]">&gt;&gt;</a>&nbsp;&nbsp;&nbsp;_printf_fp_hex_real
</UL>

<P><STRONG><a name="[1a1]"></a>__use_two_region_memory</STRONG> (Thumb, 2 bytes, Stack size 0 bytes, heapauxi.o(.text), UNUSED)

<P><STRONG><a name="[1a2]"></a>__rt_heap_escrow$2region</STRONG> (Thumb, 2 bytes, Stack size 0 bytes, heapauxi.o(.text), UNUSED)

<P><STRONG><a name="[1a3]"></a>__rt_heap_expand$2region</STRONG> (Thumb, 2 bytes, Stack size 0 bytes, heapauxi.o(.text), UNUSED)

<P><STRONG><a name="[10f]"></a>__aeabi_f2d</STRONG> (Thumb, 0 bytes, Stack size 0 bytes, f2d.o(.text))
<BR><BR>[Called By]<UL><LI><a href="#[120]">&gt;&gt;</a>&nbsp;&nbsp;&nbsp;draw_enhanced_variables_content
<LI><a href="#[10e]">&gt;&gt;</a>&nbsp;&nbsp;&nbsp;debug_speed_pid
</UL>

<P><STRONG><a name="[1a4]"></a>__extendsfdf2</STRONG> (Thumb, 0 bytes, Stack size 0 bytes, f2d.o(.text), UNUSED)

<P><STRONG><a name="[1a5]"></a>_f2d</STRONG> (Thumb, 80 bytes, Stack size 0 bytes, f2d.o(.text), UNUSED)

<P><STRONG><a name="[162]"></a>__aeabi_fdiv</STRONG> (Thumb, 0 bytes, Stack size 20 bytes, fdiv.o(.text))
<BR><BR>[Stack]<UL><LI>Max Depth = 20<LI>Call Chain = __aeabi_fdiv
</UL>
<BR>[Called By]<UL><LI><a href="#[105]">&gt;&gt;</a>&nbsp;&nbsp;&nbsp;update_encoder
<LI><a href="#[168]">&gt;&gt;</a>&nbsp;&nbsp;&nbsp;__mathlib_flt_invalid
</UL>

<P><STRONG><a name="[1a6]"></a>__divsf3</STRONG> (Thumb, 0 bytes, Stack size 20 bytes, fdiv.o(.text), UNUSED)

<P><STRONG><a name="[95]"></a>_fdiv</STRONG> (Thumb, 334 bytes, Stack size 20 bytes, fdiv.o(.text), UNUSED)
<BR><BR>[Called By]<UL><LI><a href="#[94]">&gt;&gt;</a>&nbsp;&nbsp;&nbsp;_frdiv
</UL>

<P><STRONG><a name="[94]"></a>_frdiv</STRONG> (Thumb, 8 bytes, Stack size 0 bytes, fdiv.o(.text), UNUSED)
<BR><BR>[Calls]<UL><LI><a href="#[95]">&gt;&gt;</a>&nbsp;&nbsp;&nbsp;_fdiv
</UL>

<P><STRONG><a name="[103]"></a>__aeabi_f2iz</STRONG> (Thumb, 0 bytes, Stack size 8 bytes, ffixi.o(.text))
<BR><BR>[Stack]<UL><LI>Max Depth = 8<LI>Call Chain = __aeabi_f2iz
</UL>
<BR>[Called By]<UL><LI><a href="#[10b]">&gt;&gt;</a>&nbsp;&nbsp;&nbsp;show_oled_opening_animation
<LI><a href="#[7]">&gt;&gt;</a>&nbsp;&nbsp;&nbsp;car_task
<LI><a href="#[6]">&gt;&gt;</a>&nbsp;&nbsp;&nbsp;car_state_machine
<LI><a href="#[ed]">&gt;&gt;</a>&nbsp;&nbsp;&nbsp;modify_variable_value
<LI><a href="#[135]">&gt;&gt;</a>&nbsp;&nbsp;&nbsp;sinf
<LI><a href="#[136]">&gt;&gt;</a>&nbsp;&nbsp;&nbsp;cosf
</UL>

<P><STRONG><a name="[1a7]"></a>_ffix</STRONG> (Thumb, 76 bytes, Stack size 8 bytes, ffixi.o(.text), UNUSED)

<P><STRONG><a name="[97]"></a>__aeabi_i2f_normalise</STRONG> (Thumb, 72 bytes, Stack size 0 bytes, fflti.o(.text))
<BR><BR>[Called By]<UL><LI><a href="#[98]">&gt;&gt;</a>&nbsp;&nbsp;&nbsp;__aeabi_ui2f
<LI><a href="#[96]">&gt;&gt;</a>&nbsp;&nbsp;&nbsp;__aeabi_i2f
</UL>

<P><STRONG><a name="[96]"></a>__aeabi_i2f</STRONG> (Thumb, 16 bytes, Stack size 0 bytes, fflti.o(.text))
<BR><BR>[Calls]<UL><LI><a href="#[97]">&gt;&gt;</a>&nbsp;&nbsp;&nbsp;__aeabi_i2f_normalise
</UL>
<BR>[Called By]<UL><LI><a href="#[105]">&gt;&gt;</a>&nbsp;&nbsp;&nbsp;update_encoder
<LI><a href="#[ed]">&gt;&gt;</a>&nbsp;&nbsp;&nbsp;modify_variable_value
<LI><a href="#[16a]">&gt;&gt;</a>&nbsp;&nbsp;&nbsp;__mathlib_rredf2
</UL>

<P><STRONG><a name="[1a8]"></a>_fflt</STRONG> (Thumb, 0 bytes, Stack size 0 bytes, fflti.o(.text), UNUSED)

<P><STRONG><a name="[98]"></a>__aeabi_ui2f</STRONG> (Thumb, 6 bytes, Stack size 0 bytes, fflti.o(.text))
<BR><BR>[Calls]<UL><LI><a href="#[97]">&gt;&gt;</a>&nbsp;&nbsp;&nbsp;__aeabi_i2f_normalise
</UL>
<BR>[Called By]<UL><LI><a href="#[10b]">&gt;&gt;</a>&nbsp;&nbsp;&nbsp;show_oled_opening_animation
<LI><a href="#[14]">&gt;&gt;</a>&nbsp;&nbsp;&nbsp;UART3_IRQHandler
<LI><a href="#[ed]">&gt;&gt;</a>&nbsp;&nbsp;&nbsp;modify_variable_value
<LI><a href="#[16a]">&gt;&gt;</a>&nbsp;&nbsp;&nbsp;__mathlib_rredf2
</UL>

<P><STRONG><a name="[1a9]"></a>_ffltu</STRONG> (Thumb, 0 bytes, Stack size 0 bytes, fflti.o(.text), UNUSED)

<P><STRONG><a name="[99]"></a>__read_errno</STRONG> (Thumb, 10 bytes, Stack size 8 bytes, _rserrno.o(.text), UNUSED)
<BR><BR>[Calls]<UL><LI><a href="#[9a]">&gt;&gt;</a>&nbsp;&nbsp;&nbsp;__aeabi_errno_addr
</UL>

<P><STRONG><a name="[9b]"></a>__set_errno</STRONG> (Thumb, 12 bytes, Stack size 8 bytes, _rserrno.o(.text))
<BR><BR>[Stack]<UL><LI>Max Depth = 8<LI>Call Chain = __set_errno
</UL>
<BR>[Calls]<UL><LI><a href="#[9a]">&gt;&gt;</a>&nbsp;&nbsp;&nbsp;__aeabi_errno_addr
</UL>
<BR>[Called By]<UL><LI><a href="#[135]">&gt;&gt;</a>&nbsp;&nbsp;&nbsp;sinf
<LI><a href="#[136]">&gt;&gt;</a>&nbsp;&nbsp;&nbsp;cosf
</UL>

<P><STRONG><a name="[86]"></a>_printf_int_common</STRONG> (Thumb, 176 bytes, Stack size 40 bytes, _printf_intcommon.o(.text))
<BR><BR>[Stack]<UL><LI>Max Depth = 56<LI>Call Chain = _printf_int_common &rArr; _printf_post_padding
</UL>
<BR>[Calls]<UL><LI><a href="#[82]">&gt;&gt;</a>&nbsp;&nbsp;&nbsp;_printf_post_padding
<LI><a href="#[81]">&gt;&gt;</a>&nbsp;&nbsp;&nbsp;_printf_pre_padding
</UL>
<BR>[Called By]<UL><LI><a href="#[5c]">&gt;&gt;</a>&nbsp;&nbsp;&nbsp;_printf_longlong_dec
<LI><a href="#[8a]">&gt;&gt;</a>&nbsp;&nbsp;&nbsp;_printf_longlong_hex
<LI><a href="#[89]">&gt;&gt;</a>&nbsp;&nbsp;&nbsp;_printf_longlong_oct
<LI><a href="#[54]">&gt;&gt;</a>&nbsp;&nbsp;&nbsp;_printf_int_dec
</UL>

<P><STRONG><a name="[49]"></a>_printf_charcount</STRONG> (Thumb, 38 bytes, Stack size 0 bytes, _printf_charcount.o(.text))
<BR><BR>[Called By]<UL><LI><a href="#[47]">&gt;&gt;</a>&nbsp;&nbsp;&nbsp;_printf_n
</UL>

<P><STRONG><a name="[3f]"></a>_printf_fp_dec_real</STRONG> (Thumb, 620 bytes, Stack size 96 bytes, _printf_fp_dec.o(.text))
<BR><BR>[Stack]<UL><LI>Max Depth = 368<LI>Call Chain = _printf_fp_dec_real &rArr; _fp_digits &rArr; _btod_etento &rArr; _btod_emul &rArr; btod_internal_mul &rArr; __ARM_common_ll_muluu
</UL>
<BR>[Calls]<UL><LI><a href="#[a3]">&gt;&gt;</a>&nbsp;&nbsp;&nbsp;_printf_fp_infnan
<LI><a href="#[6d]">&gt;&gt;</a>&nbsp;&nbsp;&nbsp;__rt_locale
<LI><a href="#[a2]">&gt;&gt;</a>&nbsp;&nbsp;&nbsp;__ARM_fpclassify
<LI><a href="#[85]">&gt;&gt;</a>&nbsp;&nbsp;&nbsp;__rt_udiv10
<LI><a href="#[9c]">&gt;&gt;</a>&nbsp;&nbsp;&nbsp;_fp_digits
<LI><a href="#[82]">&gt;&gt;</a>&nbsp;&nbsp;&nbsp;_printf_post_padding
<LI><a href="#[81]">&gt;&gt;</a>&nbsp;&nbsp;&nbsp;_printf_pre_padding
</UL>
<BR>[Address Reference Count : 1]<UL><LI> printf1.o(x$fpl$printf1)
</UL>
<P><STRONG><a name="[40]"></a>_printf_fp_hex_real</STRONG> (Thumb, 718 bytes, Stack size 72 bytes, _printf_fp_hex.o(.text))
<BR><BR>[Stack]<UL><LI>Max Depth = 112<LI>Call Chain = _printf_fp_hex_real &rArr; _printf_fp_infnan &rArr; _printf_post_padding
</UL>
<BR>[Calls]<UL><LI><a href="#[a3]">&gt;&gt;</a>&nbsp;&nbsp;&nbsp;_printf_fp_infnan
<LI><a href="#[a2]">&gt;&gt;</a>&nbsp;&nbsp;&nbsp;__ARM_fpclassify
<LI><a href="#[a4]">&gt;&gt;</a>&nbsp;&nbsp;&nbsp;__aeabi_idivmod
<LI><a href="#[82]">&gt;&gt;</a>&nbsp;&nbsp;&nbsp;_printf_post_padding
<LI><a href="#[81]">&gt;&gt;</a>&nbsp;&nbsp;&nbsp;_printf_pre_padding
</UL>
<BR>[Address Reference Count : 1]<UL><LI> printf2.o(x$fpl$printf2)
</UL>
<P><STRONG><a name="[7e]"></a>_printf_char_common</STRONG> (Thumb, 32 bytes, Stack size 64 bytes, _printf_char_common.o(.text))
<BR><BR>[Stack]<UL><LI>Max Depth = 96 + Unknown Stack Size
<LI>Call Chain = _printf_char_common &rArr; __printf
</UL>
<BR>[Calls]<UL><LI><a href="#[8b]">&gt;&gt;</a>&nbsp;&nbsp;&nbsp;__printf
</UL>
<BR>[Called By]<UL><LI><a href="#[7f]">&gt;&gt;</a>&nbsp;&nbsp;&nbsp;__2snprintf
<LI><a href="#[7d]">&gt;&gt;</a>&nbsp;&nbsp;&nbsp;vsnprintf
</UL>

<P><STRONG><a name="[2a]"></a>_snputc</STRONG> (Thumb, 16 bytes, Stack size 0 bytes, _snputc.o(.text))
<BR>[Address Reference Count : 2]<UL><LI> vsnprintf.o(.text)
<LI> __2snprintf.o(.text)
</UL>
<P><STRONG><a name="[a5]"></a>_printf_cs_common</STRONG> (Thumb, 22 bytes, Stack size 8 bytes, _printf_char.o(.text))
<BR><BR>[Stack]<UL><LI>Max Depth = 40<LI>Call Chain = _printf_cs_common &rArr; _printf_str &rArr; _printf_post_padding
</UL>
<BR>[Calls]<UL><LI><a href="#[a6]">&gt;&gt;</a>&nbsp;&nbsp;&nbsp;_printf_mbtowc (Weak Reference)
<LI><a href="#[80]">&gt;&gt;</a>&nbsp;&nbsp;&nbsp;_printf_str
</UL>
<BR>[Called By]<UL><LI><a href="#[67]">&gt;&gt;</a>&nbsp;&nbsp;&nbsp;_printf_string
<LI><a href="#[65]">&gt;&gt;</a>&nbsp;&nbsp;&nbsp;_printf_char
</UL>

<P><STRONG><a name="[65]"></a>_printf_char</STRONG> (Thumb, 16 bytes, Stack size 0 bytes, _printf_char.o(.text))
<BR><BR>[Stack]<UL><LI>Max Depth = 40<LI>Call Chain = _printf_char &rArr; _printf_cs_common &rArr; _printf_str &rArr; _printf_post_padding
</UL>
<BR>[Calls]<UL><LI><a href="#[a5]">&gt;&gt;</a>&nbsp;&nbsp;&nbsp;_printf_cs_common
</UL>
<BR>[Called By]<UL><LI><a href="#[63]">&gt;&gt;</a>&nbsp;&nbsp;&nbsp;_printf_c
</UL>

<P><STRONG><a name="[67]"></a>_printf_string</STRONG> (Thumb, 8 bytes, Stack size 0 bytes, _printf_char.o(.text))
<BR><BR>[Stack]<UL><LI>Max Depth = 40<LI>Call Chain = _printf_string &rArr; _printf_cs_common &rArr; _printf_str &rArr; _printf_post_padding
</UL>
<BR>[Calls]<UL><LI><a href="#[a5]">&gt;&gt;</a>&nbsp;&nbsp;&nbsp;_printf_cs_common
</UL>
<BR>[Called By]<UL><LI><a href="#[64]">&gt;&gt;</a>&nbsp;&nbsp;&nbsp;_printf_s
</UL>

<P><STRONG><a name="[a7]"></a>_printf_lcs_common</STRONG> (Thumb, 22 bytes, Stack size 8 bytes, _printf_wchar.o(.text))
<BR><BR>[Stack]<UL><LI>Max Depth = 88<LI>Call Chain = _printf_lcs_common &rArr; _printf_wctomb &rArr; _wcrtomb
</UL>
<BR>[Calls]<UL><LI><a href="#[a8]">&gt;&gt;</a>&nbsp;&nbsp;&nbsp;_printf_wc (Weak Reference)
<LI><a href="#[87]">&gt;&gt;</a>&nbsp;&nbsp;&nbsp;_printf_wctomb
</UL>
<BR>[Called By]<UL><LI><a href="#[6b]">&gt;&gt;</a>&nbsp;&nbsp;&nbsp;_printf_wstring
<LI><a href="#[69]">&gt;&gt;</a>&nbsp;&nbsp;&nbsp;_printf_wchar
</UL>

<P><STRONG><a name="[69]"></a>_printf_wchar</STRONG> (Thumb, 16 bytes, Stack size 0 bytes, _printf_wchar.o(.text))
<BR><BR>[Stack]<UL><LI>Max Depth = 88<LI>Call Chain = _printf_wchar &rArr; _printf_lcs_common &rArr; _printf_wctomb &rArr; _wcrtomb
</UL>
<BR>[Calls]<UL><LI><a href="#[a7]">&gt;&gt;</a>&nbsp;&nbsp;&nbsp;_printf_lcs_common
</UL>
<BR>[Called By]<UL><LI><a href="#[66]">&gt;&gt;</a>&nbsp;&nbsp;&nbsp;_printf_lc
</UL>

<P><STRONG><a name="[6b]"></a>_printf_wstring</STRONG> (Thumb, 8 bytes, Stack size 0 bytes, _printf_wchar.o(.text))
<BR><BR>[Stack]<UL><LI>Max Depth = 88<LI>Call Chain = _printf_wstring &rArr; _printf_lcs_common &rArr; _printf_wctomb &rArr; _wcrtomb
</UL>
<BR>[Calls]<UL><LI><a href="#[a7]">&gt;&gt;</a>&nbsp;&nbsp;&nbsp;_printf_lcs_common
</UL>
<BR>[Called By]<UL><LI><a href="#[68]">&gt;&gt;</a>&nbsp;&nbsp;&nbsp;_printf_ls
</UL>

<P><STRONG><a name="[5c]"></a>_printf_longlong_dec</STRONG> (Thumb, 94 bytes, Stack size 32 bytes, _printf_longlong_dec.o(.text))
<BR><BR>[Stack]<UL><LI>Max Depth = 88<LI>Call Chain = _printf_longlong_dec &rArr; _printf_int_common &rArr; _printf_post_padding
</UL>
<BR>[Calls]<UL><LI><a href="#[a1]">&gt;&gt;</a>&nbsp;&nbsp;&nbsp;_ll_udiv10
<LI><a href="#[86]">&gt;&gt;</a>&nbsp;&nbsp;&nbsp;_printf_int_common
</UL>
<BR>[Called By]<UL><LI><a href="#[5d]">&gt;&gt;</a>&nbsp;&nbsp;&nbsp;_printf_llu
<LI><a href="#[5b]">&gt;&gt;</a>&nbsp;&nbsp;&nbsp;_printf_lld
<LI><a href="#[59]">&gt;&gt;</a>&nbsp;&nbsp;&nbsp;_printf_lli
</UL>

<P><STRONG><a name="[a9]"></a>_c16rtomb</STRONG> (Thumb, 66 bytes, Stack size 24 bytes, _c16rtomb.o(.text), UNUSED)
<BR><BR>[Calls]<UL><LI><a href="#[aa]">&gt;&gt;</a>&nbsp;&nbsp;&nbsp;__rt_ctype_table
</UL>

<P><STRONG><a name="[88]"></a>_wcrtomb</STRONG> (Thumb, 0 bytes, Stack size 24 bytes, _c16rtomb.o(.text))
<BR><BR>[Stack]<UL><LI>Max Depth = 24<LI>Call Chain = _wcrtomb
</UL>
<BR>[Called By]<UL><LI><a href="#[87]">&gt;&gt;</a>&nbsp;&nbsp;&nbsp;_printf_wctomb
</UL>

<P><STRONG><a name="[85]"></a>__rt_udiv10</STRONG> (Thumb, 40 bytes, Stack size 0 bytes, rtudiv10.o(.text))
<BR><BR>[Called By]<UL><LI><a href="#[3f]">&gt;&gt;</a>&nbsp;&nbsp;&nbsp;_printf_fp_dec_real
<LI><a href="#[54]">&gt;&gt;</a>&nbsp;&nbsp;&nbsp;_printf_int_dec
</UL>

<P><STRONG><a name="[172]"></a>_frnd</STRONG> (Thumb, 122 bytes, Stack size 8 bytes, frnd.o(.text))
<BR><BR>[Stack]<UL><LI>Max Depth = 8<LI>Call Chain = _frnd
</UL>
<BR>[Called By]<UL><LI><a href="#[135]">&gt;&gt;</a>&nbsp;&nbsp;&nbsp;sinf
<LI><a href="#[136]">&gt;&gt;</a>&nbsp;&nbsp;&nbsp;cosf
</UL>

<P><STRONG><a name="[aa]"></a>__rt_ctype_table</STRONG> (Thumb, 16 bytes, Stack size 8 bytes, rt_ctype_table.o(.text), UNUSED)
<BR><BR>[Calls]<UL><LI><a href="#[6d]">&gt;&gt;</a>&nbsp;&nbsp;&nbsp;__rt_locale
</UL>
<BR>[Called By]<UL><LI><a href="#[a9]">&gt;&gt;</a>&nbsp;&nbsp;&nbsp;_c16rtomb
</UL>

<P><STRONG><a name="[6d]"></a>__rt_locale</STRONG> (Thumb, 8 bytes, Stack size 0 bytes, rt_locale_intlibspace.o(.text))
<BR><BR>[Called By]<UL><LI><a href="#[aa]">&gt;&gt;</a>&nbsp;&nbsp;&nbsp;__rt_ctype_table
<LI><a href="#[3f]">&gt;&gt;</a>&nbsp;&nbsp;&nbsp;_printf_fp_dec_real
<LI><a href="#[6c]">&gt;&gt;</a>&nbsp;&nbsp;&nbsp;__rt_lib_init_lc_common
</UL>

<P><STRONG><a name="[9a]"></a>__aeabi_errno_addr</STRONG> (Thumb, 8 bytes, Stack size 0 bytes, rt_errno_addr_intlibspace.o(.text))
<BR><BR>[Called By]<UL><LI><a href="#[9b]">&gt;&gt;</a>&nbsp;&nbsp;&nbsp;__set_errno
<LI><a href="#[99]">&gt;&gt;</a>&nbsp;&nbsp;&nbsp;__read_errno
</UL>

<P><STRONG><a name="[1aa]"></a>__errno$intlibspace</STRONG> (Thumb, 0 bytes, Stack size 0 bytes, rt_errno_addr_intlibspace.o(.text), UNUSED)

<P><STRONG><a name="[1ab]"></a>__rt_errno_addr$intlibspace</STRONG> (Thumb, 0 bytes, Stack size 0 bytes, rt_errno_addr_intlibspace.o(.text), UNUSED)

<P><STRONG><a name="[a1]"></a>_ll_udiv10</STRONG> (Thumb, 122 bytes, Stack size 16 bytes, lludiv10.o(.text))
<BR><BR>[Stack]<UL><LI>Max Depth = 16<LI>Call Chain = _ll_udiv10
</UL>
<BR>[Called By]<UL><LI><a href="#[5c]">&gt;&gt;</a>&nbsp;&nbsp;&nbsp;_printf_longlong_dec
<LI><a href="#[9c]">&gt;&gt;</a>&nbsp;&nbsp;&nbsp;_fp_digits
</UL>

<P><STRONG><a name="[a3]"></a>_printf_fp_infnan</STRONG> (Thumb, 120 bytes, Stack size 24 bytes, _printf_fp_infnan.o(.text))
<BR><BR>[Stack]<UL><LI>Max Depth = 40<LI>Call Chain = _printf_fp_infnan &rArr; _printf_post_padding
</UL>
<BR>[Calls]<UL><LI><a href="#[82]">&gt;&gt;</a>&nbsp;&nbsp;&nbsp;_printf_post_padding
<LI><a href="#[81]">&gt;&gt;</a>&nbsp;&nbsp;&nbsp;_printf_pre_padding
</UL>
<BR>[Called By]<UL><LI><a href="#[40]">&gt;&gt;</a>&nbsp;&nbsp;&nbsp;_printf_fp_hex_real
<LI><a href="#[3f]">&gt;&gt;</a>&nbsp;&nbsp;&nbsp;_printf_fp_dec_real
</UL>

<P><STRONG><a name="[9d]"></a>_btod_etento</STRONG> (Thumb, 210 bytes, Stack size 72 bytes, bigflt0.o(.text))
<BR><BR>[Stack]<UL><LI>Max Depth = 176<LI>Call Chain = _btod_etento &rArr; _btod_emul &rArr; btod_internal_mul &rArr; __ARM_common_ll_muluu
</UL>
<BR>[Calls]<UL><LI><a href="#[9f]">&gt;&gt;</a>&nbsp;&nbsp;&nbsp;_btod_ediv
<LI><a href="#[a0]">&gt;&gt;</a>&nbsp;&nbsp;&nbsp;_btod_emul
<LI><a href="#[a4]">&gt;&gt;</a>&nbsp;&nbsp;&nbsp;__aeabi_idivmod
</UL>
<BR>[Called By]<UL><LI><a href="#[9c]">&gt;&gt;</a>&nbsp;&nbsp;&nbsp;_fp_digits
</UL>

<P><STRONG><a name="[9e]"></a>_btod_d2e</STRONG> (Thumb, 64 bytes, Stack size 8 bytes, btod.o(.text))
<BR><BR>[Stack]<UL><LI>Max Depth = 8<LI>Call Chain = _btod_d2e
</UL>
<BR>[Called By]<UL><LI><a href="#[9c]">&gt;&gt;</a>&nbsp;&nbsp;&nbsp;_fp_digits
</UL>

<P><STRONG><a name="[a0]"></a>_btod_emul</STRONG> (Thumb, 28 bytes, Stack size 24 bytes, btod.o(.text))
<BR><BR>[Stack]<UL><LI>Max Depth = 104<LI>Call Chain = _btod_emul &rArr; btod_internal_mul &rArr; __ARM_common_ll_muluu
</UL>
<BR>[Calls]<UL><LI><a href="#[ab]">&gt;&gt;</a>&nbsp;&nbsp;&nbsp;btod_internal_mul
</UL>
<BR>[Called By]<UL><LI><a href="#[9d]">&gt;&gt;</a>&nbsp;&nbsp;&nbsp;_btod_etento
<LI><a href="#[9c]">&gt;&gt;</a>&nbsp;&nbsp;&nbsp;_fp_digits
</UL>

<P><STRONG><a name="[ad]"></a>_btod_emuld</STRONG> (Thumb, 144 bytes, Stack size 56 bytes, btod.o(.text), UNUSED)
<BR><BR>[Calls]<UL><LI><a href="#[ab]">&gt;&gt;</a>&nbsp;&nbsp;&nbsp;btod_internal_mul
</UL>

<P><STRONG><a name="[9f]"></a>_btod_ediv</STRONG> (Thumb, 26 bytes, Stack size 24 bytes, btod.o(.text))
<BR><BR>[Stack]<UL><LI>Max Depth = 88<LI>Call Chain = _btod_ediv &rArr; btod_internal_div
</UL>
<BR>[Calls]<UL><LI><a href="#[ae]">&gt;&gt;</a>&nbsp;&nbsp;&nbsp;btod_internal_div
</UL>
<BR>[Called By]<UL><LI><a href="#[9d]">&gt;&gt;</a>&nbsp;&nbsp;&nbsp;_btod_etento
<LI><a href="#[9c]">&gt;&gt;</a>&nbsp;&nbsp;&nbsp;_fp_digits
</UL>

<P><STRONG><a name="[af]"></a>_btod_edivd</STRONG> (Thumb, 124 bytes, Stack size 56 bytes, btod.o(.text), UNUSED)
<BR><BR>[Calls]<UL><LI><a href="#[ae]">&gt;&gt;</a>&nbsp;&nbsp;&nbsp;btod_internal_div
</UL>

<P><STRONG><a name="[b0]"></a>__fpl_fcmp_InfNaN</STRONG> (Thumb, 96 bytes, Stack size 8 bytes, fcmpin.o(.text), UNUSED)
<BR><BR>[Calls]<UL><LI><a href="#[b2]">&gt;&gt;</a>&nbsp;&nbsp;&nbsp;__fpl_fcheck_NaN2
<LI><a href="#[b1]">&gt;&gt;</a>&nbsp;&nbsp;&nbsp;__fpl_cmpreturn
</UL>
<BR>[Called By]<UL><LI><a href="#[170]">&gt;&gt;</a>&nbsp;&nbsp;&nbsp;_fcmple
<LI><a href="#[16d]">&gt;&gt;</a>&nbsp;&nbsp;&nbsp;_fcmpge
</UL>

<P><STRONG><a name="[167]"></a>__ARM_scalbnf</STRONG> (Thumb, 64 bytes, Stack size 8 bytes, fscalbn.o(.text))
<BR><BR>[Stack]<UL><LI>Max Depth = 8<LI>Call Chain = __ARM_scalbnf
</UL>
<BR>[Called By]<UL><LI><a href="#[16a]">&gt;&gt;</a>&nbsp;&nbsp;&nbsp;__mathlib_rredf2
<LI><a href="#[169]">&gt;&gt;</a>&nbsp;&nbsp;&nbsp;__mathlib_flt_underflow
<LI><a href="#[166]">&gt;&gt;</a>&nbsp;&nbsp;&nbsp;__mathlib_flt_infnan
</UL>

<P><STRONG><a name="[1ac]"></a>__user_libspace</STRONG> (Thumb, 8 bytes, Stack size 0 bytes, libspace.o(.text), UNUSED)

<P><STRONG><a name="[b3]"></a>__user_perproc_libspace</STRONG> (Thumb, 0 bytes, Stack size 0 bytes, libspace.o(.text))
<BR><BR>[Called By]<UL><LI><a href="#[72]">&gt;&gt;</a>&nbsp;&nbsp;&nbsp;__user_setup_stackheap
</UL>

<P><STRONG><a name="[1ad]"></a>__user_perthread_libspace</STRONG> (Thumb, 0 bytes, Stack size 0 bytes, libspace.o(.text), UNUSED)

<P><STRONG><a name="[72]"></a>__user_setup_stackheap</STRONG> (Thumb, 62 bytes, Stack size 8 bytes, sys_stackheap_outer.o(.text))
<BR><BR>[Stack]<UL><LI>Max Depth = 8<LI>Call Chain = __user_setup_stackheap
</UL>
<BR>[Calls]<UL><LI><a href="#[b4]">&gt;&gt;</a>&nbsp;&nbsp;&nbsp;__user_initial_stackheap
<LI><a href="#[b3]">&gt;&gt;</a>&nbsp;&nbsp;&nbsp;__user_perproc_libspace
</UL>
<BR>[Called By]<UL><LI><a href="#[71]">&gt;&gt;</a>&nbsp;&nbsp;&nbsp;__rt_entry_sh
</UL>

<P><STRONG><a name="[77]"></a>exit</STRONG> (Thumb, 16 bytes, Stack size 8 bytes, exit.o(.text))
<BR><BR>[Stack]<UL><LI>Max Depth = 8 + Unknown Stack Size
<LI>Call Chain = exit
</UL>
<BR>[Calls]<UL><LI><a href="#[b6]">&gt;&gt;</a>&nbsp;&nbsp;&nbsp;__rt_exit
<LI><a href="#[b5]">&gt;&gt;</a>&nbsp;&nbsp;&nbsp;_call_atexit_fns (Weak Reference)
</UL>
<BR>[Called By]<UL><LI><a href="#[75]">&gt;&gt;</a>&nbsp;&nbsp;&nbsp;__rt_entry_main
</UL>

<P><STRONG><a name="[174]"></a>strcmp</STRONG> (Thumb, 176 bytes, Stack size 16 bytes, strcmpv6m.o(.text))
<BR><BR>[Stack]<UL><LI>Max Depth = 16<LI>Call Chain = strcmp
</UL>
<BR>[Called By]<UL><LI><a href="#[70]">&gt;&gt;</a>&nbsp;&nbsp;&nbsp;_get_lc_numeric
<LI><a href="#[2c]">&gt;&gt;</a>&nbsp;&nbsp;&nbsp;_get_lc_ctype
</UL>

<P><STRONG><a name="[b1]"></a>__fpl_cmpreturn</STRONG> (Thumb, 46 bytes, Stack size 0 bytes, cmpret.o(.text), UNUSED)
<BR><BR>[Called By]<UL><LI><a href="#[b7]">&gt;&gt;</a>&nbsp;&nbsp;&nbsp;__fpl_return_NaN
<LI><a href="#[b0]">&gt;&gt;</a>&nbsp;&nbsp;&nbsp;__fpl_fcmp_InfNaN
</UL>

<P><STRONG><a name="[b2]"></a>__fpl_fcheck_NaN2</STRONG> (Thumb, 10 bytes, Stack size 8 bytes, fnan2.o(.text), UNUSED)
<BR><BR>[Calls]<UL><LI><a href="#[b7]">&gt;&gt;</a>&nbsp;&nbsp;&nbsp;__fpl_return_NaN
</UL>
<BR>[Called By]<UL><LI><a href="#[b0]">&gt;&gt;</a>&nbsp;&nbsp;&nbsp;__fpl_fcmp_InfNaN
</UL>

<P><STRONG><a name="[b7]"></a>__fpl_return_NaN</STRONG> (Thumb, 94 bytes, Stack size 8 bytes, retnan.o(.text), UNUSED)
<BR><BR>[Calls]<UL><LI><a href="#[b1]">&gt;&gt;</a>&nbsp;&nbsp;&nbsp;__fpl_cmpreturn
</UL>
<BR>[Called By]<UL><LI><a href="#[b2]">&gt;&gt;</a>&nbsp;&nbsp;&nbsp;__fpl_fcheck_NaN2
</UL>

<P><STRONG><a name="[7b]"></a>_sys_exit</STRONG> (Thumb, 8 bytes, Stack size 0 bytes, sys_exit.o(.text))
<BR><BR>[Called By]<UL><LI><a href="#[7a]">&gt;&gt;</a>&nbsp;&nbsp;&nbsp;__rt_exit_exit
</UL>

<P><STRONG><a name="[1ae]"></a>__I$use$semihosting</STRONG> (Thumb, 0 bytes, Stack size 0 bytes, use_no_semi.o(.text), UNUSED)

<P><STRONG><a name="[1af]"></a>__use_no_semihosting_swi</STRONG> (Thumb, 2 bytes, Stack size 0 bytes, use_no_semi.o(.text), UNUSED)

<P><STRONG><a name="[1b0]"></a>__decompress</STRONG> (Thumb, 0 bytes, Stack size unknown bytes, __dczerorl2.o(.text), UNUSED)

<P><STRONG><a name="[1b1]"></a>__decompress1</STRONG> (Thumb, 86 bytes, Stack size unknown bytes, __dczerorl2.o(.text), UNUSED)

<P><STRONG><a name="[1b2]"></a>__semihosting_library_function</STRONG> (Thumb, 0 bytes, Stack size unknown bytes, indicate_semi.o(.text), UNUSED)

<P><STRONG><a name="[e6]"></a>DL_Common_delayCycles</STRONG> (Thumb, 10 bytes, Stack size 0 bytes, dl_common.o(.text.DL_Common_delayCycles))
<BR><BR>[Called By]<UL><LI><a href="#[e4]">&gt;&gt;</a>&nbsp;&nbsp;&nbsp;SYSCFG_DL_initPower
<LI><a href="#[f0]">&gt;&gt;</a>&nbsp;&nbsp;&nbsp;busy_wait_cycles
</UL>

<P><STRONG><a name="[d5]"></a>DL_DMA_initChannel</STRONG> (Thumb, 68 bytes, Stack size 16 bytes, dl_dma.o(.text.DL_DMA_initChannel))
<BR><BR>[Stack]<UL><LI>Max Depth = 16<LI>Call Chain = DL_DMA_initChannel
</UL>
<BR>[Called By]<UL><LI><a href="#[d4]">&gt;&gt;</a>&nbsp;&nbsp;&nbsp;SYSCFG_DL_DMA_CH0_init
</UL>

<P><STRONG><a name="[db]"></a>DL_SPI_init</STRONG> (Thumb, 68 bytes, Stack size 16 bytes, dl_spi.o(.text.DL_SPI_init))
<BR><BR>[Stack]<UL><LI>Max Depth = 16<LI>Call Chain = DL_SPI_init
</UL>
<BR>[Called By]<UL><LI><a href="#[d9]">&gt;&gt;</a>&nbsp;&nbsp;&nbsp;SYSCFG_DL_SPI_0_init
</UL>

<P><STRONG><a name="[da]"></a>DL_SPI_setClockConfig</STRONG> (Thumb, 18 bytes, Stack size 8 bytes, dl_spi.o(.text.DL_SPI_setClockConfig))
<BR><BR>[Stack]<UL><LI>Max Depth = 8<LI>Call Chain = DL_SPI_setClockConfig
</UL>
<BR>[Called By]<UL><LI><a href="#[d9]">&gt;&gt;</a>&nbsp;&nbsp;&nbsp;SYSCFG_DL_SPI_0_init
</UL>

<P><STRONG><a name="[dd]"></a>DL_SYSCTL_configSYSPLL</STRONG> (Thumb, 196 bytes, Stack size 36 bytes, dl_sysctl_mspm0g1x0x_g3x0x.o(.text.DL_SYSCTL_configSYSPLL))
<BR><BR>[Stack]<UL><LI>Max Depth = 36<LI>Call Chain = DL_SYSCTL_configSYSPLL
</UL>
<BR>[Called By]<UL><LI><a href="#[dc]">&gt;&gt;</a>&nbsp;&nbsp;&nbsp;SYSCFG_DL_SYSCTL_init
</UL>

<P><STRONG><a name="[de]"></a>DL_SYSCTL_switchMCLKfromSYSOSCtoHSCLK</STRONG> (Thumb, 40 bytes, Stack size 0 bytes, dl_sysctl_mspm0g1x0x_g3x0x.o(.text.DL_SYSCTL_switchMCLKfromSYSOSCtoHSCLK))
<BR><BR>[Called By]<UL><LI><a href="#[dc]">&gt;&gt;</a>&nbsp;&nbsp;&nbsp;SYSCFG_DL_SYSCTL_init
</UL>

<P><STRONG><a name="[d0]"></a>DL_Timer_initFourCCPWMMode</STRONG> (Thumb, 272 bytes, Stack size 20 bytes, dl_timer.o(.text.DL_Timer_initFourCCPWMMode))
<BR><BR>[Stack]<UL><LI>Max Depth = 20<LI>Call Chain = DL_Timer_initFourCCPWMMode
</UL>
<BR>[Called By]<UL><LI><a href="#[ce]">&gt;&gt;</a>&nbsp;&nbsp;&nbsp;SYSCFG_DL_BEEP_PWM_init
<LI><a href="#[d8]">&gt;&gt;</a>&nbsp;&nbsp;&nbsp;SYSCFG_DL_Motor_PWM2_init
<LI><a href="#[d7]">&gt;&gt;</a>&nbsp;&nbsp;&nbsp;SYSCFG_DL_Motor_PWM1_init
</UL>

<P><STRONG><a name="[d2]"></a>DL_Timer_setCaptCompUpdateMethod</STRONG> (Thumb, 28 bytes, Stack size 8 bytes, dl_timer.o(.text.DL_Timer_setCaptCompUpdateMethod))
<BR><BR>[Stack]<UL><LI>Max Depth = 8<LI>Call Chain = DL_Timer_setCaptCompUpdateMethod
</UL>
<BR>[Called By]<UL><LI><a href="#[ce]">&gt;&gt;</a>&nbsp;&nbsp;&nbsp;SYSCFG_DL_BEEP_PWM_init
<LI><a href="#[d8]">&gt;&gt;</a>&nbsp;&nbsp;&nbsp;SYSCFG_DL_Motor_PWM2_init
<LI><a href="#[d7]">&gt;&gt;</a>&nbsp;&nbsp;&nbsp;SYSCFG_DL_Motor_PWM1_init
</UL>

<P><STRONG><a name="[d1]"></a>DL_Timer_setCaptureCompareOutCtl</STRONG> (Thumb, 24 bytes, Stack size 8 bytes, dl_timer.o(.text.DL_Timer_setCaptureCompareOutCtl))
<BR><BR>[Stack]<UL><LI>Max Depth = 8<LI>Call Chain = DL_Timer_setCaptureCompareOutCtl
</UL>
<BR>[Called By]<UL><LI><a href="#[ce]">&gt;&gt;</a>&nbsp;&nbsp;&nbsp;SYSCFG_DL_BEEP_PWM_init
<LI><a href="#[d8]">&gt;&gt;</a>&nbsp;&nbsp;&nbsp;SYSCFG_DL_Motor_PWM2_init
<LI><a href="#[d7]">&gt;&gt;</a>&nbsp;&nbsp;&nbsp;SYSCFG_DL_Motor_PWM1_init
</UL>

<P><STRONG><a name="[d3]"></a>DL_Timer_setCaptureCompareValue</STRONG> (Thumb, 16 bytes, Stack size 0 bytes, dl_timer.o(.text.DL_Timer_setCaptureCompareValue))
<BR><BR>[Called By]<UL><LI><a href="#[ce]">&gt;&gt;</a>&nbsp;&nbsp;&nbsp;SYSCFG_DL_BEEP_PWM_init
<LI><a href="#[d8]">&gt;&gt;</a>&nbsp;&nbsp;&nbsp;SYSCFG_DL_Motor_PWM2_init
<LI><a href="#[d7]">&gt;&gt;</a>&nbsp;&nbsp;&nbsp;SYSCFG_DL_Motor_PWM1_init
<LI><a href="#[a]">&gt;&gt;</a>&nbsp;&nbsp;&nbsp;tb6612_set_pwms_impl
<LI><a href="#[9]">&gt;&gt;</a>&nbsp;&nbsp;&nbsp;tb6612_disable_all_motor_impl
</UL>

<P><STRONG><a name="[cf]"></a>DL_Timer_setClockConfig</STRONG> (Thumb, 28 bytes, Stack size 8 bytes, dl_timer.o(.text.DL_Timer_setClockConfig))
<BR><BR>[Stack]<UL><LI>Max Depth = 8<LI>Call Chain = DL_Timer_setClockConfig
</UL>
<BR>[Called By]<UL><LI><a href="#[ce]">&gt;&gt;</a>&nbsp;&nbsp;&nbsp;SYSCFG_DL_BEEP_PWM_init
<LI><a href="#[d8]">&gt;&gt;</a>&nbsp;&nbsp;&nbsp;SYSCFG_DL_Motor_PWM2_init
<LI><a href="#[d7]">&gt;&gt;</a>&nbsp;&nbsp;&nbsp;SYSCFG_DL_Motor_PWM1_init
</UL>

<P><STRONG><a name="[e1]"></a>DL_UART_init</STRONG> (Thumb, 72 bytes, Stack size 16 bytes, dl_uart.o(.text.DL_UART_init))
<BR><BR>[Stack]<UL><LI>Max Depth = 16<LI>Call Chain = DL_UART_init
</UL>
<BR>[Called By]<UL><LI><a href="#[e2]">&gt;&gt;</a>&nbsp;&nbsp;&nbsp;SYSCFG_DL_UART_1_init
<LI><a href="#[df]">&gt;&gt;</a>&nbsp;&nbsp;&nbsp;SYSCFG_DL_UART_0_init
</UL>

<P><STRONG><a name="[e0]"></a>DL_UART_setClockConfig</STRONG> (Thumb, 18 bytes, Stack size 8 bytes, dl_uart.o(.text.DL_UART_setClockConfig))
<BR><BR>[Stack]<UL><LI>Max Depth = 8<LI>Call Chain = DL_UART_setClockConfig
</UL>
<BR>[Called By]<UL><LI><a href="#[e2]">&gt;&gt;</a>&nbsp;&nbsp;&nbsp;SYSCFG_DL_UART_1_init
[...]
<BR><BR>[Stack]<UL><LI>Max Depth = 104<LI>Call Chain = cosf &rArr; __mathlib_rredf2 &rArr; __ARM_common_ll_muluu
</UL>
<BR>[Calls]<UL><LI><a href="#[16a]">&gt;&gt;</a>&nbsp;&nbsp;&nbsp;__mathlib_rredf2
<LI><a href="#[168]">&gt;&gt;</a>&nbsp;&nbsp;&nbsp;__mathlib_flt_invalid
<LI><a href="#[166]">&gt;&gt;</a>&nbsp;&nbsp;&nbsp;__mathlib_flt_infnan
<LI><a href="#[172]">&gt;&gt;</a>&nbsp;&nbsp;&nbsp;_frnd
<LI><a href="#[9b]">&gt;&gt;</a>&nbsp;&nbsp;&nbsp;__set_errno
<LI><a href="#[c4]">&gt;&gt;</a>&nbsp;&nbsp;&nbsp;__aeabi_fmul
<LI><a href="#[103]">&gt;&gt;</a>&nbsp;&nbsp;&nbsp;__aeabi_f2iz
<LI><a href="#[bf]">&gt;&gt;</a>&nbsp;&nbsp;&nbsp;__aeabi_fsub
<LI><a href="#[16b]">&gt;&gt;</a>&nbsp;&nbsp;&nbsp;__aeabi_frsub
<LI><a href="#[c2]">&gt;&gt;</a>&nbsp;&nbsp;&nbsp;__aeabi_fadd
</UL>
<BR>[Called By]<UL><LI><a href="#[10b]">&gt;&gt;</a>&nbsp;&nbsp;&nbsp;show_oled_opening_animation
</UL>

<P><STRONG><a name="[135]"></a>sinf</STRONG> (Thumb, 330 bytes, Stack size 32 bytes, sinf.o(i.sinf))
<BR><BR>[Stack]<UL><LI>Max Depth = 104<LI>Call Chain = sinf &rArr; __mathlib_rredf2 &rArr; __ARM_common_ll_muluu
</UL>
<BR>[Calls]<UL><LI><a href="#[16a]">&gt;&gt;</a>&nbsp;&nbsp;&nbsp;__mathlib_rredf2
<LI><a href="#[169]">&gt;&gt;</a>&nbsp;&nbsp;&nbsp;__mathlib_flt_underflow
<LI><a href="#[168]">&gt;&gt;</a>&nbsp;&nbsp;&nbsp;__mathlib_flt_invalid
<LI><a href="#[166]">&gt;&gt;</a>&nbsp;&nbsp;&nbsp;__mathlib_flt_infnan
<LI><a href="#[173]">&gt;&gt;</a>&nbsp;&nbsp;&nbsp;__ARM_fpclassifyf
<LI><a href="#[172]">&gt;&gt;</a>&nbsp;&nbsp;&nbsp;_frnd
<LI><a href="#[9b]">&gt;&gt;</a>&nbsp;&nbsp;&nbsp;__set_errno
<LI><a href="#[c4]">&gt;&gt;</a>&nbsp;&nbsp;&nbsp;__aeabi_fmul
<LI><a href="#[103]">&gt;&gt;</a>&nbsp;&nbsp;&nbsp;__aeabi_f2iz
<LI><a href="#[bf]">&gt;&gt;</a>&nbsp;&nbsp;&nbsp;__aeabi_fsub
<LI><a href="#[16b]">&gt;&gt;</a>&nbsp;&nbsp;&nbsp;__aeabi_frsub
<LI><a href="#[c2]">&gt;&gt;</a>&nbsp;&nbsp;&nbsp;__aeabi_fadd
</UL>
<BR>[Called By]<UL><LI><a href="#[10b]">&gt;&gt;</a>&nbsp;&nbsp;&nbsp;show_oled_opening_animation
</UL>

<P><STRONG><a name="[70]"></a>_get_lc_numeric</STRONG> (Thumb, 44 bytes, Stack size 8 bytes, lc_numeric_c.o(locale$$code))
<BR><BR>[Stack]<UL><LI>Max Depth = 24<LI>Call Chain = _get_lc_numeric &rArr; strcmp
</UL>
<BR>[Calls]<UL><LI><a href="#[174]">&gt;&gt;</a>&nbsp;&nbsp;&nbsp;strcmp
</UL>
<BR>[Called By]<UL><LI><a href="#[6f]">&gt;&gt;</a>&nbsp;&nbsp;&nbsp;__rt_lib_init_lc_numeric_2
</UL>

<P><STRONG><a name="[2c]"></a>_get_lc_ctype</STRONG> (Thumb, 44 bytes, Stack size 8 bytes, lc_ctype_c.o(locale$$code))
<BR><BR>[Stack]<UL><LI>Max Depth = 24<LI>Call Chain = _get_lc_ctype &rArr; strcmp
</UL>
<BR>[Calls]<UL><LI><a href="#[174]">&gt;&gt;</a>&nbsp;&nbsp;&nbsp;strcmp
</UL>
<BR>[Called By]<UL><LI><a href="#[6e]">&gt;&gt;</a>&nbsp;&nbsp;&nbsp;__rt_lib_init_lc_ctype_2
</UL>
<BR>[Address Reference Count : 1]<UL><LI> rt_ctype_table.o(.text)
</UL>
<P><STRONG><a name="[c2]"></a>__aeabi_fadd</STRONG> (Thumb, 0 bytes, Stack size 16 bytes, faddsub.o(x$fpl$fadd))
<BR><BR>[Stack]<UL><LI>Max Depth = 16<LI>Call Chain = __aeabi_fadd
</UL>
<BR>[Called By]<UL><LI><a href="#[10b]">&gt;&gt;</a>&nbsp;&nbsp;&nbsp;show_oled_opening_animation
<LI><a href="#[bd]">&gt;&gt;</a>&nbsp;&nbsp;&nbsp;PID_IncrementCalculate
<LI><a href="#[be]">&gt;&gt;</a>&nbsp;&nbsp;&nbsp;PID_PositionCalculate
<LI><a href="#[fa]">&gt;&gt;</a>&nbsp;&nbsp;&nbsp;car_move_until
<LI><a href="#[104]">&gt;&gt;</a>&nbsp;&nbsp;&nbsp;spin_turn
<LI><a href="#[f9]">&gt;&gt;</a>&nbsp;&nbsp;&nbsp;car_move_cm
<LI><a href="#[106]">&gt;&gt;</a>&nbsp;&nbsp;&nbsp;update_straight_control
<LI><a href="#[105]">&gt;&gt;</a>&nbsp;&nbsp;&nbsp;update_encoder
<LI><a href="#[7]">&gt;&gt;</a>&nbsp;&nbsp;&nbsp;car_task
<LI><a href="#[14]">&gt;&gt;</a>&nbsp;&nbsp;&nbsp;UART3_IRQHandler
<LI><a href="#[ed]">&gt;&gt;</a>&nbsp;&nbsp;&nbsp;modify_variable_value
<LI><a href="#[16a]">&gt;&gt;</a>&nbsp;&nbsp;&nbsp;__mathlib_rredf2
<LI><a href="#[135]">&gt;&gt;</a>&nbsp;&nbsp;&nbsp;sinf
<LI><a href="#[136]">&gt;&gt;</a>&nbsp;&nbsp;&nbsp;cosf
</UL>

<P><STRONG><a name="[175]"></a>_fadd</STRONG> (Thumb, 134 bytes, Stack size 16 bytes, faddsub.o(x$fpl$fadd), UNUSED)
<BR><BR>[Calls]<UL><LI><a href="#[176]">&gt;&gt;</a>&nbsp;&nbsp;&nbsp;_fsub1
</UL>

<P><STRONG><a name="[16d]"></a>_fcmpge</STRONG> (Thumb, 78 bytes, Stack size 8 bytes, fgef.o(x$fpl$fgeqf), UNUSED)
<BR><BR>[Calls]<UL><LI><a href="#[b0]">&gt;&gt;</a>&nbsp;&nbsp;&nbsp;__fpl_fcmp_InfNaN
</UL>
<BR>[Called By]<UL><LI><a href="#[16e]">&gt;&gt;</a>&nbsp;&nbsp;&nbsp;_fgr
<LI><a href="#[16c]">&gt;&gt;</a>&nbsp;&nbsp;&nbsp;_fgeq
</UL>

<P><STRONG><a name="[1b3]"></a>__aeabi_cfcmple</STRONG> (Thumb, 0 bytes, Stack size 8 bytes, flef.o(x$fpl$fleqf), UNUSED)

<P><STRONG><a name="[170]"></a>_fcmple</STRONG> (Thumb, 78 bytes, Stack size 8 bytes, flef.o(x$fpl$fleqf), UNUSED)
<BR><BR>[Calls]<UL><LI><a href="#[b0]">&gt;&gt;</a>&nbsp;&nbsp;&nbsp;__fpl_fcmp_InfNaN
</UL>
<BR>[Called By]<UL><LI><a href="#[171]">&gt;&gt;</a>&nbsp;&nbsp;&nbsp;_fls
<LI><a href="#[16f]">&gt;&gt;</a>&nbsp;&nbsp;&nbsp;_fleq
</UL>

<P><STRONG><a name="[c4]"></a>__aeabi_fmul</STRONG> (Thumb, 0 bytes, Stack size 16 bytes, fmul.o(x$fpl$fmul))
<BR><BR>[Stack]<UL><LI>Max Depth = 16<LI>Call Chain = __aeabi_fmul
</UL>
<BR>[Called By]<UL><LI><a href="#[10b]">&gt;&gt;</a>&nbsp;&nbsp;&nbsp;show_oled_opening_animation
<LI><a href="#[bd]">&gt;&gt;</a>&nbsp;&nbsp;&nbsp;PID_IncrementCalculate
<LI><a href="#[be]">&gt;&gt;</a>&nbsp;&nbsp;&nbsp;PID_PositionCalculate
<LI><a href="#[fa]">&gt;&gt;</a>&nbsp;&nbsp;&nbsp;car_move_until
<LI><a href="#[f9]">&gt;&gt;</a>&nbsp;&nbsp;&nbsp;car_move_cm
<LI><a href="#[106]">&gt;&gt;</a>&nbsp;&nbsp;&nbsp;update_straight_control
<LI><a href="#[105]">&gt;&gt;</a>&nbsp;&nbsp;&nbsp;update_encoder
<LI><a href="#[14]">&gt;&gt;</a>&nbsp;&nbsp;&nbsp;UART3_IRQHandler
<LI><a href="#[ed]">&gt;&gt;</a>&nbsp;&nbsp;&nbsp;modify_variable_value
<LI><a href="#[16a]">&gt;&gt;</a>&nbsp;&nbsp;&nbsp;__mathlib_rredf2
<LI><a href="#[135]">&gt;&gt;</a>&nbsp;&nbsp;&nbsp;sinf
<LI><a href="#[136]">&gt;&gt;</a>&nbsp;&nbsp;&nbsp;cosf
</UL>

<P><STRONG><a name="[1b4]"></a>_fmul</STRONG> (Thumb, 172 bytes, Stack size 16 bytes, fmul.o(x$fpl$fmul), UNUSED)

<P><STRONG><a name="[16b]"></a>__aeabi_frsub</STRONG> (Thumb, 0 bytes, Stack size 16 bytes, faddsub.o(x$fpl$frsb))
<BR><BR>[Stack]<UL><LI>Max Depth = 16<LI>Call Chain = __aeabi_frsub
</UL>
<BR>[Called By]<UL><LI><a href="#[16a]">&gt;&gt;</a>&nbsp;&nbsp;&nbsp;__mathlib_rredf2
<LI><a href="#[135]">&gt;&gt;</a>&nbsp;&nbsp;&nbsp;sinf
<LI><a href="#[136]">&gt;&gt;</a>&nbsp;&nbsp;&nbsp;cosf
</UL>

<P><STRONG><a name="[177]"></a>_frsb</STRONG> (Thumb, 24 bytes, Stack size 16 bytes, faddsub.o(x$fpl$frsb), UNUSED)
<BR><BR>[Calls]<UL><LI><a href="#[176]">&gt;&gt;</a>&nbsp;&nbsp;&nbsp;_fsub1
<LI><a href="#[178]">&gt;&gt;</a>&nbsp;&nbsp;&nbsp;_fadd1
</UL>

<P><STRONG><a name="[bf]"></a>__aeabi_fsub</STRONG> (Thumb, 0 bytes, Stack size 16 bytes, faddsub.o(x$fpl$fsub))
<BR><BR>[Stack]<UL><LI>Max Depth = 16<LI>Call Chain = __aeabi_fsub
</UL>
<BR>[Called By]<UL><LI><a href="#[bd]">&gt;&gt;</a>&nbsp;&nbsp;&nbsp;PID_IncrementCalculate
<LI><a href="#[be]">&gt;&gt;</a>&nbsp;&nbsp;&nbsp;PID_PositionCalculate
<LI><a href="#[104]">&gt;&gt;</a>&nbsp;&nbsp;&nbsp;spin_turn
<LI><a href="#[106]">&gt;&gt;</a>&nbsp;&nbsp;&nbsp;update_straight_control
<LI><a href="#[7]">&gt;&gt;</a>&nbsp;&nbsp;&nbsp;car_task
<LI><a href="#[ed]">&gt;&gt;</a>&nbsp;&nbsp;&nbsp;modify_variable_value
<LI><a href="#[16a]">&gt;&gt;</a>&nbsp;&nbsp;&nbsp;__mathlib_rredf2
<LI><a href="#[135]">&gt;&gt;</a>&nbsp;&nbsp;&nbsp;sinf
<LI><a href="#[136]">&gt;&gt;</a>&nbsp;&nbsp;&nbsp;cosf
</UL>

<P><STRONG><a name="[179]"></a>_fsub</STRONG> (Thumb, 204 bytes, Stack size 16 bytes, faddsub.o(x$fpl$fsub), UNUSED)
<BR><BR>[Calls]<UL><LI><a href="#[178]">&gt;&gt;</a>&nbsp;&nbsp;&nbsp;_fadd1
</UL>

<P><STRONG><a name="[4d]"></a>_printf_fp_dec</STRONG> (Thumb, 16 bytes, Stack size 8 bytes, printf1.o(x$fpl$printf1))
<BR><BR>[Stack]<UL><LI>Max Depth = 8<LI>Call Chain = _printf_fp_dec
</UL>
<BR>[Called By]<UL><LI><a href="#[4e]">&gt;&gt;</a>&nbsp;&nbsp;&nbsp;_printf_g
<LI><a href="#[4c]">&gt;&gt;</a>&nbsp;&nbsp;&nbsp;_printf_e
<LI><a href="#[4a]">&gt;&gt;</a>&nbsp;&nbsp;&nbsp;_printf_f
</UL>

<P><STRONG><a name="[51]"></a>_printf_fp_hex</STRONG> (Thumb, 16 bytes, Stack size 8 bytes, printf2.o(x$fpl$printf2))
<BR><BR>[Stack]<UL><LI>Max Depth = 8<LI>Call Chain = _printf_fp_hex
</UL>
<BR>[Called By]<UL><LI><a href="#[4f]">&gt;&gt;</a>&nbsp;&nbsp;&nbsp;_printf_a
</UL>
<P>
<H3>
Local Symbols
</H3>
<P><STRONG><a name="[3e]"></a>read_button_GPIO</STRONG> (Thumb, 28 bytes, Stack size 0 bytes, ui_button.o(.text.read_button_GPIO))
<BR>[Address Reference Count : 1]<UL><LI> ui_button.o(.text.user_button_init)
</UL>
<P><STRONG><a name="[2d]"></a>btn_single_click_callback</STRONG> (Thumb, 236 bytes, Stack size 16 bytes, ui_logic.o(.text.btn_single_click_callback))
<BR><BR>[Stack]<UL><LI>Max Depth = 80<LI>Call Chain = btn_single_click_callback &rArr; select_next &rArr; modify_variable_value &rArr; __aeabi_fmul
</UL>
<BR>[Calls]<UL><LI><a href="#[ef]">&gt;&gt;</a>&nbsp;&nbsp;&nbsp;enter_current
<LI><a href="#[ee]">&gt;&gt;</a>&nbsp;&nbsp;&nbsp;select_next
<LI><a href="#[ed]">&gt;&gt;</a>&nbsp;&nbsp;&nbsp;modify_variable_value
</UL>
<BR>[Address Reference Count : 1]<UL><LI> ui_logic.o(.text.create_oled_menu)
</UL>
<P><STRONG><a name="[2e]"></a>btn_long_press_cb</STRONG> (Thumb, 224 bytes, Stack size 24 bytes, ui_logic.o(.text.btn_long_press_cb))
<BR><BR>[Stack]<UL><LI>Max Depth = 88<LI>Call Chain = btn_long_press_cb &rArr; select_next &rArr; modify_variable_value &rArr; __aeabi_fmul
</UL>
<BR>[Calls]<UL><LI><a href="#[e9]">&gt;&gt;</a>&nbsp;&nbsp;&nbsp;get_ms
<LI><a href="#[ef]">&gt;&gt;</a>&nbsp;&nbsp;&nbsp;enter_current
<LI><a href="#[ee]">&gt;&gt;</a>&nbsp;&nbsp;&nbsp;select_next
<LI><a href="#[ed]">&gt;&gt;</a>&nbsp;&nbsp;&nbsp;modify_variable_value
</UL>
<BR>[Address Reference Count : 1]<UL><LI> ui_logic.o(.text.create_oled_menu)
</UL>
<P><STRONG><a name="[ed]"></a>modify_variable_value</STRONG> (Thumb, 460 bytes, Stack size 24 bytes, ui_logic.o(.text.modify_variable_value))
<BR><BR>[Stack]<UL><LI>Max Depth = 40<LI>Call Chain = modify_variable_value &rArr; __aeabi_fmul
</UL>
<BR>[Calls]<UL><LI><a href="#[c4]">&gt;&gt;</a>&nbsp;&nbsp;&nbsp;__aeabi_fmul
<LI><a href="#[98]">&gt;&gt;</a>&nbsp;&nbsp;&nbsp;__aeabi_ui2f
<LI><a href="#[96]">&gt;&gt;</a>&nbsp;&nbsp;&nbsp;__aeabi_i2f
<LI><a href="#[103]">&gt;&gt;</a>&nbsp;&nbsp;&nbsp;__aeabi_f2iz
<LI><a href="#[c0]">&gt;&gt;</a>&nbsp;&nbsp;&nbsp;__aeabi_fcmplt
<LI><a href="#[c1]">&gt;&gt;</a>&nbsp;&nbsp;&nbsp;__aeabi_fcmple
<LI><a href="#[c5]">&gt;&gt;</a>&nbsp;&nbsp;&nbsp;__aeabi_fcmpgt
<LI><a href="#[c3]">&gt;&gt;</a>&nbsp;&nbsp;&nbsp;__aeabi_fcmpge
<LI><a href="#[bf]">&gt;&gt;</a>&nbsp;&nbsp;&nbsp;__aeabi_fsub
<LI><a href="#[c2]">&gt;&gt;</a>&nbsp;&nbsp;&nbsp;__aeabi_fadd
</UL>
<BR>[Called By]<UL><LI><a href="#[ee]">&gt;&gt;</a>&nbsp;&nbsp;&nbsp;select_next
<LI><a href="#[2e]">&gt;&gt;</a>&nbsp;&nbsp;&nbsp;btn_long_press_cb
<LI><a href="#[2d]">&gt;&gt;</a>&nbsp;&nbsp;&nbsp;btn_single_click_callback
</UL>

<P><STRONG><a name="[0]"></a>Serial_Jy61p_Zero_Yaw</STRONG> (Thumb, 56 bytes, Stack size 16 bytes, wit_jyxx.o(.text.Serial_Jy61p_Zero_Yaw))
<BR><BR>[Stack]<UL><LI>Max Depth = 40<LI>Call Chain = Serial_Jy61p_Zero_Yaw &rArr; delay_ms &rArr; busy_wait_cycles
</UL>
<BR>[Calls]<UL><LI><a href="#[e7]">&gt;&gt;</a>&nbsp;&nbsp;&nbsp;usart_send_bytes
<LI><a href="#[e8]">&gt;&gt;</a>&nbsp;&nbsp;&nbsp;delay_ms
</UL>
<BR>[Address Reference Count : 1]<UL><LI> wit_jyxx.o(.data.jy901s)
</UL>
<P><STRONG><a name="[1]"></a>wit_jyxx_init</STRONG> (Thumb, 8 bytes, Stack size 0 bytes, wit_jyxx.o(.text.wit_jyxx_init))
<BR>[Address Reference Count : 1]<UL><LI> wit_jyxx.o(.data.jy901s)
</UL>
<P><STRONG><a name="[f0]"></a>busy_wait_cycles</STRONG> (Thumb, 8 bytes, Stack size 8 bytes, delay.o(.text.busy_wait_cycles))
<BR><BR>[Stack]<UL><LI>Max Depth = 8<LI>Call Chain = busy_wait_cycles
</UL>
<BR>[Calls]<UL><LI><a href="#[e6]">&gt;&gt;</a>&nbsp;&nbsp;&nbsp;DL_Common_delayCycles
</UL>
<BR>[Called By]<UL><LI><a href="#[ca]">&gt;&gt;</a>&nbsp;&nbsp;&nbsp;delay_us
<LI><a href="#[e8]">&gt;&gt;</a>&nbsp;&nbsp;&nbsp;delay_ms
</UL>

<P><STRONG><a name="[8]"></a>tb6612_enable_all_motor_impl</STRONG> (Thumb, 100 bytes, Stack size 16 bytes, motor_tb6612.o(.text.tb6612_enable_all_motor_impl))
<BR><BR>[Stack]<UL><LI>Max Depth = 16<LI>Call Chain = tb6612_enable_all_motor_impl
</UL>
<BR>[Address Reference Count : 1]<UL><LI> motor_tb6612.o(.data.tb6612_interface)
</UL>
<P><STRONG><a name="[9]"></a>tb6612_disable_all_motor_impl</STRONG> (Thumb, 152 bytes, Stack size 24 bytes, motor_tb6612.o(.text.tb6612_disable_all_motor_impl))
<BR><BR>[Stack]<UL><LI>Max Depth = 24<LI>Call Chain = tb6612_disable_all_motor_impl
</UL>
<BR>[Calls]<UL><LI><a href="#[d3]">&gt;&gt;</a>&nbsp;&nbsp;&nbsp;DL_Timer_setCaptureCompareValue
</UL>
<BR>[Address Reference Count : 1]<UL><LI> motor_tb6612.o(.data.tb6612_interface)
</UL>
<P><STRONG><a name="[a]"></a>tb6612_set_pwms_impl</STRONG> (Thumb, 414 bytes, Stack size 24 bytes, motor_tb6612.o(.text.tb6612_set_pwms_impl))
<BR><BR>[Stack]<UL><LI>Max Depth = 40<LI>Call Chain = tb6612_set_pwms_impl &rArr; hc595_output_byte
</UL>
<BR>[Calls]<UL><LI><a href="#[d3]">&gt;&gt;</a>&nbsp;&nbsp;&nbsp;DL_Timer_setCaptureCompareValue
<LI><a href="#[138]">&gt;&gt;</a>&nbsp;&nbsp;&nbsp;hc595_output_byte
</UL>
<BR>[Address Reference Count : 1]<UL><LI> motor_tb6612.o(.data.tb6612_interface)
</UL>
<P><STRONG><a name="[146]"></a>u8g2_send_buffer</STRONG> (Thumb, 80 bytes, Stack size 32 bytes, u8g2_buffer.o(.text.u8g2_send_buffer))
<BR><BR>[Stack]<UL><LI>Max Depth = 56<LI>Call Chain = u8g2_send_buffer &rArr; u8x8_DrawTile
</UL>
<BR>[Calls]<UL><LI><a href="#[152]">&gt;&gt;</a>&nbsp;&nbsp;&nbsp;u8x8_DrawTile
</UL>
<BR>[Called By]<UL><LI><a href="#[125]">&gt;&gt;</a>&nbsp;&nbsp;&nbsp;u8g2_SendBuffer
</UL>

<P><STRONG><a name="[13c]"></a>u8g2_draw_circle_section</STRONG> (Thumb, 198 bytes, Stack size 40 bytes, u8g2_circle.o(.text.u8g2_draw_circle_section))
<BR><BR>[Stack]<UL><LI>Max Depth = 56<LI>Call Chain = u8g2_draw_circle_section &rArr; u8g2_DrawPixel
</UL>
<BR>[Calls]<UL><LI><a href="#[113]">&gt;&gt;</a>&nbsp;&nbsp;&nbsp;u8g2_DrawPixel
</UL>
<BR>[Called By]<UL><LI><a href="#[13b]">&gt;&gt;</a>&nbsp;&nbsp;&nbsp;u8g2_DrawCircle
</UL>

<P><STRONG><a name="[13e]"></a>u8g2_draw_disc_section</STRONG> (Thumb, 224 bytes, Stack size 32 bytes, u8g2_circle.o(.text.u8g2_draw_disc_section))
<BR><BR>[Stack]<UL><LI>Max Depth = 64<LI>Call Chain = u8g2_draw_disc_section &rArr; u8g2_DrawVLine
</UL>
<BR>[Calls]<UL><LI><a href="#[119]">&gt;&gt;</a>&nbsp;&nbsp;&nbsp;u8g2_DrawVLine
</UL>
<BR>[Called By]<UL><LI><a href="#[13d]">&gt;&gt;</a>&nbsp;&nbsp;&nbsp;u8g2_DrawDisc
</UL>

<P><STRONG><a name="[148]"></a>u8g2_font_get_word</STRONG> (Thumb, 14 bytes, Stack size 0 bytes, u8g2_font.o(.text.u8g2_font_get_word))
<BR><BR>[Called By]<UL><LI><a href="#[111]">&gt;&gt;</a>&nbsp;&nbsp;&nbsp;u8g2_SetFont
<LI><a href="#[141]">&gt;&gt;</a>&nbsp;&nbsp;&nbsp;u8g2_font_get_glyph_data
</UL>

<P><STRONG><a name="[13f]"></a>u8g2_draw_string</STRONG> (Thumb, 256 bytes, Stack size 40 bytes, u8g2_font.o(.text.u8g2_draw_string))
<BR><BR>[Stack]<UL><LI>Max Depth = 152<LI>Call Chain = u8g2_draw_string &rArr; u8g2_font_decode_glyph &rArr; u8g2_DrawHVLine
</UL>
<BR>[Calls]<UL><LI><a href="#[14e]">&gt;&gt;</a>&nbsp;&nbsp;&nbsp;u8x8_utf8_init
<LI><a href="#[141]">&gt;&gt;</a>&nbsp;&nbsp;&nbsp;u8g2_font_get_glyph_data
<LI><a href="#[14f]">&gt;&gt;</a>&nbsp;&nbsp;&nbsp;u8g2_font_decode_glyph
</UL>
<BR>[Called By]<UL><LI><a href="#[114]">&gt;&gt;</a>&nbsp;&nbsp;&nbsp;u8g2_DrawStr
</UL>

<P><STRONG><a name="[142]"></a>u8g2_string_width</STRONG> (Thumb, 172 bytes, Stack size 40 bytes, u8g2_font.o(.text.u8g2_string_width))
<BR><BR>[Stack]<UL><LI>Max Depth = 96<LI>Call Chain = u8g2_string_width &rArr; u8g2_GetGlyphWidth &rArr; u8g2_font_get_glyph_data
</UL>
<BR>[Calls]<UL><LI><a href="#[14e]">&gt;&gt;</a>&nbsp;&nbsp;&nbsp;u8x8_utf8_init
<LI><a href="#[140]">&gt;&gt;</a>&nbsp;&nbsp;&nbsp;u8g2_GetGlyphWidth
</UL>
<BR>[Called By]<UL><LI><a href="#[112]">&gt;&gt;</a>&nbsp;&nbsp;&nbsp;u8g2_GetStrWidth
</UL>

<P><STRONG><a name="[15b]"></a>u8x8_d_ssd1306_sh1106_generic</STRONG> (Thumb, 208 bytes, Stack size 24 bytes, u8x8_d_ssd1306_128x64_noname.o(.text.u8x8_d_ssd1306_sh1106_generic))
<BR><BR>[Stack]<UL><LI>Max Depth = 56<LI>Call Chain = u8x8_d_ssd1306_sh1106_generic &rArr; u8x8_cad_SendSequence &rArr; u8x8_cad_SendData
</UL>
<BR>[Calls]<UL><LI><a href="#[157]">&gt;&gt;</a>&nbsp;&nbsp;&nbsp;u8x8_cad_SendSequence
<LI><a href="#[160]">&gt;&gt;</a>&nbsp;&nbsp;&nbsp;u8x8_cad_EndTransfer
<LI><a href="#[15d]">&gt;&gt;</a>&nbsp;&nbsp;&nbsp;u8x8_cad_StartTransfer
<LI><a href="#[159]">&gt;&gt;</a>&nbsp;&nbsp;&nbsp;u8x8_cad_SendData
<LI><a href="#[15f]">&gt;&gt;</a>&nbsp;&nbsp;&nbsp;u8x8_cad_SendArg
<LI><a href="#[15e]">&gt;&gt;</a>&nbsp;&nbsp;&nbsp;u8x8_cad_SendCmd
</UL>
<BR>[Called By]<UL><LI><a href="#[3b]">&gt;&gt;</a>&nbsp;&nbsp;&nbsp;u8x8_d_ssd1306_128x64_noname
</UL>

<P><STRONG><a name="[178]"></a>_fadd1</STRONG> (Thumb, 0 bytes, Stack size unknown bytes, faddsub.o(x$fpl$fadd), UNUSED)
<BR><BR>[Called By]<UL><LI><a href="#[179]">&gt;&gt;</a>&nbsp;&nbsp;&nbsp;_fsub
<LI><a href="#[177]">&gt;&gt;</a>&nbsp;&nbsp;&nbsp;_frsb
</UL>

<P><STRONG><a name="[176]"></a>_fsub1</STRONG> (Thumb, 0 bytes, Stack size unknown bytes, faddsub.o(x$fpl$fsub), UNUSED)
<BR><BR>[Called By]<UL><LI><a href="#[177]">&gt;&gt;</a>&nbsp;&nbsp;&nbsp;_frsb
<LI><a href="#[175]">&gt;&gt;</a>&nbsp;&nbsp;&nbsp;_fadd
</UL>

<P><STRONG><a name="[9c]"></a>_fp_digits</STRONG> (Thumb, 412 bytes, Stack size 96 bytes, _printf_fp_dec.o(.text))
<BR><BR>[Stack]<UL><LI>Max Depth = 272<LI>Call Chain = _fp_digits &rArr; _btod_etento &rArr; _btod_emul &rArr; btod_internal_mul &rArr; __ARM_common_ll_muluu
</UL>
<BR>[Calls]<UL><LI><a href="#[9f]">&gt;&gt;</a>&nbsp;&nbsp;&nbsp;_btod_ediv
<LI><a href="#[a0]">&gt;&gt;</a>&nbsp;&nbsp;&nbsp;_btod_emul
<LI><a href="#[9e]">&gt;&gt;</a>&nbsp;&nbsp;&nbsp;_btod_d2e
<LI><a href="#[9d]">&gt;&gt;</a>&nbsp;&nbsp;&nbsp;_btod_etento
<LI><a href="#[a1]">&gt;&gt;</a>&nbsp;&nbsp;&nbsp;_ll_udiv10
</UL>
<BR>[Called By]<UL><LI><a href="#[3f]">&gt;&gt;</a>&nbsp;&nbsp;&nbsp;_printf_fp_dec_real
</UL>

<P><STRONG><a name="[2b]"></a>_printf_input_char</STRONG> (Thumb, 10 bytes, Stack size 0 bytes, _printf_char_common.o(.text))
<BR>[Address Reference Count : 1]<UL><LI> _printf_char_common.o(.text)
</UL>
<P><STRONG><a name="[ab]"></a>btod_internal_mul</STRONG> (Thumb, 492 bytes, Stack size 56 bytes, btod.o(.text))
<BR><BR>[Stack]<UL><LI>Max Depth = 80<LI>Call Chain = btod_internal_mul &rArr; __ARM_common_ll_muluu
</UL>
<BR>[Calls]<UL><LI><a href="#[ac]">&gt;&gt;</a>&nbsp;&nbsp;&nbsp;__ARM_common_ll_muluu
</UL>
<BR>[Called By]<UL><LI><a href="#[ad]">&gt;&gt;</a>&nbsp;&nbsp;&nbsp;_btod_emuld
<LI><a href="#[a0]">&gt;&gt;</a>&nbsp;&nbsp;&nbsp;_btod_emul
</UL>

<P><STRONG><a name="[ae]"></a>btod_internal_div</STRONG> (Thumb, 520 bytes, Stack size 64 bytes, btod.o(.text))
<BR><BR>[Stack]<UL><LI>Max Depth = 64<LI>Call Chain = btod_internal_div
</UL>
<BR>[Called By]<UL><LI><a href="#[af]">&gt;&gt;</a>&nbsp;&nbsp;&nbsp;_btod_edivd
<LI><a href="#[9f]">&gt;&gt;</a>&nbsp;&nbsp;&nbsp;_btod_ediv
</UL>
<P>
<H3>
Undefined Global Symbols
</H3>
<P><STRONG><a name="[b5]"></a>_call_atexit_fns</STRONG> (ARM, 0 bytes, Stack size 0 bytes, UNDEFINED)
<BR><BR>[Called By]<UL><LI><a href="#[77]">&gt;&gt;</a>&nbsp;&nbsp;&nbsp;exit
</UL>

<P><STRONG><a name="[a6]"></a>_printf_mbtowc</STRONG> (ARM, 0 bytes, Stack size 0 bytes, UNDEFINED)
<BR><BR>[Called By]<UL><LI><a href="#[a5]">&gt;&gt;</a>&nbsp;&nbsp;&nbsp;_printf_cs_common
</UL>

<P><STRONG><a name="[a8]"></a>_printf_wc</STRONG> (ARM, 0 bytes, Stack size 0 bytes, UNDEFINED)
<BR><BR>[Called By]<UL><LI><a href="#[a7]">&gt;&gt;</a>&nbsp;&nbsp;&nbsp;_printf_lcs_common
</UL>
<HR></body></html>
