<html>
<body>
<pre>
<h1>µVision Build Log</h1>
<h2>Tool Versions:</h2>
IDE-Version: ¦ÌVision V5.42.0.0
Copyright (C) 2025 ARM Ltd and ARM Germany GmbH. All rights reserved.
License Information: JamieK K, JamieK, LIC=47GU5-G34DS-RAPDM-XJEQZ-BGK94-N37SX
 
Tool Versions:
Toolchain:       MDK-ARM Plus  Version: 5.42.0.0
Toolchain Path:  C:\Users\kjmsd\AppData\Local\Keil_v5\ARM\ARMCLANG\Bin
C Compiler:      ArmClang.exe V6.23
Assembler:       Armasm.exe V6.23
Linker/Locator:  ArmLink.exe V6.23
Library Manager: ArmAr.exe V6.23
Hex Converter:   FromElf.exe V6.23
CPU DLL:         SARMCM3.DLL V5.42.0.0
Dialog DLL:      DCM.DLL V1.17.5.0
Target DLL:      STLink\ST-LINKIII-KEIL_SWO.dll V3.3.0.0
Dialog DLL:      TCM.DLL V1.56.6.0
 
<h2>Project:</h2>
C:\Users\kjmsd\Documents\GitHub\ti-contest\2023-E\2023-e-Code\stm32f1hal\MDK-ARM\stm32f1hal.uvprojx
Project File Date:  07/23/2025

<h2>Output:</h2>
*** Using Compiler 'V6.23', folder: 'C:\Users\kjmsd\AppData\Local\Keil_v5\ARM\ARMCLANG\Bin'
Build target 'stm32f1hal'
assembling startup_stm32f103xb.s...
compiling i2c.c...
compiling stm32f1xx_hal_gpio.c...
compiling main.c...
compiling stm32f1xx_hal_rcc.c...
compiling tim.c...
compiling dma.c...
compiling stm32f1xx_hal_gpio_ex.c...
compiling usart.c...
compiling stm32f1xx_it.c...
compiling stm32f1xx_hal_msp.c...
compiling stm32f1xx_hal_rcc_ex.c...
compiling gpio.c...
compiling stm32f1xx_hal.c...
compiling stm32f1xx_hal_dma.c...
compiling stm32f1xx_hal_cortex.c...
compiling stm32f1xx_hal_flash.c...
compiling stm32f1xx_hal_i2c.c...
compiling stm32f1xx_hal_flash_ex.c...
compiling stm32f1xx_hal_pwr.c...
compiling stm32f1xx_hal_exti.c...
compiling multi_button.c...
compiling system_stm32f1xx.c...
compiling stm32f1xx_hal_tim_ex.c...
compiling oled_driver.c...
compiling stm32f1xx_hal_uart.c...
compiling ui_animation.c...
compiling ui_app.c...
compiling ui_button.c...
compiling ui_drawing.c...
compiling pid.c...
compiling ServoPid.c...
compiling Servo.c...
compiling stm32f1xx_hal_tim.c...
compiling openmv.c...
compiling ui_logic.c...
compiling uart_dma.c...
compiling u8g2_arc.c...
compiling u8g2_bitmap.c...
compiling u8g2_box.c...
../Custom/HardWare/cJSON.c(113): warning: use of NaN via a macro is undefined behavior due to the currently enabled floating-point options [-Wnan-infinity-disabled]
  113 |         return (double) NAN;
      |                         ^
../Custom/HardWare/cJSON.c(113): warning: use of NaN is undefined behavior due to the currently enabled floating-point options [-Wnan-infinity-disabled]
  113 |         return (double) NAN;
      |                         ^~~
C:\Users\kjmsd\AppData\Local\Keil_v5\ARM\ARMCLANG\bin\..\include\math.h(272): note: expanded from macro 'NAN'
  272 | #   define NAN __builtin_nanf("")
      |                ^~~~~~~~~~~~~~~~~~
2 warnings generated.
compiling cJSON.c...
compiling u8g2_buffer.c...
compiling u8g2_cleardisplay.c...
compiling u8g2_fonts.c...
compiling u8g2_d_memory.c...
compiling u8g2_circle.c...
compiling u8g2_d_setup.c...
compiling u8g2_kerning.c...
compiling u8g2_intersection.c...
compiling u8g2_hvline.c...
compiling u8g2_line.c...
compiling u8g2_font.c...
compiling u8g2_ll_hvline.c...
compiling u8g2_polygon.c...
compiling u8g2_setup.c...
compiling u8x8_8x8.c...
compiling u8x8_byte.c...
compiling u8x8_capture.c...
compiling u8x8_d_ssd1306_128x64_noname.c...
compiling u8x8_cad.c...
compiling u8x8_display.c...
compiling u8x8_gpio.c...
compiling u8x8_setup.c...
compiling u8x8_string.c...
compiling u8x8_u8toa.c...
compiling u8x8_u16toa.c...
linking...
Program Size: Code=48942 RO-data=3594 RW-data=364 ZI-data=6836  
FromELF: creating hex file...
"stm32f1hal\stm32f1hal.axf" - 0 Error(s), 2 Warning(s).

<h2>Software Packages used:</h2>

Package Vendor: ARM
                https://www.keil.com/pack/ARM.CMSIS.6.1.0.pack
                ARM::CMSIS@6.1.0
                CMSIS (Common Microcontroller Software Interface Standard)
   * Component: CORE Version: 6.1.0

Package Vendor: Keil
                https://www.keil.com/pack/Keil.STM32F1xx_DFP.2.4.1.pack
                Keil::STM32F1xx_DFP@2.4.1
                STMicroelectronics STM32F1 Series Device Support, Drivers and Examples

<h2>Collection of Component include folders:</h2>
  ./RTE/_stm32f1hal
  C:/Users/kjmsd/AppData/Local/Arm/Packs/ARM/CMSIS/6.1.0/CMSIS/Core/Include
  C:/Users/kjmsd/AppData/Local/Arm/Packs/Keil/STM32F1xx_DFP/2.4.1/Device/Include

<h2>Collection of Component Files used:</h2>

   * Component: ARM::CMSIS:CORE@6.1.0
      Include file:  CMSIS/Core/Include/tz_context.h
Build Time Elapsed:  00:00:02
</pre>
</body>
</html>
