Component: Arm Compiler for Embedded 6.23 Tool: armlink [5f102400]

==============================================================================

Section Cross References

    task21f_cam_app.o(.text.camera_data_received) refers to cam_protocol.o(.text.cam_protocol_process) for cam_protocol_process
    task21f_cam_app.o(.ARM.exidx.text.camera_data_received) refers to task21f_cam_app.o(.text.camera_data_received) for [Anonymous Symbol]
    task21f_cam_app.o(.text.setup_cam_protocol) refers to cam_protocol.o(.text.cam_protocol_init) for cam_protocol_init
    task21f_cam_app.o(.text.setup_cam_protocol) refers to cam_protocol.o(.text.cam_protocol_set_track_callback) for cam_protocol_set_track_callback
    task21f_cam_app.o(.text.setup_cam_protocol) refers to cam_protocol.o(.text.cam_protocol_set_number_callback) for cam_protocol_set_number_callback
    task21f_cam_app.o(.text.setup_cam_protocol) refers to cam_protocol.o(.text.cam_protocol_set_command_callback) for cam_protocol_set_command_callback
    task21f_cam_app.o(.text.setup_cam_protocol) refers to task21f_cam_app.o(.text.on_track_data) for on_track_data
    task21f_cam_app.o(.text.setup_cam_protocol) refers to task21f_cam_app.o(.text.on_number_data) for on_number_data
    task21f_cam_app.o(.text.setup_cam_protocol) refers to task21f_cam_app.o(.text.on_command_data) for on_command_data
    task21f_cam_app.o(.ARM.exidx.text.setup_cam_protocol) refers to task21f_cam_app.o(.text.setup_cam_protocol) for [Anonymous Symbol]
    task21f_cam_app.o(.text.on_track_data) refers to task21f_cam_app.o(.bss.maix_cam) for maix_cam
    task21f_cam_app.o(.ARM.exidx.text.on_track_data) refers to task21f_cam_app.o(.text.on_track_data) for [Anonymous Symbol]
    task21f_cam_app.o(.text.on_number_data) refers to task21f_cam_app.o(.bss.maix_cam) for maix_cam
    task21f_cam_app.o(.ARM.exidx.text.on_number_data) refers to task21f_cam_app.o(.text.on_number_data) for [Anonymous Symbol]
    task21f_cam_app.o(.text.on_command_data) refers to task21f_cam_app.o(.bss.maix_cam) for maix_cam
    task21f_cam_app.o(.ARM.exidx.text.on_command_data) refers to task21f_cam_app.o(.text.on_command_data) for [Anonymous Symbol]
    task21f_car_controller.o(.text.get_yaw) refers to task21f_mission_table.o(.bss.yaw) for yaw
    task21f_car_controller.o(.ARM.exidx.text.get_yaw) refers to task21f_car_controller.o(.text.get_yaw) for [Anonymous Symbol]
    task21f_car_controller.o(.text.car_task) refers to task21f_car_controller.o(.text.update_encoder) for update_encoder
    task21f_car_controller.o(.text.car_task) refers to task21f_car_controller.o(.text.update_straight_control) for update_straight_control
    task21f_car_controller.o(.text.car_task) refers to gray_detection.o(.text.gray_get_position) for gray_get_position
    task21f_car_controller.o(.text.car_task) refers to pid.o(.text.PID_Calculate) for PID_Calculate
    task21f_car_controller.o(.text.car_task) refers to faddsub.o(x$fpl$fsub) for __aeabi_fsub
    task21f_car_controller.o(.text.car_task) refers to faddsub.o(x$fpl$fadd) for __aeabi_fadd
    task21f_car_controller.o(.text.car_task) refers to car_debug.o(.text.update_oled_debug_information) for update_oled_debug_information
    task21f_car_controller.o(.text.car_task) refers to fcmp.o(i._fleq) for __aeabi_fcmple
    task21f_car_controller.o(.text.car_task) refers to fcmp.o(i._fgeq) for __aeabi_fcmpge
    task21f_car_controller.o(.text.car_task) refers to ffixi.o(.text) for __aeabi_f2iz
    task21f_car_controller.o(.text.car_task) refers to motor_user.o(.text.motor_set_pwms) for motor_set_pwms
    task21f_car_controller.o(.text.car_task) refers to task21f_car_controller.o(.data.car) for car
    task21f_car_controller.o(.text.car_task) refers to task21f_car_pid_parameter.o(.bss.trackPid) for trackPid
    task21f_car_controller.o(.text.car_task) refers to task21f_mission_table.o(.bss.yaw) for yaw
    task21f_car_controller.o(.text.car_task) refers to task21f_car_pid_parameter.o(.bss.anglePid) for anglePid
    task21f_car_controller.o(.text.car_task) refers to task21f_car_controller.o(.bss.encoder) for encoder
    task21f_car_controller.o(.text.car_task) refers to task21f_car_pid_parameter.o(.bss.speedPid) for speedPid
    task21f_car_controller.o(.ARM.exidx.text.car_task) refers to task21f_car_controller.o(.text.car_task) for [Anonymous Symbol]
    task21f_car_controller.o(.text.update_encoder) refers to encoder.o(.text.encoder_manager_read_and_reset) for encoder_manager_read_and_reset
    task21f_car_controller.o(.text.update_encoder) refers to fflti.o(.text) for __aeabi_i2f
    task21f_car_controller.o(.text.update_encoder) refers to fmul.o(x$fpl$fmul) for __aeabi_fmul
    task21f_car_controller.o(.text.update_encoder) refers to fdiv.o(.text) for __aeabi_fdiv
    task21f_car_controller.o(.text.update_encoder) refers to faddsub.o(x$fpl$fadd) for __aeabi_fadd
[...]
    0x00000244   0x00000244   0x00000000   Code   RO         3464    .ARM.Collect$$libinit$$00000019  c_p.l(libinit2.o)
    0x00000244   0x00000244   0x00000000   Code   RO         3466    .ARM.Collect$$libinit$$0000001B  c_p.l(libinit2.o)
    0x00000244   0x00000244   0x00000000   Code   RO         3468    .ARM.Collect$$libinit$$0000001D  c_p.l(libinit2.o)
    0x00000244   0x00000244   0x00000000   Code   RO         3470    .ARM.Collect$$libinit$$0000001F  c_p.l(libinit2.o)
    0x00000244   0x00000244   0x00000000   Code   RO         3472    .ARM.Collect$$libinit$$00000021  c_p.l(libinit2.o)
    0x00000244   0x00000244   0x00000000   Code   RO         3474    .ARM.Collect$$libinit$$00000023  c_p.l(libinit2.o)
    0x00000244   0x00000244   0x00000000   Code   RO         3476    .ARM.Collect$$libinit$$00000025  c_p.l(libinit2.o)
    0x00000244   0x00000244   0x00000000   Code   RO         3478    .ARM.Collect$$libinit$$00000027  c_p.l(libinit2.o)
    0x00000244   0x00000244   0x00000000   Code   RO         3482    .ARM.Collect$$libinit$$0000002E  c_p.l(libinit2.o)
    0x00000244   0x00000244   0x00000000   Code   RO         3484    .ARM.Collect$$libinit$$00000030  c_p.l(libinit2.o)
    0x00000244   0x00000244   0x00000000   Code   RO         3486    .ARM.Collect$$libinit$$00000032  c_p.l(libinit2.o)
    0x00000244   0x00000244   0x00000000   Code   RO         3488    .ARM.Collect$$libinit$$00000034  c_p.l(libinit2.o)
    0x00000244   0x00000244   0x00000002   Code   RO         3489    .ARM.Collect$$libinit$$00000035  c_p.l(libinit2.o)
    0x00000246   0x00000246   0x00000002   Code   RO         3553    .ARM.Collect$$libshutdown$$00000000  c_p.l(libshutdown.o)
    0x00000248   0x00000248   0x00000000   Code   RO         3571    .ARM.Collect$$libshutdown$$00000002  c_p.l(libshutdown2.o)
    0x00000248   0x00000248   0x00000000   Code   RO         3573    .ARM.Collect$$libshutdown$$00000004  c_p.l(libshutdown2.o)
    0x00000248   0x00000248   0x00000000   Code   RO         3576    .ARM.Collect$$libshutdown$$00000007  c_p.l(libshutdown2.o)
    0x00000248   0x00000248   0x00000000   Code   RO         3579    .ARM.Collect$$libshutdown$$0000000A  c_p.l(libshutdown2.o)
    0x00000248   0x00000248   0x00000000   Code   RO         3581    .ARM.Collect$$libshutdown$$0000000C  c_p.l(libshutdown2.o)
    0x00000248   0x00000248   0x00000000   Code   RO         3584    .ARM.Collect$$libshutdown$$0000000F  c_p.l(libshutdown2.o)
    0x00000248   0x00000248   0x00000002   Code   RO         3585    .ARM.Collect$$libshutdown$$00000010  c_p.l(libshutdown2.o)
    0x0000024a   0x0000024a   0x00000000   Code   RO         3239    .ARM.Collect$$rtentry$$00000000  c_p.l(__rtentry.o)
    0x0000024a   0x0000024a   0x00000000   Code   RO         3369    .ARM.Collect$$rtentry$$00000002  c_p.l(__rtentry2.o)
    0x0000024a   0x0000024a   0x00000006   Code   RO         3381    .ARM.Collect$$rtentry$$00000004  c_p.l(__rtentry4.o)
    0x00000250   0x00000250   0x00000000   Code   RO         3371    .ARM.Collect$$rtentry$$00000009  c_p.l(__rtentry2.o)
    0x00000250   0x00000250   0x00000004   Code   RO         3372    .ARM.Collect$$rtentry$$0000000A  c_p.l(__rtentry2.o)
    0x00000254   0x00000254   0x00000000   Code   RO         3374    .ARM.Collect$$rtentry$$0000000C  c_p.l(__rtentry2.o)
    0x00000254   0x00000254   0x00000008   Code   RO         3375    .ARM.Collect$$rtentry$$0000000D  c_p.l(__rtentry2.o)
    0x0000025c   0x0000025c   0x00000002   Code   RO         3497    .ARM.Collect$$rtexit$$00000000  c_p.l(rtexit.o)
    0x0000025e   0x0000025e   0x00000000   Code   RO         3518    .ARM.Collect$$rtexit$$00000002  c_p.l(rtexit2.o)
    0x0000025e   0x0000025e   0x00000004   Code   RO         3519    .ARM.Collect$$rtexit$$00000003  c_p.l(rtexit2.o)
    0x00000262   0x00000262   0x00000006   Code   RO         3520    .ARM.Collect$$rtexit$$00000004  c_p.l(rtexit2.o)
    0x00000268   0x00000268   0x00000038   Code   RO         3098    .emb_text           c_p.l(rt_memcpy.o)
    0x000002a0   0x000002a0   0x000000a4   Code   RO          165    .text               main.o
    0x00000344   0x00000344   0x00000044   Code   RO          173    .text               mspm0g3507_it.o
    0x00000388   0x00000388   0x00000248   Code   RO          181    .text               periodic_event_task.o
    0x000005d0   0x000005d0   0x00000088   Code   RO          191    .text               systick.o
    0x00000658   0x00000658   0x00000588   Code   RO          200    .text               ti_msp_dl_config.o
    0x00000be0   0x00000be0   0x00000030   Code   RO         2763    .text               startup_mspm0g350x_uvision.o
    0x00000c10   0x00000c10   0x00000030   Code   RO         3007    .text               c_p.l(llmul.o)
    0x00000c40   0x00000c40   0x000000a6   Code   RO         3009    .text               c_p.l(llsdiv.o)
    0x00000ce6   0x00000ce6   0x00000002   PAD
    0x00000ce8   0x00000ce8   0x0000003c   Code   RO         3011    .text               c_p.l(vsnprintf.o)
    0x00000d24   0x00000d24   0x00000040   Code   RO         3013    .text               c_p.l(__2snprintf.o)
    0x00000d64   0x00000d64   0x0000004e   Code   RO         3019    .text               c_p.l(_printf_pad.o)
    0x00000db2   0x00000db2   0x00000024   Code   RO         3021    .text               c_p.l(_printf_truncate.o)
    0x00000dd6   0x00000dd6   0x00000052   Code   RO         3023    .text               c_p.l(_printf_str.o)
    0x00000e28   0x00000e28   0x0000006c   Code   RO         3025    .text               c_p.l(_printf_dec.o)
    0x00000e94   0x00000e94   0x000000bc   Code   RO         3027    .text               c_p.l(_printf_wctomb.o)
    0x00000f50   0x00000f50   0x00000070   Code   RO         3034    .text               c_p.l(_printf_oct_int_ll.o)
    0x00000fc0   0x00000fc0   0x00000098   Code   RO         3054    .text               c_p.l(_printf_hex_int_ll_ptr.o)
    0x00001058   0x00001058   0x00000188   Code   RO         3074    .text               c_p.l(__printf_flags_ss_wp.o)
    0x000011e0   0x000011e0   0x0000001a   Code   RO         3090    .text               c_p.l(atoi.o)
    0x000011fa   0x000011fa   0x00000024   Code   RO         3092    .text               c_p.l(strncat.o)
    0x0000121e   0x0000121e   0x0000005a   Code   RO         3094    .text               c_p.l(memcmp.o)
    0x00001278   0x00001278   0x00000044   Code   RO         3096    .text               c_p.l(strlen.o)
    0x000012bc   0x000012bc   0x00000082   Code   RO         3099    .text               c_p.l(rt_memcpy.o)
    0x0000133e   0x0000133e   0x00000040   Code   RO         3104    .text               c_p.l(rt_memclr.o)
    0x0000137e   0x0000137e   0x00000002   PAD
    0x00001380   0x00001380   0x0000006c   Code   RO         3106    .text               c_p.l(strncpy.o)
    0x000013ec   0x000013ec   0x000001f8   Code   RO         3108    .text               c_p.l(aeabi_sdivfast.o)
    0x000015e4   0x000015e4   0x00000006   Code   RO         3116    .text               c_p.l(heapauxi.o)
    0x000015ea   0x000015ea   0x00000002   PAD
    0x000015ec   0x000015ec   0x00000048   Code   RO         3149    .text               fz_ps.l(dfixui.o)
    0x00001634   0x00001634   0x00000058   Code   RO         3151    .text               fz_ps.l(dflti.o)
    0x0000168c   0x0000168c   0x00000054   Code   RO         3155    .text               fz_ps.l(f2d.o)
    0x000016e0   0x000016e0   0x00000160   Code   RO         3187    .text               fz_ps.l(fdiv.o)
    0x00001840   0x00001840   0x0000004c   Code   RO         3190    .text               fz_ps.l(ffixi.o)
    0x0000188c   0x0000188c   0x00000030   Code   RO         3192    .text               fz_ps.l(ffixui.o)
    0x000018bc   0x000018bc   0x0000005e   Code   RO         3194    .text               fz_ps.l(fflti.o)
    0x0000191a   0x0000191a   0x00000002   PAD
    0x0000191c   0x0000191c   0x00000008   Code   RO         3251    .text               c_p.l(rt_errno_addr_intlibspace.o)
    0x00001924   0x00001924   0x00000110   Code   RO         3253    .text               c_p.l(lludiv.o)
    0x00001a34   0x00001a34   0x000000b0   Code   RO         3257    .text               c_p.l(_printf_intcommon.o)
    0x00001ae4   0x00001ae4   0x00000026   Code   RO         3259    .text               c_p.l(_printf_charcount.o)
    0x00001b0a   0x00001b0a   0x00000002   PAD
    0x00001b0c   0x00001b0c   0x00000414   Code   RO         3261    .text               c_p.l(_printf_fp_dec.o)
    0x00001f20   0x00001f20   0x000002d8   Code   RO         3265    .text               c_p.l(_printf_fp_hex.o)
    0x000021f8   0x000021f8   0x00000030   Code   RO         3268    .text               c_p.l(_printf_char_common.o)
    0x00002228   0x00002228   0x00000010   Code   RO         3270    .text               c_p.l(_snputc.o)
    0x00002238   0x00002238   0x0000002e   Code   RO         3272    .text               c_p.l(_printf_char.o)
    0x00002266   0x00002266   0x0000002e   Code   RO         3274    .text               c_p.l(_printf_wchar.o)
    0x00002294   0x00002294   0x00000070   Code   RO         3276    .text               c_p.l(_printf_longlong_dec.o)
    0x00002304   0x00002304   0x00000070   Code   RO         3289    .text               c_p.l(strtol.o)
    0x00002374   0x00002374   0x00000042   Code   RO         3291    .text               c_p.l(_c16rtomb.o)
    0x000023b6   0x000023b6   0x00000028   Code   RO         3293    .text               c_p.l(rtudiv10.o)
    0x000023de   0x000023de   0x00000002   PAD
    0x000023e0   0x000023e0   0x00000008   Code   RO         3365    .text               c_p.l(libspace.o)
    0x000023e8   0x000023e8   0x00000010   Code   RO         3383    .text               c_p.l(rt_ctype_table.o)
    0x000023f8   0x000023f8   0x00000008   Code   RO         3390    .text               c_p.l(rt_locale_intlibspace.o)
    0x00002400   0x00002400   0x0000007a   Code   RO         3392    .text               c_p.l(lludiv10.o)
    0x0000247a   0x0000247a   0x00000002   PAD
    0x0000247c   0x0000247c   0x00000088   Code   RO         3394    .text               c_p.l(_printf_fp_infnan.o)
    0x00002504   0x00002504   0x000000a6   Code   RO         3398    .text               c_p.l(_strtoul.o)
    0x000025aa   0x000025aa   0x00000002   PAD
    0x000025ac   0x000025ac   0x000000d8   Code   RO         3400    .text               c_p.l(bigflt0.o)
    0x00002684   0x00002684   0x00000580   Code   RO         3403    .text               c_p.l(btod.o)
    0x00002c04   0x00002c04   0x000000a0   Code   RO         3413    .text               fz_ps.l(dcmpin.o)
    0x00002ca4   0x00002ca4   0x00000064   Code   RO         3415    .text               fz_ps.l(fcmpin.o)
    0x00002d08   0x00002d08   0x0000003e   Code   RO         3419    .text               c_p.l(sys_stackheap_outer.o)
    0x00002d46   0x00002d46   0x0000001e   Code   RO         3422    .text               c_p.l(_chval.o)
    0x00002d64   0x00002d64   0x00000010   Code   RO         3429    .text               c_p.l(exit.o)
    0x00002d74   0x00002d74   0x000000b0   Code   RO         3435    .text               c_p.l(strcmpv6m.o)
    0x00002e24   0x00002e24   0x0000002e   Code   RO         3490    .text               fz_ps.l(cmpret.o)
    0x00002e52   0x00002e52   0x00000002   PAD
    0x00002e54   0x00002e54   0x00000014   Code   RO         3492    .text               fz_ps.l(dnan2.o)
    0x00002e68   0x00002e68   0x00000010   Code   RO         3494    .text               fz_ps.l(fnan2.o)
    0x00002e78   0x00002e78   0x0000005e   Code   RO         3511    .text               fz_ps.l(retnan.o)
    0x00002ed6   0x00002ed6   0x00000002   PAD
    0x00002ed8   0x00002ed8   0x0000000c   Code   RO         3513    .text               c_p.l(sys_exit.o)
    0x00002ee4   0x00002ee4   0x00000002   Code   RO         3540    .text               c_p.l(use_no_semi.o)
    0x00002ee6   0x00002ee6   0x00000000   Code   RO         3542    .text               c_p.l(indicate_semi.o)
    0x00002ee6   0x00002ee6   0x00000056   Code   RO         3587    .text               c_p.l(__dczerorl2.o)
    0x00002f3c   0x00002f3c   0x0000000a   Code   RO         2770    .text.DL_Common_delayCycles  driverlib.a(dl_common.o)
    0x00002f46   0x00002f46   0x00000002   PAD
    0x00002f48   0x00002f48   0x00000044   Code   RO         2779    .text.DL_SPI_init   driverlib.a(dl_spi.o)
    0x00002f8c   0x00002f8c   0x00000068   Code   RO         2821    .text.DL_SPI_restoreConfiguration  driverlib.a(dl_spi.o)
    0x00002ff4   0x00002ff4   0x00000048   Code   RO         2819    .text.DL_SPI_saveConfiguration  driverlib.a(dl_spi.o)
    0x0000303c   0x0000303c   0x00000012   Code   RO         2781    .text.DL_SPI_setClockConfig  driverlib.a(dl_spi.o)
    0x0000304e   0x0000304e   0x00000002   PAD
    0x00003050   0x00003050   0x000000c4   Code   RO         2974    .text.DL_SYSCTL_configSYSPLL  driverlib.a(dl_sysctl_mspm0g1x0x_g3x0x.o)
    0x00003114   0x00003114   0x00000028   Code   RO         2982    .text.DL_SYSCTL_switchMCLKfromSYSOSCtoHSCLK  driverlib.a(dl_sysctl_mspm0g1x0x_g3x0x.o)
    0x0000313c   0x0000313c   0x0000010c   Code   RO         2921    .text.DL_TimerA_restoreConfiguration  driverlib.a(dl_timer.o)
    0x00003248   0x00003248   0x00000108   Code   RO         2919    .text.DL_TimerA_saveConfiguration  driverlib.a(dl_timer.o)
    0x00003350   0x00003350   0x00000110   Code   RO         2913    .text.DL_Timer_initFourCCPWMMode  driverlib.a(dl_timer.o)
    0x00003460   0x00003460   0x000000ec   Code   RO         2911    .text.DL_Timer_restoreConfiguration  driverlib.a(dl_timer.o)
    0x0000354c   0x0000354c   0x000000ec   Code   RO         2909    .text.DL_Timer_saveConfiguration  driverlib.a(dl_timer.o)
    0x00003638   0x00003638   0x0000001c   Code   RO         2879    .text.DL_Timer_setCaptCompUpdateMethod  driverlib.a(dl_timer.o)
    0x00003654   0x00003654   0x00000018   Code   RO         2887    .text.DL_Timer_setCaptureCompareOutCtl  driverlib.a(dl_timer.o)
    0x0000366c   0x0000366c   0x00000010   Code   RO         2839    .text.DL_Timer_setCaptureCompareValue  driverlib.a(dl_timer.o)
    0x0000367c   0x0000367c   0x00000018   Code   RO         2833    .text.DL_Timer_setClockConfig  driverlib.a(dl_timer.o)
    0x00003694   0x00003694   0x00000070   Code   RO         2960    .text.DL_UART_Main_restoreConfiguration  driverlib.a(dl_uart.o)
    0x00003704   0x00003704   0x00000058   Code   RO         2958    .text.DL_UART_Main_saveConfiguration  driverlib.a(dl_uart.o)
    0x0000375c   0x0000375c   0x00000048   Code   RO         2934    .text.DL_UART_init  driverlib.a(dl_uart.o)
    0x000037a4   0x000037a4   0x00000012   Code   RO         2936    .text.DL_UART_setClockConfig  driverlib.a(dl_uart.o)
    0x000037b6   0x000037b6   0x00000002   PAD
    0x000037b8   0x000037b8   0x00000014   Code   RO         2948    .text.DL_UART_transmitDataBlocking  driverlib.a(dl_uart.o)
    0x000037cc   0x000037cc   0x00000048   Code   RO         1969    .text.LOG_E         log.o
    0x00003814   0x00003814   0x00000048   Code   RO         1965    .text.LOG_I         log.o
    0x0000385c   0x0000385c   0x00000014   Code   RO          660    .text.MPU_Read_Len  mpuiic.o
    0x00003870   0x00003870   0x00000018   Code   RO          658    .text.MPU_Write_Len  mpuiic.o
    0x00003888   0x00003888   0x0000001e   Code   RO         1912    .text.PID_Calculate  pid.o
    0x000038a6   0x000038a6   0x00000002   PAD
    0x000038a8   0x000038a8   0x00000190   Code   RO         1910    .text.PID_IncrementCalculate  pid.o
    0x00003a38   0x00003a38   0x00000054   Code   RO         1906    .text.PID_Init      pid.o
    0x00003a8c   0x00003a8c   0x00000200   Code   RO         1908    .text.PID_PositionCalculate  pid.o
    0x00003c8c   0x00003c8c   0x00000014   Code   RO         1914    .text.PID_Reset     pid.o
    0x00003ca0   0x00003ca0   0x0000000e   Code   RO         1926    .text.PID_SetIntegralLimit  pid.o
    0x00003cae   0x00003cae   0x0000001a   Code   RO         1932    .text.PID_SetIntegralSeparation  pid.o
    0x00003cc8   0x00003cc8   0x0000000e   Code   RO         1928    .text.PID_SetOutputLimit  pid.o
    0x00003cd6   0x00003cd6   0x00000004   Code   RO         1924    .text.PID_SetParams  pid.o
    0x00003cda   0x00003cda   0x0000006c   Code   RO          687    .text.VL53L1_DataInit  vl53l1_api.o
    0x00003d46   0x00003d46   0x00000002   PAD
    0x00003d48   0x00003d48   0x00000034   Code   RO         1277    .text.VL53L1_GetDistance  vl53l1_read.o
    0x00003d7c   0x00003d7c   0x00000008   Code   RO          743    .text.VL53L1_GetMeasurementDataReady  vl53l1_api.o
    0x00003d84   0x00003d84   0x000000fc   Code   RO          711    .text.VL53L1_GetMeasurementTimingBudgetMicroSeconds  vl53l1_api.o
    0x00003e80   0x00003e80   0x000001c8   Code   RO          747    .text.VL53L1_GetRangingMeasurementData  vl53l1_api.o
    0x00004048   0x00004048   0x00000010   Code   RO         1229    .text.VL53L1_I2C_Init  vl53l1_platform.o
    0x00004058   0x00004058   0x000000c8   Code   RO         1275    .text.VL53L1_Process  vl53l1_read.o
    0x00004120   0x00004120   0x00000044   Code   RO         1247    .text.VL53L1_RdByte  vl53l1_platform.o
    0x00004164   0x00004164   0x00000048   Code   RO         1249    .text.VL53L1_RdWord  vl53l1_platform.o
    0x000041ac   0x000041ac   0x00000058   Code   RO         1237    .text.VL53L1_ReadMulti  vl53l1_platform.o
    0x00004204   0x00004204   0x00000090   Code   RO         1273    .text.VL53L1_Read_Init  vl53l1_read.o
    0x00004294   0x00004294   0x00000110   Code   RO          705    .text.VL53L1_SetDistanceMode  vl53l1_api.o
    0x000043a4   0x000043a4   0x00000134   Code   RO          699    .text.VL53L1_SetMeasurementTimingBudgetMicroSeconds  vl53l1_api.o
    0x000044d8   0x000044d8   0x000000e0   Code   RO          695    .text.VL53L1_SetPresetMode  vl53l1_api.o
    0x000045b8   0x000045b8   0x00000084   Code   RO          727    .text.VL53L1_SetUserROI  vl53l1_api.o
    0x0000463c   0x0000463c   0x0000008a   Code   RO          737    .text.VL53L1_StartMeasurement  vl53l1_api.o
    0x000046c6   0x000046c6   0x00000002   PAD
    0x000046c8   0x000046c8   0x00000024   Code   RO          693    .text.VL53L1_StaticInit  vl53l1_api.o
    0x000046ec   0x000046ec   0x00000018   Code   RO          739    .text.VL53L1_StopMeasurement  vl53l1_api.o
    0x00004704   0x00004704   0x00000064   Code   RO         1235    .text.VL53L1_WriteMulti  vl53l1_platform.o
    0x00004768   0x00004768   0x00000026   Code   RO         1051    .text.VL53L1_calc_decoded_timeout_us  vl53l1_core.o
    0x0000478e   0x0000478e   0x0000001c   Code   RO         1037    .text.VL53L1_calc_macro_period_us  vl53l1_core.o
    0x000047aa   0x000047aa   0x0000000e   Code   RO         1111    .text.VL53L1_calc_pll_period_us  vl53l1_core_support.o
    0x000047b8   0x000047b8   0x0000005c   Code   RO         1039    .text.VL53L1_calc_range_ignore_threshold  vl53l1_core.o
    0x00004814   0x00004814   0x000001b8   Code   RO         1055    .text.VL53L1_calc_timeout_register_values  vl53l1_core.o
    0x000049cc   0x000049cc   0x00000020   Code   RO         1047    .text.VL53L1_calc_timeout_us  vl53l1_core.o
    0x000049ec   0x000049ec   0x0000005a   Code   RO          995    .text.VL53L1_check_ll_driver_rd_state  vl53l1_core.o
    0x00004a46   0x00004a46   0x0000001c   Code   RO         1097    .text.VL53L1_config_low_power_auto_mode  vl53l1_core.o
    0x00004a62   0x00004a62   0x00000086   Code   RO          999    .text.VL53L1_copy_rtn_good_spads_to_buffer  vl53l1_core.o
    0x00004ae8   0x00004ae8   0x00000124   Code   RO          889    .text.VL53L1_copy_sys_and_core_results_to_range_results  vl53l1_api_core.o
    0x00004c0c   0x00004c0c   0x000000c0   Code   RO          805    .text.VL53L1_data_init  vl53l1_api_core.o
    0x00004ccc   0x00004ccc   0x00000026   Code   RO         1115    .text.VL53L1_decode_row_col  vl53l1_core_support.o
    0x00004cf2   0x00004cf2   0x00000008   Code   RO         1113    .text.VL53L1_decode_vcsel_period  vl53l1_core_support.o
    0x00004cfa   0x00004cfa   0x0000000c   Code   RO         1067    .text.VL53L1_decode_zone_size  vl53l1_core.o
    0x00004d06   0x00004d06   0x0000001a   Code   RO         1065    .text.VL53L1_encode_row_col  vl53l1_core.o
    0x00004d20   0x00004d20   0x00000008   Code   RO         1069    .text.VL53L1_encode_zone_size  vl53l1_core.o
    0x00004d28   0x00004d28   0x00000026   Code   RO         1148    .text.VL53L1_get_customer_nvm_managed  vl53l1_register_funcs.o
    0x00004d4e   0x00004d4e   0x00000002   PAD
    0x00004d50   0x00004d50   0x000000f4   Code   RO          887    .text.VL53L1_get_device_results  vl53l1_api_core.o
    0x00004e44   0x00004e44   0x00000028   Code   RO          823    .text.VL53L1_get_inter_measurement_period_ms  vl53l1_api_core.o
    0x00004e6c   0x00004e6c   0x0000000c   Code   RO          871    .text.VL53L1_get_lite_min_count_rate  vl53l1_api_core.o
    0x00004e78   0x00004e78   0x0000000c   Code   RO          867    .text.VL53L1_get_lite_sigma_threshold  vl53l1_api_core.o
    0x00004e84   0x00004e84   0x00000028   Code   RO         1182    .text.VL53L1_get_nvm_copy_data  vl53l1_register_funcs.o
    0x00004eac   0x00004eac   0x00000074   Code   RO          853    .text.VL53L1_get_preset_mode_timing_cfg  vl53l1_api_core.o
    0x00004f20   0x00004f20   0x0000002a   Code   RO          835    .text.VL53L1_get_sequence_config_bit  vl53l1_api_core.o
    0x00004f4a   0x00004f4a   0x00000068   Code   RO         1140    .text.VL53L1_get_static_nvm_managed  vl53l1_register_funcs.o
    0x00004fb2   0x00004fb2   0x00000070   Code   RO          827    .text.VL53L1_get_timeouts_us  vl53l1_api_core.o
    0x00005022   0x00005022   0x00000002   PAD
    0x00005024   0x00005024   0x0000017c   Code   RO          907    .text.VL53L1_get_tuning_parm  vl53l1_api_core.o
    0x000051a0   0x000051a0   0x00000024   Code   RO          851    .text.VL53L1_get_user_zone  vl53l1_api_core.o
    0x000051c4   0x000051c4   0x00000078   Code   RO         1176    .text.VL53L1_i2c_decode_core_results  vl53l1_register_funcs.o
    0x0000523c   0x0000523c   0x000000a8   Code   RO         1144    .text.VL53L1_i2c_decode_customer_nvm_managed  vl53l1_register_funcs.o
    0x000052e4   0x000052e4   0x0000018c   Code   RO         1178    .text.VL53L1_i2c_decode_debug_results  vl53l1_register_funcs.o
    0x00005470   0x00005470   0x00000068   Code   RO         1009    .text.VL53L1_i2c_decode_int16_t  vl53l1_core.o
    0x000054d8   0x000054d8   0x00000072   Code   RO         1019    .text.VL53L1_i2c_decode_int32_t  vl53l1_core.o
    0x0000554a   0x0000554a   0x00000108   Code   RO         1180    .text.VL53L1_i2c_decode_nvm_copy_data  vl53l1_register_funcs.o
    0x00005652   0x00005652   0x0000012c   Code   RO         1172    .text.VL53L1_i2c_decode_system_results  vl53l1_register_funcs.o
    0x0000577e   0x0000577e   0x00000064   Code   RO         1005    .text.VL53L1_i2c_decode_uint16_t  vl53l1_core.o
    0x000057e2   0x000057e2   0x00000068   Code   RO         1013    .text.VL53L1_i2c_decode_uint32_t  vl53l1_core.o
    0x0000584a   0x0000584a   0x00000002   PAD
    0x0000584c   0x0000584c   0x000000b0   Code   RO         1142    .text.VL53L1_i2c_encode_customer_nvm_managed  vl53l1_register_funcs.o
    0x000058fc   0x000058fc   0x0000008a   Code   RO         1164    .text.VL53L1_i2c_encode_dynamic_config  vl53l1_register_funcs.o
    0x00005986   0x00005986   0x00000002   PAD
    0x00005988   0x00005988   0x0000009c   Code   RO         1156    .text.VL53L1_i2c_encode_general_config  vl53l1_register_funcs.o
    0x00005a24   0x00005a24   0x0000007a   Code   RO         1007    .text.VL53L1_i2c_encode_int16_t  vl53l1_core.o
    0x00005a9e   0x00005a9e   0x000000d2   Code   RO         1150    .text.VL53L1_i2c_encode_static_config  vl53l1_register_funcs.o
    0x00005b70   0x00005b70   0x0000005c   Code   RO         1134    .text.VL53L1_i2c_encode_static_nvm_managed  vl53l1_register_funcs.o
    0x00005bcc   0x00005bcc   0x00000030   Code   RO         1168    .text.VL53L1_i2c_encode_system_control  vl53l1_register_funcs.o
    0x00005bfc   0x00005bfc   0x00000088   Code   RO         1162    .text.VL53L1_i2c_encode_timing_config  vl53l1_register_funcs.o
    0x00005c84   0x00005c84   0x0000007e   Code   RO         1003    .text.VL53L1_i2c_encode_uint16_t  vl53l1_core.o
    0x00005d02   0x00005d02   0x0000007a   Code   RO         1011    .text.VL53L1_i2c_encode_uint32_t  vl53l1_core.o
    0x00005d7c   0x00005d7c   0x000001d8   Code   RO          881    .text.VL53L1_init_and_start_range  vl53l1_api_core.o
    0x00005f54   0x00005f54   0x0000001a   Code   RO          991    .text.VL53L1_init_ll_driver_state  vl53l1_core.o
    0x00005f6e   0x00005f6e   0x00000002   PAD
    0x00005f70   0x00005f70   0x00000024   Code   RO          934    .text.VL53L1_init_offset_cal_config_struct  vl53l1_api_preset_modes.o
    0x00005f94   0x00005f94   0x00000020   Code   RO          928    .text.VL53L1_init_refspadchar_config_struct  vl53l1_api_preset_modes.o
    0x00005fb4   0x00005fb4   0x00000018   Code   RO          930    .text.VL53L1_init_ssc_config_struct  vl53l1_api_preset_modes.o
    0x00005fcc   0x00005fcc   0x00000094   Code   RO          936    .text.VL53L1_init_tuning_parm_storage_struct  vl53l1_api_preset_modes.o
    0x00006060   0x00006060   0x00000018   Code   RO          989    .text.VL53L1_init_version  vl53l1_core.o
    0x00006078   0x00006078   0x00000048   Code   RO          932    .text.VL53L1_init_xtalk_config_struct  vl53l1_api_preset_modes.o
    0x000060c0   0x000060c0   0x00000028   Code   RO         1217    .text.VL53L1_is_new_data_ready  vl53l1_wait.o
    0x000060e8   0x000060e8   0x00000024   Code   RO         1093    .text.VL53L1_low_power_auto_data_init  vl53l1_core.o
    0x0000610c   0x0000610c   0x0000003c   Code   RO         1095    .text.VL53L1_low_power_auto_data_stop_range  vl53l1_core.o
    0x00006148   0x00006148   0x00000044   Code   RO         1099    .text.VL53L1_low_power_auto_setup_manual_calibration  vl53l1_core.o
    0x0000618c   0x0000618c   0x00000078   Code   RO         1101    .text.VL53L1_low_power_auto_update_DSS  vl53l1_core.o
    0x00006204   0x00006204   0x00000108   Code   RO          958    .text.VL53L1_preset_mode_low_power_auto_long_ranging  vl53l1_api_preset_modes.o
    0x0000630c   0x0000630c   0x000000f4   Code   RO          954    .text.VL53L1_preset_mode_low_power_auto_ranging  vl53l1_api_preset_modes.o
    0x00006400   0x00006400   0x00000110   Code   RO          956    .text.VL53L1_preset_mode_low_power_auto_short_ranging  vl53l1_api_preset_modes.o
    0x00006510   0x00006510   0x000000f0   Code   RO          962    .text.VL53L1_preset_mode_olt  vl53l1_api_preset_modes.o
    0x00006600   0x00006600   0x00000104   Code   RO          960    .text.VL53L1_preset_mode_singleshot_ranging  vl53l1_api_preset_modes.o
    0x00006704   0x00006704   0x00000104   Code   RO          938    .text.VL53L1_preset_mode_standard_ranging  vl53l1_api_preset_modes.o
    0x00006808   0x00006808   0x0000010c   Code   RO          942    .text.VL53L1_preset_mode_standard_ranging_long_range  vl53l1_api_preset_modes.o
    0x00006914   0x00006914   0x000000fc   Code   RO          944    .text.VL53L1_preset_mode_standard_ranging_mm1_cal  vl53l1_api_preset_modes.o
    0x00006a10   0x00006a10   0x00000104   Code   RO          946    .text.VL53L1_preset_mode_standard_ranging_mm2_cal  vl53l1_api_preset_modes.o
    0x00006b14   0x00006b14   0x00000108   Code   RO          940    .text.VL53L1_preset_mode_standard_ranging_short_range  vl53l1_api_preset_modes.o
    0x00006c1c   0x00006c1c   0x00000104   Code   RO          948    .text.VL53L1_preset_mode_timed_ranging  vl53l1_api_preset_modes.o
    0x00006d20   0x00006d20   0x0000010c   Code   RO          952    .text.VL53L1_preset_mode_timed_ranging_long_range  vl53l1_api_preset_modes.o
    0x00006e2c   0x00006e2c   0x00000114   Code   RO          950    .text.VL53L1_preset_mode_timed_ranging_short_range  vl53l1_api_preset_modes.o
    0x00006f40   0x00006f40   0x000000cc   Code   RO          807    .text.VL53L1_read_p2p_data  vl53l1_api_core.o
    0x0000700c   0x0000700c   0x00000022   Code   RO          821    .text.VL53L1_set_inter_measurement_period_ms  vl53l1_api_core.o
    0x0000702e   0x0000702e   0x0000000a   Code   RO          873    .text.VL53L1_set_lite_min_count_rate  vl53l1_api_core.o
    0x00007038   0x00007038   0x0000000a   Code   RO          869    .text.VL53L1_set_lite_sigma_threshold  vl53l1_api_core.o
    0x00007042   0x00007042   0x00000002   PAD
    0x00007044   0x00007044   0x00000282   Code   RO          811    .text.VL53L1_set_preset_mode  vl53l1_api_core.o
    0x000072c6   0x000072c6   0x00000032   Code   RO         1170    .text.VL53L1_set_system_control  vl53l1_register_funcs.o
    0x000072f8   0x000072f8   0x0000003e   Code   RO          825    .text.VL53L1_set_timeouts_us  vl53l1_api_core.o
    0x00007336   0x00007336   0x00000026   Code   RO          849    .text.VL53L1_set_user_zone  vl53l1_api_core.o
    0x0000735c   0x0000735c   0x00000048   Code   RO          883    .text.VL53L1_stop_range  vl53l1_api_core.o
    0x000073a4   0x000073a4   0x00000074   Code   RO          997    .text.VL53L1_update_ll_driver_cfg_state  vl53l1_core.o
    0x00007418   0x00007418   0x000000a0   Code   RO          993    .text.VL53L1_update_ll_driver_rd_state  vl53l1_core.o
    0x000074b8   0x000074b8   0x00000024   Code   RO         1764    .text.add_child_menu  ui_logic.o
    0x000074dc   0x000074dc   0x00000084   Code   RO         1434    .text.alert_ticks   voice_light_alert.o
    0x00007560   0x00007560   0x00000044   Code   RO         1362    .text.beep_init     beep.o
    0x000075a4   0x000075a4   0x00000018   Code   RO         1364    .text.beep_off      beep.o
    0x000075bc   0x000075bc   0x0000001c   Code   RO         1370    .text.beep_on       beep.o
    0x000075d8   0x000075d8   0x00000058   Code   RO         1459    .text.bluetooth_flush_tx  bluetooth.o
    0x00007630   0x00007630   0x00000034   Code   RO         1455    .text.bluetooth_irq_handler  bluetooth.o
    0x00007664   0x00007664   0x00000028   Code   RO         1457    .text.bluetooth_send_byte  bluetooth.o
    0x0000768c   0x0000768c   0x000000f4   Code   RO         1740    .text.btn_long_press_cb  ui_logic.o
    0x00007780   0x00007780   0x000000dc   Code   RO         1738    .text.btn_single_click_callback  ui_logic.o
    0x0000785c   0x0000785c   0x00000008   Code   RO         1949    .text.busy_wait_cycles  delay.o
    0x00007864   0x00007864   0x00000008   Code   RO         1661    .text.button_attach  multi_button.o
    0x0000786c   0x0000786c   0x0000002c   Code   RO         1659    .text.button_init   multi_button.o
    0x00007898   0x00007898   0x00000044   Code   RO         1665    .text.button_start  multi_button.o
    0x000078dc   0x000078dc   0x0000022c   Code   RO         1669    .text.button_ticks  multi_button.o
    0x00007b08   0x00007b08   0x00000010   Code   RO         1621    .text.cam_protocol_init  cam_protocol.o
    0x00007b18   0x00007b18   0x00000096   Code   RO         1623    .text.cam_protocol_parse  cam_protocol.o
    0x00007bae   0x00007bae   0x00000002   PAD
    0x00007bb0   0x00007bb0   0x00000054   Code   RO         1627    .text.cam_protocol_process  cam_protocol.o
    0x00007c04   0x00007c04   0x0000000c   Code   RO         1633    .text.cam_protocol_set_command_callback  cam_protocol.o
    0x00007c10   0x00007c10   0x0000000c   Code   RO         1631    .text.cam_protocol_set_number_callback  cam_protocol.o
    0x00007c1c   0x00007c1c   0x0000000c   Code   RO         1629    .text.cam_protocol_set_track_callback  cam_protocol.o
    0x00007c28   0x00007c28   0x00000008   Code   RO            2    .text.camera_data_received  task21f_cam_app.o
    0x00007c30   0x00007c30   0x00000050   Code   RO         1489    .text.camera_flush_tx  maix_cam.o
    0x00007c80   0x00007c80   0x0000005c   Code   RO         1481    .text.camera_init   maix_cam.o
    0x00007cdc   0x00007cdc   0x00000030   Code   RO         1485    .text.camera_irq_handler  maix_cam.o
    0x00007d0c   0x00007d0c   0x00000020   Code   RO         1483    .text.camera_packet_callback  maix_cam.o
    0x00007d2c   0x00007d2c   0x00000020   Code   RO         1495    .text.camera_process  maix_cam.o
    0x00007d4c   0x00007d4c   0x00000028   Code   RO         1491    .text.camera_send_data  maix_cam.o
    0x00007d74   0x00007d74   0x00000020   Code   RO         1873    .text.car_add_delay  car_state_machine.o
    0x00007d94   0x00007d94   0x00000020   Code   RO         1875    .text.car_add_function  car_state_machine.o
    0x00007db4   0x00007db4   0x00000020   Code   RO         1871    .text.car_add_move_until_stop_mark  car_state_machine.o
    0x00007dd4   0x00007dd4   0x00000020   Code   RO         1861    .text.car_add_straight  car_state_machine.o
    0x00007df4   0x00007df4   0x00000020   Code   RO         1865    .text.car_add_track  car_state_machine.o
    0x00007e14   0x00007e14   0x00000020   Code   RO         1863    .text.car_add_turn  car_state_machine.o
    0x00007e34   0x00007e34   0x00000020   Code   RO         1883    .text.car_add_wait_func_true  car_state_machine.o
    0x00007e54   0x00007e54   0x00000002   Code   RO         1846    .text.car_debug_init  car_debug.o
    0x00007e56   0x00007e56   0x00000002   Code   RO         1848    .text.car_debug_tick  car_debug.o
    0x00007e58   0x00007e58   0x00000018   Code   RO           47    .text.car_init      task21f_car_controller.o
    0x00007e70   0x00007e70   0x00000070   Code   RO           37    .text.car_move_cm   task21f_car_controller.o
    0x00007ee0   0x00007ee0   0x00000104   Code   RO           45    .text.car_move_until  task21f_car_controller.o
    0x00007fe4   0x00007fe4   0x00000018   Code   RO         1859    .text.car_path_init  car_state_machine.o
    0x00007ffc   0x00007ffc   0x000000d8   Code   RO           74    .text.car_pid_init  task21f_car_pid_parameter.o
    0x000080d4   0x000080d4   0x00000078   Code   RO           39    .text.car_reset     task21f_car_controller.o
    0x0000814c   0x0000814c   0x0000000c   Code   RO         1885    .text.car_set_loop  car_state_machine.o
    0x00008158   0x00008158   0x0000002c   Code   RO         1887    .text.car_start     car_state_machine.o
    0x00008184   0x00008184   0x00000180   Code   RO         1895    .text.car_state_machine  car_state_machine.o
    0x00008304   0x00008304   0x00000124   Code   RO           23    .text.car_task      task21f_car_controller.o
    0x00008428   0x00008428   0x0000002c   Code   RO         1736    .text.create_oled_menu  ui_logic.o
    0x00008454   0x00008454   0x00000008   Code   RO           91    .text.debug_task    task21f_mission_table.o
    0x0000845c   0x0000845c   0x0000001c   Code   RO         1951    .text.delay_ms      delay.o
    0x00008478   0x00008478   0x00000022   Code   RO         1947    .text.delay_us      delay.o
    0x0000849a   0x0000849a   0x00000002   PAD
    0x0000849c   0x0000849c   0x000002c4   Code   RO          620    .text.dmp_enable_feature  inv_mpu_dmp_motion_driver.o
    0x00008760   0x00008760   0x0000001c   Code   RO          584    .text.dmp_load_motion_driver_firmware  inv_mpu_dmp_motion_driver.o
    0x0000877c   0x0000877c   0x000000c4   Code   RO          590    .text.dmp_set_accel_bias  inv_mpu_dmp_motion_driver.o
    0x00008840   0x00008840   0x00000070   Code   RO          592    .text.dmp_set_fifo_rate  inv_mpu_dmp_motion_driver.o
    0x000088b0   0x000088b0   0x000000e8   Code   RO          588    .text.dmp_set_gyro_bias  inv_mpu_dmp_motion_driver.o
    0x00008998   0x00008998   0x000000dc   Code   RO          586    .text.dmp_set_orientation  inv_mpu_dmp_motion_driver.o
    0x00008a74   0x00008a74   0x00000150   Code   RO          596    .text.dmp_set_tap_thresh  inv_mpu_dmp_motion_driver.o
    0x00008bc4   0x00008bc4   0x00000138   Code   RO         1719    .text.draw_enhanced_empty_message  ui_drawing.o
    0x00008cfc   0x00008cfc   0x0000007c   Code   RO         1707    .text.draw_enhanced_frame  ui_drawing.o
    0x00008d78   0x00008d78   0x0000023c   Code   RO         1713    .text.draw_enhanced_normal_menu_content  ui_drawing.o
    0x00008fb4   0x00008fb4   0x00000138   Code   RO         1715    .text.draw_enhanced_scrollbar  ui_drawing.o
    0x000090ec   0x000090ec   0x000001d0   Code   RO         1717    .text.draw_enhanced_status_bar  ui_drawing.o
    0x000092bc   0x000092bc   0x00000100   Code   RO         1709    .text.draw_enhanced_title_bar  ui_drawing.o
    0x000093bc   0x000093bc   0x000004e4   Code   RO         1711    .text.draw_enhanced_variables_content  ui_drawing.o
    0x000098a0   0x000098a0   0x00000054   Code   RO         1705    .text.draw_menu     ui_drawing.o
    0x000098f4   0x000098f4   0x00000044   Code   RO          336    .text.encoder_application_init  encoder_user.o
    0x00009938   0x00009938   0x000000e4   Code   RO          334    .text.encoder_group1_irq_handler  encoder_user.o
    0x00009a1c   0x00009a1c   0x000000d4   Code   RO          313    .text.encoder_manager_init  encoder.o
    0x00009af0   0x00009af0   0x00000088   Code   RO          317    .text.encoder_manager_read_and_reset  encoder.o
    0x00009b78   0x00009b78   0x00000054   Code   RO          311    .text.encoder_update  encoder.o
    0x00009bcc   0x00009bcc   0x000000a0   Code   RO         1748    .text.enter_current  ui_logic.o
    0x00009c6c   0x00009c6c   0x00000338   Code   RO          542    .text.get_st_biases  inv_mpu.o
    0x00009fa4   0x00009fa4   0x0000000c   Code   RO          351    .text.gray_detection_init  gray_detection.o
    0x00009fb0   0x00009fb0   0x00000300   Code   RO          355    .text.gray_get_position  gray_detection.o
    0x0000a2b0   0x0000a2b0   0x00000038   Code   RO          353    .text.gray_read_byte  gray_detection.o
    0x0000a2e8   0x0000a2e8   0x0000008c   Code   RO         1532    .text.hc595_output_byte  _74hc595.o
    0x0000a374   0x0000a374   0x0000005c   Code   RO         1625    .text.hex_char_to_byte  cam_protocol.o
    0x0000a3d0   0x0000a3d0   0x00000094   Code   RO         1762    .text.init_menu_node  ui_logic.o
    0x0000a464   0x0000a464   0x00000010   Code   RO           93    .text.init_task_table  task21f_mission_table.o
    0x0000a474   0x0000a474   0x000000d4   Code   RO          562    .text.inv_orientation_matrix_to_scalar  inv_mpu.o
    0x0000a548   0x0000a548   0x00000038   Code   RO         1410    .text.led_set_color  rgb_led.o
    0x0000a580   0x0000a580   0x00000028   Code   RO         1551    .text.lwpkt_init    lwpkt.o
    0x0000a5a8   0x0000a5a8   0x00000060   Code   RO         1555    .text.lwpkt_process  lwpkt.o
    0x0000a608   0x0000a608   0x00000146   Code   RO         1553    .text.lwpkt_read    lwpkt.o
    0x0000a74e   0x0000a74e   0x0000000a   Code   RO         1561    .text.lwpkt_set_evt_fn  lwpkt.o
    0x0000a758   0x0000a758   0x000000e2   Code   RO         1559    .text.lwpkt_write   lwpkt.o
    0x0000a83a   0x0000a83a   0x00000024   Code   RO         1587    .text.lwrb_get_free  lwrb.o
    0x0000a85e   0x0000a85e   0x00000020   Code   RO         1593    .text.lwrb_get_full  lwrb.o
    0x0000a87e   0x0000a87e   0x0000001e   Code   RO         1571    .text.lwrb_init     lwrb.o
    0x0000a89c   0x0000a89c   0x00000082   Code   RO         1589    .text.lwrb_read     lwrb.o
    0x0000a91e   0x0000a91e   0x00000090   Code   RO         1583    .text.lwrb_write    lwrb.o
    0x0000a9ae   0x0000a9ae   0x00000002   PAD
    0x0000a9b0   0x0000a9b0   0x0000021c   Code   RO          134    .text.menu_init_and_create  task21f_ui_app.o
    0x0000abcc   0x0000abcc   0x00000210   Code   RO         1744    .text.modify_variable_value  ui_logic.o
    0x0000addc   0x0000addc   0x0000000c   Code   RO         1345    .text.motor_init    motor_user.o
    0x0000ade8   0x0000ade8   0x00000018   Code   RO         1347    .text.motor_set_pwms  motor_user.o
    0x0000ae00   0x0000ae00   0x00000010   Code   RO          656    .text.mpu6050_hardware_init  mpuiic.o
    0x0000ae10   0x0000ae10   0x000000a8   Code   RO          490    .text.mpu_configure_fifo  inv_mpu.o
    0x0000aeb8   0x0000aeb8   0x00000108   Code   RO          566    .text.mpu_dmp_init  inv_mpu.o
    0x0000afc0   0x0000afc0   0x00000030   Code   RO          512    .text.mpu_get_accel_fsr  inv_mpu.o
    0x0000aff0   0x0000aff0   0x0000003c   Code   RO          524    .text.mpu_get_accel_sens  inv_mpu.o
    0x0000b02c   0x0000b02c   0x000000e8   Code   RO          480    .text.mpu_init      inv_mpu.o
    0x0000b114   0x0000b114   0x00000130   Code   RO          548    .text.mpu_load_firmware  inv_mpu.o
    0x0000b244   0x0000b244   0x00000220   Code   RO          496    .text.mpu_lp_accel_mode  inv_mpu.o
    0x0000b464   0x0000b464   0x00000158   Code   RO          508    .text.mpu_reset_fifo  inv_mpu.o
    0x0000b5bc   0x0000b5bc   0x00000798   Code   RO          538    .text.mpu_run_self_test  inv_mpu.o
    0x0000bd54   0x0000bd54   0x00000068   Code   RO          484    .text.mpu_set_accel_fsr  inv_mpu.o
    0x0000bdbc   0x0000bdbc   0x000000f4   Code   RO          492    .text.mpu_set_bypass  inv_mpu.o
    0x0000beb0   0x0000beb0   0x000000d0   Code   RO          540    .text.mpu_set_dmp_state  inv_mpu.o
    0x0000bf80   0x0000bf80   0x00000070   Code   RO          486    .text.mpu_set_lpf   inv_mpu.o
    0x0000bff0   0x0000bff0   0x00000140   Code   RO          488    .text.mpu_set_sample_rate  inv_mpu.o
    0x0000c130   0x0000c130   0x000000d4   Code   RO          494    .text.mpu_set_sensors  inv_mpu.o
    0x0000c204   0x0000c204   0x0000006c   Code   RO          544    .text.mpu_write_mem  inv_mpu.o
    0x0000c270   0x0000c270   0x00000018   Code   RO          332    .text.mspm0_attach_interrupt  encoder_user.o
    0x0000c288   0x0000c288   0x0000000e   Code   RO          330    .text.mspm0_gpio_read  encoder_user.o
    0x0000c296   0x0000c296   0x00000002   PAD
    0x0000c298   0x0000c298   0x0000002c   Code   RO         1378    .text.music_player_start  beep.o
    0x0000c2c4   0x0000c2c4   0x00000018   Code   RO         1380    .text.music_player_stop  beep.o
    0x0000c2dc   0x0000c2dc   0x00000164   Code   RO         1384    .text.music_player_update  beep.o
    0x0000c440   0x0000c440   0x00000070   Code   RO         1770    .text.oled_menu_tick  ui_logic.o
    0x0000c4b0   0x0000c4b0   0x00000008   Code   RO           10    .text.on_command_data  task21f_cam_app.o
    0x0000c4b8   0x0000c4b8   0x00000008   Code   RO            8    .text.on_number_data  task21f_cam_app.o
    0x0000c4c0   0x0000c4c0   0x00000008   Code   RO            6    .text.on_track_data  task21f_cam_app.o
    0x0000c4c8   0x0000c4c8   0x00000038   Code   RO         1422    .text.play_alert_blocking  voice_light_alert.o
    0x0000c500   0x0000c500   0x00000028   Code   RO          138    .text.play_music_1_cb  task21f_ui_app.o
    0x0000c528   0x0000c528   0x00000028   Code   RO          140    .text.play_music_2_cb  task21f_ui_app.o
    0x0000c550   0x0000c550   0x00000030   Code   RO         1682    .text.read_button_GPIO  ui_button.o
    0x0000c580   0x0000c580   0x00000010   Code   RO          106    .text.reset_cam     task21f_ui_app.o
    0x0000c590   0x0000c590   0x000000e8   Code   RO          560    .text.run_self_test  inv_mpu.o
    0x0000c678   0x0000c678   0x00000074   Code   RO          136    .text.run_task01_cb  task21f_ui_app.o
    0x0000c6ec   0x0000c6ec   0x000000a8   Code   RO         1742    .text.select_next   ui_logic.o
    0x0000c794   0x0000c794   0x00000014   Code   RO          114    .text.send_number_cmd  task21f_ui_app.o
    0x0000c7a8   0x0000c7a8   0x00000014   Code   RO          112    .text.send_start_cmd  task21f_ui_app.o
    0x0000c7bc   0x0000c7bc   0x00000014   Code   RO          116    .text.send_track_cmd  task21f_ui_app.o
    0x0000c7d0   0x0000c7d0   0x0000000c   Code   RO         1426    .text.set_alert_count  voice_light_alert.o
    0x0000c7dc   0x0000c7dc   0x00000028   Code   RO            4    .text.setup_cam_protocol  task21f_cam_app.o
    0x0000c804   0x0000c804   0x0000008c   Code   RO         1730    .text.show_message  ui_logic.o
    0x0000c890   0x0000c890   0x00000028   Code   RO          278    .text.soft_iic_init  hal_soft_i2c.o
    0x0000c8b8   0x0000c8b8   0x00000230   Code   RO          256    .text.soft_iic_read_8bit_register  hal_soft_i2c.o
    0x0000cae8   0x0000cae8   0x00000254   Code   RO          258    .text.soft_iic_read_8bit_registers  hal_soft_i2c.o
    0x0000cd3c   0x0000cd3c   0x00000254   Code   RO          276    .text.soft_iic_read_continue  hal_soft_i2c.o
    0x0000cf90   0x0000cf90   0x0000023c   Code   RO          248    .text.soft_iic_read_data  hal_soft_i2c.o
    0x0000d1cc   0x0000d1cc   0x000001b0   Code   RO          228    .text.soft_iic_send_data  hal_soft_i2c.o
    0x0000d37c   0x0000d37c   0x000000b8   Code   RO          230    .text.soft_iic_stop  hal_soft_i2c.o
    0x0000d434   0x0000d434   0x00000378   Code   RO          274    .text.soft_iic_write_16bit_register_addr_only  hal_soft_i2c.o
    0x0000d7ac   0x0000d7ac   0x00000334   Code   RO          272    .text.soft_iic_write_16bit_register_with_data  hal_soft_i2c.o
    0x0000dae0   0x0000dae0   0x00000194   Code   RO          240    .text.soft_iic_write_8bit_registers  hal_soft_i2c.o
    0x0000dc74   0x0000dc74   0x000000dc   Code   RO           64    .text.speed_pid_init  task21f_car_pid_parameter.o
    0x0000dd50   0x0000dd50   0x00000048   Code   RO          288    .text.spi_read_write_byte  hal_spi.o
    0x0000dd98   0x0000dd98   0x0000008c   Code   RO           43    .text.spin_turn     task21f_car_controller.o
    0x0000de24   0x0000de24   0x00000044   Code   RO         1430    .text.start_alert   voice_light_alert.o
    0x0000de68   0x0000de68   0x0000001c   Code   RO          142    .text.stop_music_cb  task21f_ui_app.o
    0x0000de84   0x0000de84   0x000000a0   Code   RO          132    .text.task21f_path1  task21f_ui_app.o
    0x0000df24   0x0000df24   0x000000c4   Code   RO          130    .text.task21f_path2  task21f_ui_app.o
    0x0000dfe8   0x0000dfe8   0x00000080   Code   RO          128    .text.task21f_path3  task21f_ui_app.o
    0x0000e068   0x0000e068   0x00000010   Code   RO          126    .text.task25_path4  task21f_ui_app.o
    0x0000e078   0x0000e078   0x00000098   Code   RO         1332    .text.tb6612_disable_all_motor_impl  motor_tb6612.o
    0x0000e110   0x0000e110   0x00000068   Code   RO         1330    .text.tb6612_enable_all_motor_impl  motor_tb6612.o
    0x0000e178   0x0000e178   0x00000198   Code   RO         1334    .text.tb6612_set_pwms_impl  motor_tb6612.o
    0x0000e310   0x0000e310   0x00000016   Code   RO         2028    .text.u8g2_ClearBuffer  u8g2_buffer.o
    0x0000e326   0x0000e326   0x00000042   Code   RO         2012    .text.u8g2_DrawBox  u8g2_box.o
    0x0000e368   0x0000e368   0x000000a2   Code   RO         2060    .text.u8g2_DrawCircle  u8g2_circle.o
    0x0000e40a   0x0000e40a   0x000000a2   Code   RO         2062    .text.u8g2_DrawDisc  u8g2_circle.o
    0x0000e4ac   0x0000e4ac   0x00000086   Code   RO         2240    .text.u8g2_DrawHLine  u8g2_hvline.o
    0x0000e532   0x0000e532   0x00000112   Code   RO         2238    .text.u8g2_DrawHVLine  u8g2_hvline.o
    0x0000e644   0x0000e644   0x000000e8   Code   RO         2280    .text.u8g2_DrawLine  u8g2_line.o
    0x0000e72c   0x0000e72c   0x0000003a   Code   RO         2244    .text.u8g2_DrawPixel  u8g2_hvline.o
    0x0000e766   0x0000e766   0x00000164   Code   RO         2016    .text.u8g2_DrawRBox  u8g2_box.o
    0x0000e8ca   0x0000e8ca   0x000000f2   Code   RO         2018    .text.u8g2_DrawRFrame  u8g2_box.o
    0x0000e9bc   0x0000e9bc   0x0000000c   Code   RO         2159    .text.u8g2_DrawStr  u8g2_font.o
    0x0000e9c8   0x0000e9c8   0x00000086   Code   RO         2242    .text.u8g2_DrawVLine  u8g2_hvline.o
    0x0000ea4e   0x0000ea4e   0x0000011c   Code   RO         2151    .text.u8g2_GetGlyphWidth  u8g2_font.o
    0x0000eb6a   0x0000eb6a   0x00000002   PAD
    0x0000eb6c   0x0000eb6c   0x00000010   Code   RO         2211    .text.u8g2_GetStrWidth  u8g2_font.o
    0x0000eb7c   0x0000eb7c   0x00000038   Code   RO         1519    .text.u8g2_Init     oled_driver.o
    0x0000ebb4   0x0000ebb4   0x00000062   Code   RO         2258    .text.u8g2_IsIntersection  u8g2_intersection.o
    0x0000ec16   0x0000ec16   0x00000010   Code   RO         2030    .text.u8g2_SendBuffer  u8g2_buffer.o
    0x0000ec26   0x0000ec26   0x0000000c   Code   RO         2246    .text.u8g2_SetDrawColor  u8g2_hvline.o
    0x0000ec32   0x0000ec32   0x000000b6   Code   RO         2199    .text.u8g2_SetFont  u8g2_font.o
    0x0000ece8   0x0000ece8   0x0000000c   Code   RO         2185    .text.u8g2_SetFontPosBaseline  u8g2_font.o
    0x0000ecf4   0x0000ecf4   0x00000054   Code   RO         2332    .text.u8g2_SetupBuffer  u8g2_setup.o
    0x0000ed48   0x0000ed48   0x0000003c   Code   RO         2103    .text.u8g2_Setup_ssd1306_128x64_noname_f  u8g2_d_setup.o
    0x0000ed84   0x0000ed84   0x00000024   Code   RO         2137    .text.u8g2_add_vector_x  u8g2_font.o
    0x0000eda8   0x0000eda8   0x00000024   Code   RO         2135    .text.u8g2_add_vector_y  u8g2_font.o
    0x0000edcc   0x0000edcc   0x000000c6   Code   RO         2068    .text.u8g2_draw_circle_section  u8g2_circle.o
    0x0000ee92   0x0000ee92   0x000000e0   Code   RO         2070    .text.u8g2_draw_disc_section  u8g2_circle.o
    0x0000ef72   0x0000ef72   0x00000016   Code   RO         2236    .text.u8g2_draw_hv_line_2dir  u8g2_hvline.o
    0x0000ef88   0x0000ef88   0x00000010   Code   RO         2354    .text.u8g2_draw_l90_r0  u8g2_setup.o
    0x0000ef98   0x0000ef98   0x00000104   Code   RO         2161    .text.u8g2_draw_string  u8g2_font.o
    0x0000f09c   0x0000f09c   0x00000004   Code   RO         2183    .text.u8g2_font_calc_vref_font  u8g2_font.o
    0x0000f0a0   0x0000f0a0   0x0000049c   Code   RO         2143    .text.u8g2_font_decode_glyph  u8g2_font.o
    0x0000f53c   0x0000f53c   0x000000ec   Code   RO         2147    .text.u8g2_font_get_glyph_data  u8g2_font.o
    0x0000f628   0x0000f628   0x0000000e   Code   RO         2117    .text.u8g2_font_get_word  u8g2_font.o
    0x0000f636   0x0000f636   0x00000002   PAD
    0x0000f638   0x0000f638   0x00000048   Code   RO         1517    .text.u8g2_gpio_and_delay_mspm0  oled_driver.o
    0x0000f680   0x0000f680   0x00000242   Code   RO         2289    .text.u8g2_ll_hvline_vertical_top_lsb  u8g2_ll_hvline.o
    0x0000f8c2   0x0000f8c2   0x00000002   PAD
    0x0000f8c4   0x0000f8c4   0x0000000c   Code   RO         2093    .text.u8g2_m_16_8_f  u8g2_d_memory.o
    0x0000f8d0   0x0000f8d0   0x00000054   Code   RO         2032    .text.u8g2_send_buffer  u8g2_buffer.o
    0x0000f924   0x0000f924   0x000000ac   Code   RO         2213    .text.u8g2_string_width  u8g2_font.o
    0x0000f9d0   0x0000f9d0   0x00000034   Code   RO         2338    .text.u8g2_update_dimension_r0  u8g2_setup.o
    0x0000fa04   0x0000fa04   0x0000007e   Code   RO         2340    .text.u8g2_update_page_win_r0  u8g2_setup.o
    0x0000fa82   0x0000fa82   0x0000001e   Code   RO         2596    .text.u8x8_DrawTile  u8x8_display.o
    0x0000faa0   0x0000faa0   0x0000000e   Code   RO         2602    .text.u8x8_InitDisplay  u8x8_display.o
    0x0000faae   0x0000faae   0x0000000e   Code   RO         2610    .text.u8x8_RefreshDisplay  u8x8_display.o
    0x0000fabc   0x0000fabc   0x0000000e   Code   RO         2604    .text.u8x8_SetPowerSave  u8x8_display.o
    0x0000faca   0x0000faca   0x00000026   Code   RO         2643    .text.u8x8_Setup    u8x8_setup.o
    0x0000faf0   0x0000faf0   0x0000000e   Code   RO         2598    .text.u8x8_SetupMemory  u8x8_display.o
    0x0000fafe   0x0000fafe   0x00000002   PAD
    0x0000fb00   0x0000fb00   0x00000014   Code   RO         2397    .text.u8x8_ascii_next  u8x8_8x8.o
    0x0000fb14   0x0000fb14   0x00000098   Code   RO         1515    .text.u8x8_byte_3wire_hw_spi  oled_driver.o
    0x0000fbac   0x0000fbac   0x00000012   Code   RO         2435    .text.u8x8_byte_SendByte  u8x8_byte.o
    0x0000fbbe   0x0000fbbe   0x0000000e   Code   RO         2433    .text.u8x8_byte_SendBytes  u8x8_byte.o
    0x0000fbcc   0x0000fbcc   0x0000000e   Code   RO         2431    .text.u8x8_byte_SetDC  u8x8_byte.o
    0x0000fbda   0x0000fbda   0x00000002   PAD
    0x0000fbdc   0x0000fbdc   0x00000060   Code   RO         2499    .text.u8x8_cad_001  u8x8_cad.o
    0x0000fc3c   0x0000fc3c   0x0000000e   Code   RO         2483    .text.u8x8_cad_EndTransfer  u8x8_cad.o
    0x0000fc4a   0x0000fc4a   0x0000000e   Code   RO         2475    .text.u8x8_cad_SendArg  u8x8_cad.o
    0x0000fc58   0x0000fc58   0x0000000e   Code   RO         2473    .text.u8x8_cad_SendCmd  u8x8_cad.o
    0x0000fc66   0x0000fc66   0x0000000e   Code   RO         2479    .text.u8x8_cad_SendData  u8x8_cad.o
    0x0000fc74   0x0000fc74   0x0000006c   Code   RO         2489    .text.u8x8_cad_SendSequence  u8x8_cad.o
    0x0000fce0   0x0000fce0   0x0000000e   Code   RO         2481    .text.u8x8_cad_StartTransfer  u8x8_cad.o
    0x0000fcee   0x0000fcee   0x0000006a   Code   RO         2594    .text.u8x8_d_helper_display_init  u8x8_display.o
    0x0000fd58   0x0000fd58   0x0000000a   Code   RO         2592    .text.u8x8_d_helper_display_setup_memory  u8x8_display.o
    0x0000fd62   0x0000fd62   0x00000002   PAD
    0x0000fd64   0x0000fd64   0x0000004c   Code   RO         2555    .text.u8x8_d_ssd1306_128x64_noname  u8x8_d_ssd1306_128x64_noname.o
    0x0000fdb0   0x0000fdb0   0x000000e0   Code   RO         2557    .text.u8x8_d_ssd1306_sh1106_generic  u8x8_d_ssd1306_128x64_noname.o
    0x0000fe90   0x0000fe90   0x0000000a   Code   RO         2628    .text.u8x8_gpio_call  u8x8_gpio.o
    0x0000fe9a   0x0000fe9a   0x00000008   Code   RO         2395    .text.u8x8_utf8_init  u8x8_8x8.o
    0x0000fea2   0x0000fea2   0x00000002   PAD
    0x0000fea4   0x0000fea4   0x000000ec   Code   RO           25    .text.update_encoder  task21f_car_controller.o
    0x0000ff90   0x0000ff90   0x00000008   Code   RO         1850    .text.update_oled_debug_information  car_debug.o
    0x0000ff98   0x0000ff98   0x000000a0   Code   RO           27    .text.update_straight_control  task21f_car_controller.o
    0x00010038   0x00010038   0x00000048   Code   RO          300    .text.usart_printf  hal_uart.o
    0x00010080   0x00010080   0x0000001c   Code   RO          298    .text.usart_send_bytes  hal_uart.o
    0x0001009c   0x0001009c   0x000000c0   Code   RO         1680    .text.user_button_init  ui_button.o
    0x0001015c   0x0001015c   0x0000005c   Code   RO         2744    .text.vl53l1_test   vl53l1_test.o
    0x000101b8   0x000101b8   0x0000000c   Code   RO          110    .text.wait_cam_cmd  task21f_ui_app.o
    0x000101c4   0x000101c4   0x00000010   Code   RO          108    .text.wait_cam_num  task21f_ui_app.o
    0x000101d4   0x000101d4   0x00000144   Code   RO         1302    .text.wit_imu_process  wit_jyxx.o
    0x00010318   0x00010318   0x000001f6   Code   RO         3109    .text_divfast       c_p.l(aeabi_sdivfast.o)
    0x0001050e   0x0001050e   0x00000030   Code   RO         3406    i.__ARM_common_ll_muluu  c_p.l(btod.o)
    0x0001053e   0x0001053e   0x00000002   PAD
    0x00010540   0x00010540   0x0000002c   Code   RO         3339    i.__ARM_fpclassify  m_ps.l(fpclassify.o)
    0x0001056c   0x0001056c   0x00000016   Code   RO         3130    i._dgr              fz_ps.l(dcmp.o)
    0x00010582   0x00010582   0x00000016   Code   RO         3132    i._dls              fz_ps.l(dcmp.o)
    0x00010598   0x00010598   0x00000016   Code   RO         3169    i._feq              fz_ps.l(fcmp.o)
    0x000105ae   0x000105ae   0x00000016   Code   RO         3170    i._fgeq             fz_ps.l(fcmp.o)
    0x000105c4   0x000105c4   0x00000016   Code   RO         3171    i._fgr              fz_ps.l(fcmp.o)
    0x000105da   0x000105da   0x0000001a   Code   RO         3172    i._fleq             fz_ps.l(fcmp.o)
    0x000105f4   0x000105f4   0x00000016   Code   RO         3173    i._fls              fz_ps.l(fcmp.o)
    0x0001060a   0x0001060a   0x0000000e   Code   RO         3067    i._is_digit         c_p.l(__printf_wp.o)
    0x00010618   0x00010618   0x0000002c   Code   RO         3411    locale$$code        c_p.l(lc_numeric_c.o)
    0x00010644   0x00010644   0x0000002c   Code   RO         3427    locale$$code        c_p.l(lc_ctype_c.o)
    0x00010670   0x00010670   0x00000064   Code   RO         3299    x$fpl$dgeqf         fz_ps.l(dgef.o)
    0x000106d4   0x000106d4   0x00000064   Code   RO         3301    x$fpl$dleqf         fz_ps.l(dlef.o)
    0x00010738   0x00010738   0x0000008c   Code   RO         3157    x$fpl$fadd          fz_ps.l(faddsub.o)
    0x000107c4   0x000107c4   0x00000054   Code   RO         3307    x$fpl$feqf          fz_ps.l(feqf.o)
    0x00010818   0x00010818   0x00000054   Code   RO         3309    x$fpl$fgeqf         fz_ps.l(fgef.o)
    0x0001086c   0x0001086c   0x00000054   Code   RO         3311    x$fpl$fleqf         fz_ps.l(flef.o)
    0x000108c0   0x000108c0   0x000000b0   Code   RO         3196    x$fpl$fmul          fz_ps.l(fmul.o)
    0x00010970   0x00010970   0x000000d0   Code   RO         3159    x$fpl$fsub          fz_ps.l(faddsub.o)
    0x00010a40   0x00010a40   0x00000010   Code   RO         3198    x$fpl$printf1       fz_ps.l(printf1.o)
    0x00010a50   0x00010a50   0x00000010   Code   RO         3200    x$fpl$printf2       fz_ps.l(printf2.o)
    0x00010a60   0x00010a60   0x00000000   Code   RO         3319    x$fpl$usenofp       fz_ps.l(usenofp.o)
    0x00010a60   0x00010a60   0x00000008   Data   RO         3028    .constdata          c_p.l(_printf_wctomb.o)
    0x00010a68   0x00010a68   0x00000028   Data   RO         3055    .constdata          c_p.l(_printf_hex_int_ll_ptr.o)
    0x00010a90   0x00010a90   0x00000011   Data   RO         3075    .constdata          c_p.l(__printf_flags_ss_wp.o)
    0x00010aa1   0x00010aa1   0x00000040   Data   RO         3188    .constdata          fz_ps.l(fdiv.o)
    0x00010ae1   0x00010ae1   0x00000026   Data   RO         3266    .constdata          c_p.l(_printf_fp_hex.o)
    0x00010b07   0x00010b07   0x00000001   PAD
    0x00010b08   0x00010b08   0x00000094   Data   RO         3401    .constdata          c_p.l(bigflt0.o)
    0x00010b9c   0x00010b9c   0x00000003   Data   RO          778    .rodata..L__const.ComputeDevicePresetMode.LightModes  vl53l1_api.o
    0x00010b9f   0x00010b9f   0x00000003   Data   RO          780    .rodata..L__const.ComputeDevicePresetMode.LowPowerTimedModes  vl53l1_api.o
    0x00010ba2   0x00010ba2   0x00000003   Data   RO          779    .rodata..L__const.ComputeDevicePresetMode.TimedModes  vl53l1_api.o
    0x00010ba5   0x00010ba5   0x00000003   Data   RO          640    .rodata..L__const.dmp_set_orientation.accel_axes  inv_mpu_dmp_motion_driver.o
    0x00010ba8   0x00010ba8   0x00000003   Data   RO          639    .rodata..L__const.dmp_set_orientation.gyro_axes  inv_mpu_dmp_motion_driver.o
    0x00010bab   0x00010bab   0x00000001   PAD
    0x00010bac   0x00010bac   0x00000060   Data   RO          341    .rodata..L__const.encoder_application_init.encoder_configs  encoder_user.o
    0x00010c0c   0x00010c0c   0x00000038   Data   RO          321    .rodata..Lswitch.table.encoder_manager_read_and_reset  encoder.o
    0x00010c44   0x00010c44   0x0000004a   Data   RO         1387    .rodata.MusicalNote  beep.o
    0x00010c8e   0x00010c8e   0x00000018   Data   RO          573    .rodata.cst8        inv_mpu.o
    0x00010ca6   0x00010ca6   0x00000bf6   Data   RO          638    .rodata.dmp_memory  inv_mpu_dmp_motion_driver.o
    0x0001189c   0x0001189c   0x00000003   Data   RO          209    .rodata.gBEEP_PWMClockConfig  ti_msp_dl_config.o
    0x0001189f   0x0001189f   0x00000001   PAD
    0x000118a0   0x000118a0   0x00000008   Data   RO          210    .rodata.gBEEP_PWMConfig  ti_msp_dl_config.o
    0x000118a8   0x000118a8   0x00000003   Data   RO          205    .rodata.gMotor_PWM1ClockConfig  ti_msp_dl_config.o
    0x000118ab   0x000118ab   0x00000001   PAD
    0x000118ac   0x000118ac   0x00000008   Data   RO          206    .rodata.gMotor_PWM1Config  ti_msp_dl_config.o
    0x000118b4   0x000118b4   0x00000003   Data   RO          207    .rodata.gMotor_PWM2ClockConfig  ti_msp_dl_config.o
    0x000118b7   0x000118b7   0x00000001   PAD
    0x000118b8   0x000118b8   0x00000008   Data   RO          208    .rodata.gMotor_PWM2Config  ti_msp_dl_config.o
    0x000118c0   0x000118c0   0x00000002   Data   RO          215    .rodata.gSPI_0_clockConfig  ti_msp_dl_config.o
    0x000118c2   0x000118c2   0x0000000a   Data   RO          216    .rodata.gSPI_0_config  ti_msp_dl_config.o
    0x000118cc   0x000118cc   0x00000028   Data   RO          204    .rodata.gSYSPLLConfig  ti_msp_dl_config.o
    0x000118f4   0x000118f4   0x00000002   Data   RO          211    .rodata.gUART_0ClockConfig  ti_msp_dl_config.o
    0x000118f6   0x000118f6   0x0000000a   Data   RO          212    .rodata.gUART_0Config  ti_msp_dl_config.o
    0x00011900   0x00011900   0x00000002   Data   RO          213    .rodata.gUART_1ClockConfig  ti_msp_dl_config.o
    0x00011902   0x00011902   0x0000000a   Data   RO          214    .rodata.gUART_1Config  ti_msp_dl_config.o
    0x0001190c   0x0001190c   0x0000000c   Data   RO          571    .rodata.hw          inv_mpu.o
    0x00011918   0x00011918   0x000000d0   Data   RO          360    .rodata.lookup_table  gray_detection.o
    0x000119e8   0x000119e8   0x0000020d   Data   RO         1394    .rodata.music_example_1  beep.o
    0x00011bf5   0x00011bf5   0x000000f2   Data   RO         1395    .rodata.music_example_2  beep.o
    0x00011ce7   0x00011ce7   0x0000001b   Data   RO          570    .rodata.reg         inv_mpu.o
    0x00011d02   0x00011d02   0x00000014   Data   RO          156    .rodata.str1.1      task21f_ui_app.o
    0x00011d16   0x00011d16   0x0000002b   Data   RO         1721    .rodata.str1.1      ui_drawing.o
    0x00011d41   0x00011d41   0x00000008   Data   RO         1972    .rodata.str1.1      log.o
    0x00011d49   0x00011d49   0x00000003   PAD
    0x00011d4c   0x00011d4c   0x00000028   Data   RO          572    .rodata.test        inv_mpu.o
    0x00011d74   0x00011d74   0x0000000c   Data   RO         2368    .rodata.u8g2_cb_r0  u8g2_setup.o
    0x00011d80   0x00011d80   0x000002d3   Data   RO         2228    .rodata.u8g2_font_4x6_tr  u8g2_fonts.o
    0x00012053   0x00012053   0x0000034c   Data   RO         2229    .rodata.u8g2_font_5x8_tr  u8g2_fonts.o
    0x0001239f   0x0001239f   0x000003d3   Data   RO         2227    .rodata.u8g2_font_6x10_tr  u8g2_fonts.o
    0x00012772   0x00012772   0x00000007   Data   RO         2582    .rodata.u8x8_d_ssd1306_128x64_noname_flip0_seq  u8x8_d_ssd1306_128x64_noname.o
    0x00012779   0x00012779   0x00000007   Data   RO         2583    .rodata.u8x8_d_ssd1306_128x64_noname_flip1_seq  u8x8_d_ssd1306_128x64_noname.o
    0x00012780   0x00012780   0x00000035   Data   RO         2571    .rodata.u8x8_d_ssd1306_128x64_noname_init_seq  u8x8_d_ssd1306_128x64_noname.o
    0x000127b5   0x000127b5   0x00000005   Data   RO         2580    .rodata.u8x8_d_ssd1306_128x64_noname_powersave0_seq  u8x8_d_ssd1306_128x64_noname.o
    0x000127ba   0x000127ba   0x00000005   Data   RO         2581    .rodata.u8x8_d_ssd1306_128x64_noname_powersave1_seq  u8x8_d_ssd1306_128x64_noname.o
    0x000127bf   0x000127bf   0x00000001   PAD
    0x000127c0   0x000127c0   0x00000018   Data   RO         2572    .rodata.u8x8_ssd1306_128x64_noname_display_info  u8x8_d_ssd1306_128x64_noname.o
    0x000127d8   0x000127d8   0x00000020   Data   RO         3586    Region$$Table       anon$$obj.o
    0x000127f8   0x000127f8   0x0000001c   Data   RO         3410    locale$$data        c_p.l(lc_numeric_c.o)
    0x00012814   0x00012814   0x00000110   Data   RO         3426    locale$$data        c_p.l(lc_ctype_c.o)


    Execution Region RW_IRAM2 (Exec base: 0x20200000, Load base: 0x00012928, Size: 0x00005838, Max: 0x00008000, ABSOLUTE, COMPRESSED[0x00000100])

    Exec Addr    Load Addr    Size         Type   Attr      Idx    E Section Name        Object

    0x20200000   COMPRESSED   0x00000038   Data   RW          575    .data..L_MergedGlobals  inv_mpu.o
    0x20200038   COMPRESSED   0x00000020   Data   RW          777    .data.BDTable       vl53l1_api.o
    0x20200058   COMPRESSED   0x00000002   Data   RW         1438    .data.alert_time    voice_light_alert.o
    0x2020005a   COMPRESSED   0x00000004   Data   RW         1684    .data.button_ids    ui_button.o
    0x2020005e   COMPRESSED   0x00000002   PAD
    0x20200060   COMPRESSED   0x00000024   Data   RW           52    .data.car           task21f_car_controller.o
    0x20200084   COMPRESSED   0x00000058   Data   RW          157    .data.car_vars      task21f_ui_app.o
    0x202000dc   COMPRESSED   0x00000003   Data   RW         1436    .data.current_color  voice_light_alert.o
    0x202000df   COMPRESSED   0x00000001   Data   RW         1386    .data.current_volume  beep.o
    0x202000e0   COMPRESSED   0x00000001   Data   RW           53    .data.global_stop_mark_count  task21f_car_controller.o
    0x202000e1   COMPRESSED   0x00000003   PAD
    0x202000e4   COMPRESSED   0x00000020   Data   RW          359    .data.gw_i2c        gray_detection.o
    0x20200104   COMPRESSED   0x000000b0   Data   RW          154    .data.gyro_vars     task21f_ui_app.o
    0x202001b4   COMPRESSED   0x00000020   Data   RW          662    .data.mpui2c        mpuiic.o
    0x202001d4   COMPRESSED   0x00000004   Data   RW         1396    .data.music_example_1_size  beep.o
    0x202001d8   COMPRESSED   0x00000004   Data   RW         1397    .data.music_example_2_size  beep.o
    0x202001dc   COMPRESSED   0x00000018   Data   RW          339    .data.robot_encoder_manager  encoder_user.o
    0x202001f4   COMPRESSED   0x00000090   Data   RW           98    .data.task_table    task21f_mission_table.o
    0x20200284   COMPRESSED   0x00000068   Data   RW         1351    .data.tb6612_cfg    motor_user.o
    0x202002ec   COMPRESSED   0x0000000c   Data   RW         1336    .data.tb6612_interface  motor_tb6612.o
    0x202002f8   COMPRESSED   0x00000020   Data   RW         1285    .data.vl53l1_i2c_config  vl53l1_read.o
    0x20200318        -       0x00000060   Zero   RW         3366    .bss                c_p.l(libspace.o)
    0x20200378        -       0x00000008   Zero   RW          183    .bss..L_MergedGlobals  periodic_event_task.o
    0x20200380        -       0x00000058   Zero   RW          217    .bss..L_MergedGlobals  ti_msp_dl_config.o
    0x202003d8        -       0x00000008   Zero   RW          362    .bss..L_MergedGlobals  gray_detection.o
    0x202003e0        -       0x00000010   Zero   RW          647    .bss..L_MergedGlobals  inv_mpu_dmp_motion_driver.o
    0x202003f0        -       0x00000034   Zero   RW         1306    .bss..L_MergedGlobals.2  wit_jyxx.o
    0x20200424        -       0x00000001   Zero   RW         1938    .bss.PID_IncrementCalculate.first_run  pid.o
    0x20200425        -       0x00000100   Zero   RW         1264    .bss._I2CBuffer     vl53l1_platform.o
    0x20200525        -       0x00000001   Zero   RW         1437    .bss.alert_count    voice_light_alert.o
    0x20200526        -       0x00000001   Zero   RW         1439    .bss.alert_enable   voice_light_alert.o
    0x20200527   COMPRESSED   0x00000001   PAD
    0x20200528        -       0x00000064   Zero   RW           79    .bss.anglePid       task21f_car_pid_parameter.o
    0x2020058c        -       0x00000001   Zero   RW         1472    .bss.bluetooth_data_ready  bluetooth.o
    0x2020058d   COMPRESSED   0x00000003   PAD
    0x20200590        -       0x00000120   Zero   RW         1471    .bss.bluetooth_pkt  bluetooth.o
    0x202006b0        -       0x00000018   Zero   RW         1467    .bss.bt_rx_rb       bluetooth.o
    0x202006c8        -       0x00000018   Zero   RW         1469    .bss.bt_tx_rb       bluetooth.o
    0x202006e0        -       0x00000004   Zero   RW         1777    .bss.btn_long_press_cb.last_trigger_time  ui_logic.o
    0x202006e4   COMPRESSED   0x00000004   PAD
    0x202006e8        -       0x00000100   Zero   RW          302    .bss.buffer         hal_uart.o
    0x202007e8        -       0x00000100   Zero   RW         1971    .bss.buffer         log.o
    0x202008e8        -       0x000000b0   Zero   RW         1685    .bss.buttons        ui_button.o
    0x20200998        -       0x00000001   Zero   RW         1504    .bss.camera_data_ready  maix_cam.o
    0x20200999   COMPRESSED   0x00000003   PAD
    0x2020099c        -       0x00000120   Zero   RW         1503    .bss.camera_pkt     maix_cam.o
    0x20200abc        -       0x00000100   Zero   RW         1500    .bss.camera_rx_buffer  maix_cam.o
    0x20200bbc        -       0x00000018   Zero   RW         1499    .bss.camera_rx_rb   maix_cam.o
    0x20200bd4        -       0x00000080   Zero   RW         1502    .bss.camera_tx_buffer  maix_cam.o
    0x20200c54        -       0x00000018   Zero   RW         1501    .bss.camera_tx_rb   maix_cam.o
    0x20200c6c        -       0x00000001   Zero   RW           54    .bss.car_move_until.stop_mark_count  task21f_car_controller.o
    0x20200c6d        -       0x00000001   Zero   RW           55    .bss.car_move_until.white_count  task21f_car_controller.o
    0x20200c6e   COMPRESSED   0x00000002   PAD
    0x20200c70        -       0x00000004   Zero   RW         1639    .bss.command_callback  cam_protocol.o
    0x20200c74        -       0x00000001   Zero   RW         1440    .bss.completed_cycles  voice_light_alert.o
    0x20200c75   COMPRESSED   0x00000003   PAD
    0x20200c78        -       0x00000004   Zero   RW         1773    .bss.current_menu   ui_logic.o
    0x20200c7c        -       0x00000001   Zero   RW         1441    .bss.current_state  voice_light_alert.o
    0x20200c7d   COMPRESSED   0x00000003   PAD
    0x20200c80        -       0x00000002   Zero   RW          641    .bss.dmp.2          inv_mpu_dmp_motion_driver.o
    0x20200c82   COMPRESSED   0x00000002   PAD
    0x20200c84        -       0x00000002   Zero   RW          642    .bss.dmp.4          inv_mpu_dmp_motion_driver.o
    0x20200c86   COMPRESSED   0x00000002   PAD
    0x20200c88        -       0x00000040   Zero   RW           51    .bss.encoder        task21f_car_controller.o
    0x20200cc8        -       0x000000a0   Zero   RW          203    .bss.gBEEP_PWMBackup  ti_msp_dl_config.o
    0x20200d68        -       0x000000bc   Zero   RW          202    .bss.gMotor_PWM1Backup  ti_msp_dl_config.o
    0x20200e24        -       0x00000004   Zero   RW         1388    .bss.g_music_player.0  beep.o
    0x20200e28        -       0x00000002   Zero   RW         1389    .bss.g_music_player.1  beep.o
    0x20200e2a   COMPRESSED   0x00000002   PAD
    0x20200e2c        -       0x00000002   Zero   RW         1390    .bss.g_music_player.2  beep.o
    0x20200e2e   COMPRESSED   0x00000002   PAD
    0x20200e30        -       0x00000004   Zero   RW         1391    .bss.g_music_player.3  beep.o
    0x20200e34        -       0x00000004   Zero   RW         1392    .bss.g_music_player.4  beep.o
    0x20200e38        -       0x00000001   Zero   RW         1393    .bss.g_music_player.5  beep.o
    0x20200e39   COMPRESSED   0x00000003   PAD
    0x20200e3c        -       0x00000004   Zero   RW         1263    .bss.g_vl53l1_i2c   vl53l1_platform.o
    0x20200e40        -       0x00000004   Zero   RW         1671    .bss.head_handle    multi_button.o
    0x20200e44        -       0x000003fc   Zero   RW          340    .bss.interrupt_iidx_to_encoder_instance  encoder_user.o
    0x20201240        -       0x00000004   Zero   RW         1442    .bss.last_tick_time  voice_light_alert.o
    0x20201244        -       0x00000003   Zero   RW           12    .bss.maix_cam       task21f_cam_app.o
    0x20201247   COMPRESSED   0x00000001   PAD
    0x20201248        -       0x00000040   Zero   RW          148    .bss.menu_init_and_create.PlayMusic  task21f_ui_app.o
    0x20201288        -       0x00000040   Zero   RW          147    .bss.menu_init_and_create._25_task1  task21f_ui_app.o
    0x202012c8        -       0x00000040   Zero   RW          155    .bss.menu_init_and_create.car_status_view  task21f_ui_app.o
    0x20201308        -       0x00000040   Zero   RW          153    .bss.menu_init_and_create.gyro_status_view  task21f_ui_app.o
    0x20201348        -       0x00000040   Zero   RW          145    .bss.menu_init_and_create.main_menu  task21f_ui_app.o
    0x20201388        -       0x00000040   Zero   RW          149    .bss.menu_init_and_create.music1  task21f_ui_app.o
    0x202013c8        -       0x00000040   Zero   RW          150    .bss.menu_init_and_create.music2  task21f_ui_app.o
    0x20201408        -       0x00000040   Zero   RW          152    .bss.menu_init_and_create.status_menu  task21f_ui_app.o
    0x20201448        -       0x00000040   Zero   RW          151    .bss.menu_init_and_create.stop_music  task21f_ui_app.o
    0x20201488        -       0x00000040   Zero   RW          146    .bss.menu_init_and_create.tasks1_menu  task21f_ui_app.o
    0x202014c8        -       0x00000001   Zero   RW         1775    .bss.menu_update_pending  ui_logic.o
    0x202014c9   COMPRESSED   0x00000003   PAD
    0x202014cc        -       0x00000064   Zero   RW           77    .bss.mileagePid     task21f_car_pid_parameter.o
    0x20201530        -       0x00000041   Zero   RW         1772    .bss.msg_state      ui_logic.o
    0x20201571   COMPRESSED   0x00000003   PAD
    0x20201574        -       0x00000004   Zero   RW         1638    .bss.number_callback  cam_protocol.o
    0x20201578        -       0x00000004   Zero   RW           95    .bss.pitch          task21f_mission_table.o
    0x2020157c        -       0x000000a0   Zero   RW          338    .bss.robot_encoders  encoder_user.o
    0x2020161c        -       0x00000004   Zero   RW           96    .bss.roll           task21f_mission_table.o
    0x20201620        -       0x000003a0   Zero   RW         1284    .bss.sensor         vl53l1_read.o
    0x202019c0        -       0x00000264   Zero   RW         1897    .bss.sm             car_state_machine.o
    0x20201c24        -       0x00000190   Zero   RW           76    .bss.speedPid       task21f_car_pid_parameter.o
    0x20201db4        -       0x00000064   Zero   RW           78    .bss.straightPid    task21f_car_pid_parameter.o
    0x20201e18        -       0x00000004   Zero   RW          193    .bss.system_ms_count  systick.o
    0x20201e1c        -       0x00000001   Zero   RW          144    .bss.task_running_flag  task21f_ui_app.o
    0x20201e1d   COMPRESSED   0x00000003   PAD
    0x20201e20        -       0x00000064   Zero   RW           80    .bss.trackPid       task21f_car_pid_parameter.o
    0x20201e84        -       0x00000004   Zero   RW         1637    .bss.track_callback  cam_protocol.o
    0x20201e88        -       0x00000094   Zero   RW         1521    .bss.u8g2           oled_driver.o
    0x20201f1c        -       0x00000400   Zero   RW         2095    .bss.u8g2_m_16_8_f.buf  u8g2_d_memory.o
    0x2020231c        -       0x00000004   Zero   RW         1774    .bss.ui_current_time  ui_logic.o
    0x20202320        -       0x00000004   Zero   RW         1776    .bss.view_var_last_time  ui_logic.o
    0x20202324        -       0x0000000c   Zero   RW         1283    .bss.vl53_ctx       vl53l1_read.o
    0x20202330        -       0x00000002   Zero   RW         2746    .bss.vl53l1_test.distance  vl53l1_test.o
    0x20202332   COMPRESSED   0x00000002   PAD
    0x20202334        -       0x00000004   Zero   RW           97    .bss.yaw            task21f_mission_table.o
    0x20202338        -       0x00003000   Zero   RW         2761    HEAP                startup_mspm0g350x_uvision.o
    0x20205338        -       0x00000500   Zero   RW         2760    STACK               startup_mspm0g350x_uvision.o



  Load Region LR_BCR (Base: 0x41c00000, Size: 0x00000000, Max: 0x00000100, ABSOLUTE)

    Execution Region BCR_CONFIG (Exec base: 0x41c00000, Load base: 0x41c00000, Size: 0x00000000, Max: 0x000000ff, ABSOLUTE)

    **** No section assigned to this execution region ****



  Load Region LR_BSL (Base: 0x41c00100, Size: 0x00000000, Max: 0x00000100, ABSOLUTE)

    Execution Region BSL_CONFIG (Exec base: 0x41c00100, Load base: 0x41c00100, Size: 0x00000000, Max: 0x00000080, ABSOLUTE)

    **** No section assigned to this execution region ****


==============================================================================

Image component sizes


      Code (inc. data)   RO Data    RW Data    ZI Data      Debug   Object Name

       140          4          0          0          0       5170   _74hc595.o
       544         88        841          9         17      13005   beep.o
       180         24          0          0        337       9134   bluetooth.o
       378         12          0          0         12       4007   cam_protocol.o
        12          0          0          0          0        698   car_debug.o
       688         48          0          0        612       5853   car_state_machine.o
        70          4          0          0          0       1224   delay.o
       432         12         56          0          0       4733   encoder.o
       334         32         96         24       1180       8796   encoder_user.o
       836        496        208         32          8       7329   gray_detection.o
      5092        112          0          0          0      55051   hal_soft_i2c.o
        72          8          0          0          0       3035   hal_spi.o
       100          4          0          0        256       3742   hal_uart.o
      6484        256        103         56          0      32677   inv_mpu.o
      1832        124       3068          0         20      12761   inv_mpu_dmp_motion_driver.o
       144         40          8          0        256       4299   log.o
       698         20          0          0          0       6590   lwpkt.o
       372          0          0          0          0      13098   lwrb.o
       164         48          0          0          0       1138   main.o
       324         40          0          0        721       9629   maix_cam.o
       664          4          0         12          0       7190   motor_tb6612.o
        36          8          0        104          0       3918   motor_user.o
        60          8          0         32          0       4406   mpuiic.o
        68         12          0          0          0       4816   mspm0g3507_it.o
       676         10          0          0          4       4255   multi_button.o
       280         42          0          0        148      10387   oled_driver.o
       584         20          0          0          8       3617   periodic_event_task.o
      1104         20          0          0          1       6783   pid.o
        56          4          0          0          0       4631   rgb_led.o
        48         22        192          0      13568        812   startup_mspm0g350x_uvision.o
       136         36          0          0          4       3348   systick.o
        72         12          0          0          3       1946   task21f_cam_app.o
      1344        152          0         37         66       7855   task21f_car_controller.o
       436         72          0          0        800       2811   task21f_car_pid_parameter.o
        24          4          0        144         12       1692   task21f_mission_table.o
      1368        408         20        264        641       7893   task21f_ui_app.o
      1416        316        109          0        436      32229   ti_msp_dl_config.o
       664          0          0          0          0       8088   u8g2_box.o
       122          4          0          0          0       8266   u8g2_buffer.o
       746          0          0          0          0      13119   u8g2_circle.o
        12          4          0          0       1024        850   u8g2_d_memory.o
        60         12          0          0          0       5256   u8g2_d_setup.o
      2444         24          0          0          0      51580   u8g2_font.o
         0          0       2546          0          0        799   u8g2_fonts.o
       634          0          0          0          0       9112   u8g2_hvline.o
        98          0          0          0          0       5361   u8g2_intersection.o
       232          4          0          0          0       5640   u8g2_line.o
       578          0          0          0          0       9014   u8g2_ll_hvline.o
       278          4         12          0          0      13815   u8g2_setup.o
        28          4          0          0          0      14578   u8x8_8x8.o
        46          0          0          0          0      13315   u8x8_byte.o
       274          6          0          0          0      21585   u8x8_cad.o
       300         30        101          0          0       7602   u8x8_d_ssd1306_128x64_noname.o
       202          0          0          0          0       5304   u8x8_display.o
        10          0          0          0          0       2376   u8x8_gpio.o
        38          0          0          0          0       3482   u8x8_setup.o
       240         32          0          4        176       5140   ui_button.o
      3376        272         43          0          0      13209   ui_drawing.o
      1800        106          0          0         82      13013   ui_logic.o
      1958        124          9         32          0      64105   vl53l1_api.o
      3022        298          0          0          0      58264   vl53l1_api_core.o
      3700        356          0          0          0      23652   vl53l1_api_preset_modes.o
      2330         30          0          0          0      61436   vl53l1_core.o
        60          0          0          0          0       1624   vl53l1_core_support.o
       344         16          0          0        260      32621   vl53l1_platform.o
       396         24          0         32        940      24713   vl53l1_read.o
      2436         24          0          0          0      35262   vl53l1_register_funcs.o
        92         44          0          0          2        821   vl53l1_test.o
        40          0          0          0          0      28688   vl53l1_wait.o
       268         52          0          5          8       2293   voice_light_alert.o
       324         12          0          0         52       7346   wit_jyxx.o

    ----------------------------------------------------------------------
     54460       4004       7452        792      21696     881887   Object Totals
         0          0         32          0          0          0   (incl. Generated)
        40          0          8          5         42          0   (incl. Padding)

    ----------------------------------------------------------------------

      Code (inc. data)   RO Data    RW Data    ZI Data      Debug   Library Member Name

        64          4          0          0          0         84   __2snprintf.o
        86          0          0          0          0          0   __dczerorl2.o
         8          0          0          0          0         68   __main.o
       392          6         17          0          0         76   __printf_flags_ss_wp.o
        14          0          0          0          0         60   __printf_wp.o
         0          0          0          0          0          0   __rtentry.o
        12          0          0          0          0          0   __rtentry2.o
         6          0          0          0          0          0   __rtentry4.o
        86         10          0          0          0          0   __scatter.o
        28          0          0          0          0          0   __scatter_zi.o
        66          0          0          0          0         76   _c16rtomb.o
        30          0          0          0          0         60   _chval.o
        10          0          0          0          0          0   _printf_a.o
        10          0          0          0          0          0   _printf_c.o
        46          0          0          0          0        100   _printf_char.o
        48          6          0          0          0         88   _printf_char_common.o
        38          0          0          0          0         60   _printf_charcount.o
        10          0          0          0          0          0   _printf_d.o
       108         18          0          0          0         76   _printf_dec.o
        10          0          0          0          0          0   _printf_e.o
        10          0          0          0          0          0   _printf_f.o
      1044         12          0          0          0        116   _printf_fp_dec.o
       728         10         38          0          0         84   _printf_fp_hex.o
       136         16          0          0          0         76   _printf_fp_infnan.o
        10          0          0          0          0          0   _printf_g.o
       152          4         40          0          0        148   _printf_hex_int_ll_ptr.o
        10          0          0          0          0          0   _printf_i.o
       176          0          0          0          0         84   _printf_intcommon.o
        10          0          0          0          0          0   _printf_l.o
        10          0          0          0          0          0   _printf_lc.o
        10          0          0          0          0          0   _printf_ll.o
        10          0          0          0          0          0   _printf_lld.o
        10          0          0          0          0          0   _printf_lli.o
        10          0          0          0          0          0   _printf_llo.o
        10          0          0          0          0          0   _printf_llu.o
        10          0          0          0          0          0   _printf_llx.o
       112         18          0          0          0         76   _printf_longlong_dec.o
        10          0          0          0          0          0   _printf_ls.o
        10          0          0          0          0          0   _printf_n.o
        10          0          0          0          0          0   _printf_o.o
       112         10          0          0          0        112   _printf_oct_int_ll.o
        10          0          0          0          0          0   _printf_p.o
        78          0          0          0          0        100   _printf_pad.o
         2          0          0          0          0          0   _printf_percent.o
         4          0          0          0          0          0   _printf_percent_end.o
        10          0          0          0          0          0   _printf_s.o
        82          0          0          0          0         72   _printf_str.o
        36          0          0          0          0         76   _printf_truncate.o
        10          0          0          0          0          0   _printf_u.o
        46          0          0          0          0        100   _printf_wchar.o
       188          6          8          0          0         80   _printf_wctomb.o
        10          0          0          0          0          0   _printf_x.o
        16          0          0          0          0         60   _snputc.o
       166          0          0          0          0         84   _strtoul.o
      1006          4          0          0          0        184   aeabi_sdivfast.o
        26          0          0          0          0         72   atoi.o
       216          6        148          0          0         80   bigflt0.o
      1456         30          0          0          0        336   btod.o
        16          0          0          0          0         68   exit.o
         6          0          0          0          0        136   heapauxi.o
         0          0          0          0          0          0   indicate_semi.o
        44         10        272          0          0         76   lc_ctype_c.o
        44         10         28          0          0         76   lc_numeric_c.o
         2          0          0          0          0          0   libinit.o
        30          0          0          0          0          0   libinit2.o
         2          0          0          0          0          0   libshutdown.o
         2          0          0          0          0          0   libshutdown2.o
         8          4          0          0         96         68   libspace.o
        48          0          0          0          0         72   llmul.o
       166          0          0          0          0         72   llsdiv.o
       272          0          0          0          0         88   lludiv.o
       122          0          0          0          0         72   lludiv10.o
        90          0          0          0          0         68   memcmp.o
        16          4          0          0          0         76   rt_ctype_table.o
         8          4          0          0          0         68   rt_errno_addr_intlibspace.o
         8          4          0          0          0         68   rt_locale_intlibspace.o
        64          0          0          0          0        108   rt_memclr.o
       186          0          0          0          0        144   rt_memcpy.o
         2          0          0          0          0          0   rtexit.o
        10          0          0          0          0          0   rtexit2.o
        40          0          0          0          0         60   rtudiv10.o
       176          4          0          0          0         80   strcmpv6m.o
        68          6          0          0          0         72   strlen.o
        36          0          0          0          0         68   strncat.o
       108          4          0          0          0         76   strncpy.o
       112          4          0          0          0         76   strtol.o
        12          4          0          0          0         60   sys_exit.o
        62          0          0          0          0         80   sys_stackheap_outer.o
         2          0          0          0          0         68   use_no_semi.o
        60          4          0          0          0         72   vsnprintf.o
        10          0          0          0          0        803   dl_common.o
       262          8          0          0          0      13517   dl_spi.o
       236         24          0          0          0      12876   dl_sysctl_mspm0g1x0x_g3x0x.o
      1368         56          0          0          0      41556   dl_timer.o
       310         20          0          0          0      14163   dl_uart.o
        46          0          0          0          0         60   cmpret.o
        44          0          0          0          0        136   dcmp.o
       160          6          0          0          0         76   dcmpin.o
        72          4          0          0          0         68   dfixui.o
        88          0          0          0          0         92   dflti.o
       100          4          0          0          0         92   dgef.o
       100          4          0          0          0         92   dlef.o
        20          6          0          0          0         68   dnan2.o
        84          4          0          0          0         60   f2d.o
       348          8          0          0          0        160   faddsub.o
       114          0          0          0          0        340   fcmp.o
       100          4          0          0          0         68   fcmpin.o
       352         10         64          0          0         92   fdiv.o
        84          4          0          0          0         76   feqf.o
        76          0          0          0          0         68   ffixi.o
        48          0          0          0          0         60   ffixui.o
        94          0          0          0          0         92   fflti.o
        84          4          0          0          0         76   fgef.o
        84          4          0          0          0         76   flef.o
       176          4          0          0          0         80   fmul.o
        16          6          0          0          0         68   fnan2.o
        16          4          0          0          0         76   printf1.o
        16          4          0          0          0         76   printf2.o
        94          0          0          0          0         68   retnan.o
         0          0          0          0          0          0   usenofp.o
        44          4          0          0          0         60   fpclassify.o

    ----------------------------------------------------------------------
     13540        418        616          0         96      89855   Library Totals
        38          4          1          0          0          0   (incl. Padding)

    ----------------------------------------------------------------------

      Code (inc. data)   RO Data    RW Data    ZI Data      Debug   Library Name

      8856        222        551          0         96       4660   c_p.l
      2186        108          0          0          0      82915   driverlib.a
      2416         80         64          0          0       2220   fz_ps.l
        44          4          0          0          0         60   m_ps.l

    ----------------------------------------------------------------------
     13540        418        616          0         96      89855   Library Totals

    ----------------------------------------------------------------------

==============================================================================


      Code (inc. data)   RO Data    RW Data    ZI Data      Debug   

     68000       4422       8068        792      21792     966590   Grand Totals
     68000       4422       8068        256      21792     966590   ELF Image Totals (compressed)
     68000       4422       8068        256          0          0   ROM Totals

==============================================================================

    Total RO  Size (Code + RO Data)                76068 (  74.29kB)
    Total RW  Size (RW Data + ZI Data)             22584 (  22.05kB)
    Total ROM Size (Code + RO Data + RW Data)      76324 (  74.54kB)

==============================================================================

