<html>
<body>
<pre>
<h1>µVision Build Log</h1>
<h2>Tool Versions:</h2>
IDE-Version: ¦ÌVision V5.42.0.0
Copyright (C) 2025 ARM Ltd and ARM Germany GmbH. All rights reserved.
License Information: JamieK K, JamieK, LIC=47GU5-G34DS-RAPDM-XJEQZ-BGK94-N37SX
 
Tool Versions:
Toolchain:       MDK-ARM Plus  Version: 5.42.0.0
Toolchain Path:  C:\Users\kjmsd\AppData\Local\Keil_v5\ARM\ARMCLANG\Bin
C Compiler:      ArmClang.exe V6.23
Assembler:       Armasm.exe V6.23
Linker/Locator:  ArmLink.exe V6.23
Library Manager: ArmAr.exe V6.23
Hex Converter:   FromElf.exe V6.23
CPU DLL:         SARMCM3.DLL V5.42.0.0
Dialog DLL:      DARMCM1.DLL V1.19.6.0
Target DLL:      STLink\ST-LINKIII-KEIL_SWO.dll V3.3.0.0
Dialog DLL:      TARMCM1.DLL V1.14.6.0
 
<h2>Project:</h2>
C:\Users\kjmsd\Documents\GitHub\ti-contest\2024-H\2024-h-Code\mspm0g3507\project\Keil\EmbedBolt316.uvprojx
Project File Date:  07/22/2025

<h2>Output:</h2>
*** Using Compiler 'V6.23', folder: 'C:\Users\kjmsd\AppData\Local\Keil_v5\ARM\ARMCLANG\Bin'
Rebuild target 'EmbedBolt316'
compiling task22c_ui_app.c...
compiling task22c_car_controller.c...
compiling task22c_bluetooth_app.c...
compiling task22c_car_pid_parameter.c...
compiling task22c_mission_table.c...
compiling task24h_car_pid_parameter.c...
compiling mspm0g3507_it.c...
compiling task24h_mission_table.c...
compiling systick.c...
compiling hal_spi.c...
compiling task24h_ui_app.c...
compiling ti_msp_dl_config.c...
compiling task24h_car_controller.c...
compiling main.c...
compiling hal_adc.c...
compiling hal_uart.c...
compiling periodic_event_task.c...
compiling hal_soft_i2c.c...
compiling encoder.c...
compiling encoder_user.c...
compiling gray_detection.c...
compiling ganv_calibration.c...
compiling no_mcu_ganv.c...
compiling mpuiic.c...
compiling vl53l1_error_strings.c...
compiling wit_jyxx.c...
compiling vl53l1_api_debug.c...
compiling inv_mpu_dmp_motion_driver.c...
compiling vl53l1_api_strings.c...
compiling vl53l1_core_support.c...
compiling vl53l1_api_calibration.c...
compiling vl53l1_silicon_core.c...
compiling vl53l1_api_core.c...
compiling vl53l1_wait.c...
compiling vl53l1_register_funcs.c...
compiling vl53l1_api.c...
compiling inv_mpu.c...
compiling vl53l1_read.c...
compiling vl53l1_platform.c...
compiling vl53l1_core.c...
compiling motor_user.c...
compiling vl53l1_api_preset_modes.c...
compiling rgb_led.c...
compiling motor_tb6612.c...
compiling motor_l298n.c...
compiling beep.c...
compiling lwpkt.c...
compiling voice_light_alert.c...
compiling bluetooth.c...
compiling multi_button.c...
compiling lwrb.c...
compiling oled_driver.c...
compiling _74hc595.c...
compiling pca9555.c...
compiling serialplot_protocol.c...
compiling ui_button.c...
compiling car_debug.c...
compiling pid.c...
compiling car_state_machine.c...
compiling u8g2_arc.c...
compiling ui_animation.c...
compiling u8g2_box.c...
compiling u8g2_buffer.c...
compiling u8g2_bitmap.c...
compiling ui_logic.c...
compiling u8g2_cleardisplay.c...
compiling delay.c...
compiling u8g2_circle.c...
compiling log.c...
compiling ui_drawing.c...
compiling u8g2_d_memory.c...
compiling u8g2_d_setup.c...
compiling u8g2_fonts.c...
compiling u8g2_intersection.c...
compiling u8g2_hvline.c...
compiling u8g2_kerning.c...
compiling u8g2_line.c...
compiling u8g2_polygon.c...
compiling u8g2_ll_hvline.c...
compiling u8x8_gpio.c...
compiling u8g2_setup.c...
compiling u8x8_capture.c...
compiling u8x8_display.c...
compiling u8x8_8x8.c...
compiling u8x8_d_ssd1306_128x64_noname.c...
compiling u8x8_setup.c...
compiling u8x8_byte.c...
compiling u8x8_u8toa.c...
compiling u8x8_u16toa.c...
compiling u8x8_string.c...
compiling u8x8_cad.c...
compiling u8g2_font.c...
assembling startup_mspm0g350x_uvision.s...
compiling motor_test.c...
compiling bluetooth_test.c...
compiling gray_detection_test.c...
compiling wit_jyxx_test.c...
compiling mpu6050_dmp_test.c...
compiling vl53l1_test.c...
compiling no_mcu_ganv_test.c...
linking...
Program Size: Code=62640 RO-data=11044 RW-data=716 ZI-data=20188  
FromELF: creating hex file...
".\Objects\EmbedBolt316.axf" - 0 Error(s), 0 Warning(s).

<h2>Software Packages used:</h2>

Package Vendor: TexasInstruments
                http://software-dl.ti.com/msp430/esd/MSPM0-CMSIS/MSPM0G/latest/exports/TexasInstruments.MSPM0G_DFP.1.2.1.pack
                TexasInstruments::MSPM0G_DFP@1.2.1
                Device Family Pack for Texas Instruments MSPM0G Series

<h2>Collection of Component include folders:</h2>

<h2>Collection of Component Files used:</h2>
Build Time Elapsed:  00:00:03
</pre>
</body>
</html>
